******************************************************************************
                  MSP430 Linker PC v16.9.6                     
******************************************************************************
>> Linked Sat Mar 17 09:21:51 2018

OUTPUT FILE NAME:   <MSP430-LCD.out>
ENTRY POINT SYMBOL: "_c_int00_noargs_noexit"  address: 0000499a


MEMORY CONFIGURATION

         name            origin    length      used     unused   attr    fill
----------------------  --------  ---------  --------  --------  ----  --------
  SFR                   00000000   00000010  00000000  00000010  RWIX
  PERIPHERALS_8BIT      00000010   000000f0  00000000  000000f0  RWIX
  PERIPHERALS_16BIT     00000100   00000100  00000000  00000100  RWIX
  INFOB                 00001000   00000080  00000000  00000080  RWIX
  INFOA                 00001080   00000080  00000000  00000080  RWIX
  RAM                   00001100   00002800  000000cf  00002731  RWIX
  FLASH                 00004000   0000bfe0  00000b80  0000b460  RWIX
  INT00                 0000ffe0   00000002  00000002  00000000  RWIX
  INT01                 0000ffe2   00000002  00000002  00000000  RWIX
  INT02                 0000ffe4   00000002  00000002  00000000  RWIX
  INT03                 0000ffe6   00000002  00000002  00000000  RWIX
  INT04                 0000ffe8   00000002  00000002  00000000  RWIX
  INT05                 0000ffea   00000002  00000002  00000000  RWIX
  INT06                 0000ffec   00000002  00000002  00000000  RWIX
  INT07                 0000ffee   00000002  00000002  00000000  RWIX
  INT08                 0000fff0   00000002  00000002  00000000  RWIX
  INT09                 0000fff2   00000002  00000002  00000000  RWIX
  INT10                 0000fff4   00000002  00000002  00000000  RWIX
  INT11                 0000fff6   00000002  00000002  00000000  RWIX
  INT12                 0000fff8   00000002  00000002  00000000  RWIX
  INT13                 0000fffa   00000002  00000002  00000000  RWIX
  INT14                 0000fffc   00000002  00000002  00000000  RWIX
  RESET                 0000fffe   00000002  00000002  00000000  RWIX


SECTION ALLOCATION MAP

 output                                  attributes/
section   page    origin      length       input sections
--------  ----  ----------  ----------   ----------------
.data      0    00001100    0000004d     UNINITIALIZED
                  00001100    00000040     lcd.obj (.data:LCD_table)
                  00001140    0000000c     keys.obj (.data:table_keys)
                  0000114c    00000001     keys.obj (.data)

.bss       0    0000114e    00000032     UNINITIALIZED
                  0000114e    00000020     (.common:message)
                  0000116e    00000002     (.common:BufRptr)
                  00001170    00000002     (.common:BufTptr)
                  00001172    00000002     (.common:Rx_Data)
                  00001174    00000002     (.common:Tx_Data)
                  00001176    00000002     (.common:wait_i)
                  00001178    00000002     (.common:wait_j)
                  0000117a    00000001     (.common:LCD_col)
                  0000117b    00000001     (.common:LCD_row)
                  0000117c    00000001     (.common:key)
                  0000117d    00000001     (.common:keycol)
                  0000117e    00000001     (.common:keyline)
                  0000117f    00000001     (.common:n)

.stack     0    000038b0    00000050     UNINITIALIZED
                  000038b0    00000002     rts430_eabi.lib : boot.obj (.stack)
                  000038b2    0000004e     --HOLE--

.text      0    00004000    00000af2     
                  00004000    00000116     rts430_eabi.lib : _printfi_min.obj (.text:_setfield)
                  00004116    000000e6                     : _printfi_min.obj (.text:__TI_printfi_minimal)
                  000041fc    000000ca                     : _printfi_min.obj (.text:_pproc_diouxp)
                  000042c6    000000aa     keys.obj (.text:KEYS_scannow)
                  00004370    00000094     lcd.obj (.text:LCD_WriteByte)
                  00004404    00000084     rts430_eabi.lib : autoinit_wdt.obj (.text:_auto_init_hold_wdt)
                  00004488    0000007c                     : copy_decompress_lzss.obj (.text:decompress:lzss:__TI_decompress_lzss)
                  00004504    00000062     I2C.obj (.text:I2C_ISR)
                  00004566    00000060     lcd.obj (.text:LCD_message)
                  000045c6    0000005a     rts430_eabi.lib : cpy_tbl.obj (.text:copy_in)
                  00004620    00000052     main.obj (.text:main)
                  00004672    0000004e     I2C.obj (.text:Receive_I2C)
                  000046c0    0000004c     rts430_eabi.lib : lsr16.obj (.text)
                  0000470c    0000004a     I2C.obj (.text:Send_I2C)
                  00004756    00000046     I2C.obj (.text:Init_I2C)
                  0000479c    00000046     lcd.obj (.text:LCD_init)
                  000047e2    00000044     lcd.obj (.text:LCD_set_pos)
                  00004826    00000038     rts430_eabi.lib : sprintf.obj (.text:sprintf)
                  0000485e    00000036     sysfunc.obj (.text:wait_1ms)
                  00004894    00000030     sysfunc.obj (.text:Init_System_Clock)
                  000048c4    0000002e     I2C.obj (.text:I2C_ReadByte)
                  000048f2    0000002c     rts430_eabi.lib : lsl16.obj (.text)
                  0000491e    00000028     I2C.obj (.text:I2C_WriteByte)
                  00004946    0000001e     lcd.obj (.text:LCD_set_cursor)
                  00004964    0000001c     lcd.obj (.text:LCD_recode)
                  00004980    0000001a     keys.obj (.text:KEYS_waitkey)
                  0000499a    0000001a     rts430_eabi.lib : boot_special.obj (.text:_c_int00_noargs_noexit)
                  000049b4    0000001a                     : sprintf.obj (.text:_outs)
                  000049ce    0000001a                     : memccpy.obj (.text:memccpy)
                  000049e8    00000016                     : div16u.obj (.text)
                  000049fe    00000014                     : copy_zero_init.obj (.text:decompress:ZI:__TI_zero_init)
                  00004a12    00000014                     : memset.obj (.text:memset)
                  00004a26    00000014                     : mult16_hw.obj (.text)
                  00004a3a    00000012                     : sprintf.obj (.text:_outc)
                  00004a4c    00000012                     : copy_decompress_none.obj (.text:decompress:none:__TI_decompress_none)
                  00004a5e    00000012                     : memcpy.obj (.text:memcpy)
                  00004a70    00000010     lcd.obj (.text:LCD_WriteCommand)
                  00004a80    00000010     lcd.obj (.text:LCD_WriteData)
                  00004a90    00000010     lcd.obj (.text:LCD_clear)
                  00004aa0    00000010     rts430_eabi.lib : epilog.obj (.text)
                  00004ab0    0000000e     keys.obj (.text:KEYS_clear)
                  00004abe    0000000e     rts430_eabi.lib : strlen.obj (.text:strlen)
                  00004acc    0000000c     sysfunc.obj (.text:Init_System)
                  00004ad8    00000008     rts430_eabi.lib : isr_trap.obj (.text:_isr:__TI_ISR_TRAP)
                  00004ae0    00000006     msp430_initialize_unused_interrrupt_vectors.obj (.text:ISR_trap)
                  00004ae6    00000006     rts430_eabi.lib : exit.obj (.text:abort)
                  00004aec    00000004                     : pre_init.obj (.text:_system_pre_init)
                  00004af0    00000002                     : startup.obj (.text:_system_post_cinit)

.const     0    00004af2    0000002a     
                  00004af2    00000016     main.obj (.const:.string)
                  00004b08    00000014     rts430_eabi.lib : _printfi_min.obj (.const:.string)

.cinit     0    00004b1c    00000064     
                  00004b1c    00000051     (.cinit..data.load) [load image]
                  00004b6d    00000001     --HOLE-- [fill = 0]
                  00004b6e    00000006     (__TI_handler_table)
                  00004b74    00000004     (.cinit..bss.load) [load image, compression = zero_init]
                  00004b78    00000008     (__TI_cinit_table)

.init_array 
*          0    00004000    00000000     UNINITIALIZED

DACDMA     0    0000ffe0    00000002     
                  0000ffe0    00000002     msp430_initialize_unused_interrrupt_vectors.obj (.int00)

PORT2      0    0000ffe2    00000002     
                  0000ffe2    00000002     msp430_initialize_unused_interrrupt_vectors.obj (.int01)

USART1TX   0    0000ffe4    00000002     
                  0000ffe4    00000002     msp430_initialize_unused_interrrupt_vectors.obj (.int02)

USART1RX   0    0000ffe6    00000002     
                  0000ffe6    00000002     msp430_initialize_unused_interrrupt_vectors.obj (.int03)

PORT1      0    0000ffe8    00000002     
                  0000ffe8    00000002     msp430_initialize_unused_interrrupt_vectors.obj (.int04)

TIMERA1    0    0000ffea    00000002     
                  0000ffea    00000002     msp430_initialize_unused_interrrupt_vectors.obj (.int05)

TIMERA0    0    0000ffec    00000002     
                  0000ffec    00000002     msp430_initialize_unused_interrrupt_vectors.obj (.int06)

ADC12      0    0000ffee    00000002     
                  0000ffee    00000002     msp430_initialize_unused_interrrupt_vectors.obj (.int07)

USART0TX   0    0000fff0    00000002     
                  0000fff0    00000002     I2C.obj (.int08)

USART0RX   0    0000fff2    00000002     
                  0000fff2    00000002     rts430_eabi.lib : int09.obj (.int09)

WDT        0    0000fff4    00000002     
                  0000fff4    00000002     msp430_initialize_unused_interrrupt_vectors.obj (.int10)

COMPARATORA 
*          0    0000fff6    00000002     
                  0000fff6    00000002     msp430_initialize_unused_interrrupt_vectors.obj (.int11)

TIMERB1    0    0000fff8    00000002     
                  0000fff8    00000002     msp430_initialize_unused_interrrupt_vectors.obj (.int12)

TIMERB0    0    0000fffa    00000002     
                  0000fffa    00000002     msp430_initialize_unused_interrrupt_vectors.obj (.int13)

NMI        0    0000fffc    00000002     
                  0000fffc    00000002     msp430_initialize_unused_interrrupt_vectors.obj (.int14)

.reset     0    0000fffe    00000002     
                  0000fffe    00000002     rts430_eabi.lib : boot.obj (.reset)

MODULE SUMMARY

       Module                                            code   ro data   rw data
       ------                                            ----   -------   -------
    .\
       lcd.obj                                           488    0         67     
       I2C.obj                                           406    2         0      
       keys.obj                                          210    0         15     
       main.obj                                          82     22        45     
       sysfunc.obj                                       114    0         0      
       msp430_initialize_unused_interrrupt_vectors.obj   6      26        0      
    +--+-------------------------------------------------+------+---------+---------+
       Total:                                            1306   50        127    
                                                                                 
    C:\TI\ccsv7\tools\compiler\ti-cgt-msp430_16.9.6.LTS\lib\rts430_eabi.lib
       _printfi_min.obj                                  710    20        0      
       autoinit_wdt.obj                                  132    0         0      
       copy_decompress_lzss.obj                          124    0         0      
       sprintf.obj                                       100    0         0      
       cpy_tbl.obj                                       90     0         0      
       lsr16.obj                                         76     0         0      
       lsl16.obj                                         44     0         0      
       boot_special.obj                                  26     0         0      
       memccpy.obj                                       26     0         0      
       div16u.obj                                        22     0         0      
       copy_zero_init.obj                                20     0         0      
       memset.obj                                        20     0         0      
       mult16_hw.obj                                     20     0         0      
       copy_decompress_none.obj                          18     0         0      
       memcpy.obj                                        18     0         0      
       epilog.obj                                        16     0         0      
       strlen.obj                                        14     0         0      
       isr_trap.obj                                      8      0         0      
       exit.obj                                          6      0         0      
       pre_init.obj                                      4      0         0      
       boot.obj                                          0      2         0      
       int09.obj                                         0      2         0      
       startup.obj                                       2      0         0      
    +--+-------------------------------------------------+------+---------+---------+
       Total:                                            1496   24        0      
                                                                                 
       Stack:                                            0      0         80     
       Linker Generated:                                 0      99        0      
    +--+-------------------------------------------------+------+---------+---------+
       Grand Total:                                      2802   173       207    


LINKER GENERATED COPY TABLES

__TI_cinit_table @ 00004b78 records: 2, size/record: 4, table size: 8
	.data: load addr=00004b1c, load size=00000051 bytes, run addr=00001100, run size=0000004d bytes, compression=copy
	.bss: load addr=00004b74, load size=00000004 bytes, run addr=0000114e, run size=00000032 bytes, compression=zero_init


LINKER GENERATED HANDLER TABLE

__TI_handler_table @ 00004b6e records: 3, size/record: 2, table size: 6
	index: 0, handler: __TI_zero_init
	index: 1, handler: __TI_decompress_lzss
	index: 2, handler: __TI_decompress_none


GLOBAL SYMBOLS: SORTED ALPHABETICALLY BY Name 

address   name                    
-------   ----                    
000001a0  ADC12CTL0               
000001a2  ADC12CTL1               
000001a6  ADC12IE                 
000001a4  ADC12IFG                
000001a8  ADC12IV                 
00000080  ADC12MCTL0              
00000081  ADC12MCTL1              
0000008a  ADC12MCTL10             
0000008b  ADC12MCTL11             
0000008c  ADC12MCTL12             
0000008d  ADC12MCTL13             
0000008e  ADC12MCTL14             
0000008f  ADC12MCTL15             
00000082  ADC12MCTL2              
00000083  ADC12MCTL3              
00000084  ADC12MCTL4              
00000085  ADC12MCTL5              
00000086  ADC12MCTL6              
00000087  ADC12MCTL7              
00000088  ADC12MCTL8              
00000089  ADC12MCTL9              
00000140  ADC12MEM0               
00000142  ADC12MEM1               
00000154  ADC12MEM10              
00000156  ADC12MEM11              
00000158  ADC12MEM12              
0000015a  ADC12MEM13              
0000015c  ADC12MEM14              
0000015e  ADC12MEM15              
00000144  ADC12MEM2               
00000146  ADC12MEM3               
00000148  ADC12MEM4               
0000014a  ADC12MEM5               
0000014c  ADC12MEM6               
0000014e  ADC12MEM7               
00000150  ADC12MEM8               
00000152  ADC12MEM9               
00000057  BCSCTL1                 
00000058  BCSCTL2                 
0000116e  BufRptr                 
00001170  BufTptr                 
00004ae6  C$$EXIT                 
00000059  CACTL1                  
0000005a  CACTL2                  
0000005b  CAPD                    
000001c0  DAC12_0CTL              
000001c8  DAC12_0DAT              
000001c2  DAC12_1CTL              
000001ca  DAC12_1DAT              
00000056  DCOCTL                  
000001e0  DMA0CTL                 
000001e4  DMA0DA                  
000001e2  DMA0SA                  
000001e6  DMA0SZ                  
000001e8  DMA1CTL                 
000001ec  DMA1DA                  
000001ea  DMA1SA                  
000001ee  DMA1SZ                  
000001f0  DMA2CTL                 
000001f4  DMA2DA                  
000001f2  DMA2SA                  
000001f6  DMA2SZ                  
00000122  DMACTL0                 
00000124  DMACTL1                 
00000128  FCTL1                   
0000012a  FCTL2                   
0000012c  FCTL3                   
00000072  I2CDCTL                 
00000076  I2CDRB                  
00000076  I2CDRW                  
00000050  I2CIE                   
00000051  I2CIFG                  
0000011c  I2CIV                   
00000052  I2CNDAT                 
00000118  I2COA                   
00000073  I2CPSC                  
0000011a  I2CSA                   
00000074  I2CSCLH                 
00000075  I2CSCLL                 
00000071  I2CTCTL                 
00004504  I2C_ISR                 
000048c4  I2C_ReadByte            
0000491e  I2C_WriteByte           
00000000  IE1                     
00000001  IE2                     
00000002  IFG1                    
00000003  IFG2                    
00004ae0  ISR_trap                
00004756  Init_I2C                
00004acc  Init_System             
00004894  Init_System_Clock       
00004ab0  KEYS_clear              
0000114c  KEYS_last               
000042c6  KEYS_scannow            
00004980  KEYS_waitkey            
00004370  LCD_WriteByte           
00004a70  LCD_WriteCommand        
00004a80  LCD_WriteData           
00004a90  LCD_clear               
0000117a  LCD_col                 
0000479c  LCD_init                
00004566  LCD_message             
00004964  LCD_recode              
0000117b  LCD_row                 
00004946  LCD_set_cursor          
000047e2  LCD_set_pos             
00001100  LCD_table               
00000134  MAC                     
00000136  MACS                    
00000004  ME1                     
00000005  ME2                     
00000130  MPY                     
00000132  MPYS                    
00000138  OP2                     
00000022  P1DIR                   
00000025  P1IE                    
00000024  P1IES                   
00000023  P1IFG                   
00000020  P1IN                    
00000021  P1OUT                   
00000026  P1SEL                   
0000002a  P2DIR                   
0000002d  P2IE                    
0000002c  P2IES                   
0000002b  P2IFG                   
00000028  P2IN                    
00000029  P2OUT                   
0000002e  P2SEL                   
0000001a  P3DIR                   
00000018  P3IN                    
00000019  P3OUT                   
0000001b  P3SEL                   
0000001e  P4DIR                   
0000001c  P4IN                    
0000001d  P4OUT                   
0000001f  P4SEL                   
00000032  P5DIR                   
00000030  P5IN                    
00000031  P5OUT                   
00000033  P5SEL                   
00000036  P6DIR                   
00000034  P6IN                    
00000035  P6OUT                   
00000037  P6SEL                   
0000013c  RESHI                   
0000013a  RESLO                   
00004672  Receive_I2C             
00001172  Rx_Data                 
0000013e  SUMEXT                  
00000055  SVSCTL                  
0000470c  Send_I2C                
00000172  TACCR0                  
00000174  TACCR1                  
00000176  TACCR2                  
00000162  TACCTL0                 
00000164  TACCTL1                 
00000166  TACCTL2                 
00000160  TACTL                   
0000012e  TAIV                    
00000170  TAR                     
00000192  TBCCR0                  
00000194  TBCCR1                  
00000196  TBCCR2                  
00000198  TBCCR3                  
0000019a  TBCCR4                  
0000019c  TBCCR5                  
0000019e  TBCCR6                  
00000182  TBCCTL0                 
00000184  TBCCTL1                 
00000186  TBCCTL2                 
00000188  TBCCTL3                 
0000018a  TBCCTL4                 
0000018c  TBCCTL5                 
0000018e  TBCCTL6                 
00000180  TBCTL                   
0000011e  TBIV                    
00000190  TBR                     
00001174  Tx_Data                 
00000074  U0BR0                   
00000075  U0BR1                   
00000070  U0CTL                   
00000073  U0MCTL                  
00000072  U0RCTL                  
00000076  U0RXBUF                 
00000071  U0TCTL                  
00000077  U0TXBUF                 
0000007c  U1BR0                   
0000007d  U1BR1                   
00000078  U1CTL                   
0000007b  U1MCTL                  
0000007a  U1RCTL                  
0000007e  U1RXBUF                 
00000079  U1TCTL                  
0000007f  U1TXBUF                 
00000120  WDTCTL                  
00003900  __STACK_END             
00000050  __STACK_SIZE            
UNDEFED   __TI_BINIT_Base         
UNDEFED   __TI_BINIT_Limit        
00004b78  __TI_CINIT_Base         
00004b80  __TI_CINIT_Limit        
00004b6e  __TI_Handler_Table_Base 
00004b74  __TI_Handler_Table_Limit
UNDEFED   __TI_INITARRAY_Base     
UNDEFED   __TI_INITARRAY_Limit    
00004ad8  __TI_ISR_TRAP           
00004488  __TI_decompress_lzss    
00004a4c  __TI_decompress_none    
0000ffe0  __TI_int00              
0000ffe2  __TI_int01              
0000ffe4  __TI_int02              
0000ffe6  __TI_int03              
0000ffe8  __TI_int04              
0000ffea  __TI_int05              
0000ffec  __TI_int06              
0000ffee  __TI_int07              
0000fff0  __TI_int08              
0000fff2  __TI_int09              
0000fff4  __TI_int10              
0000fff6  __TI_int11              
0000fff8  __TI_int12              
0000fffa  __TI_int13              
0000fffc  __TI_int14              
ffffffff  __TI_pprof_out_hndl     
00004116  __TI_printfi_minimal    
ffffffff  __TI_prof_data_size     
ffffffff  __TI_prof_data_start    
000049fe  __TI_zero_init          
ffffffff  __c_args__              
000049e8  __mspabi_divu           
00004aac  __mspabi_func_epilog_1  
00004aaa  __mspabi_func_epilog_2  
00004aa8  __mspabi_func_epilog_3  
00004aa6  __mspabi_func_epilog_4  
00004aa4  __mspabi_func_epilog_5  
00004aa2  __mspabi_func_epilog_6  
00004aa0  __mspabi_func_epilog_7  
00004a26  __mspabi_mpyi_hw        
000049e8  __mspabi_remu           
000048f2  __mspabi_slli           
0000491a  __mspabi_slli_1         
00004908  __mspabi_slli_10        
00004906  __mspabi_slli_11        
00004904  __mspabi_slli_12        
00004902  __mspabi_slli_13        
00004900  __mspabi_slli_14        
000048fe  __mspabi_slli_15        
00004918  __mspabi_slli_2         
00004916  __mspabi_slli_3         
00004914  __mspabi_slli_4         
00004912  __mspabi_slli_5         
00004910  __mspabi_slli_6         
0000490e  __mspabi_slli_7         
0000490c  __mspabi_slli_8         
0000490a  __mspabi_slli_9         
000046c0  __mspabi_srli           
00004706  __mspabi_srli_1         
000046e2  __mspabi_srli_10        
000046de  __mspabi_srli_11        
000046da  __mspabi_srli_12        
000046d6  __mspabi_srli_13        
000046d2  __mspabi_srli_14        
000046ce  __mspabi_srli_15        
00004702  __mspabi_srli_2         
000046fe  __mspabi_srli_3         
000046fa  __mspabi_srli_4         
000046f6  __mspabi_srli_5         
000046f2  __mspabi_srli_6         
000046ee  __mspabi_srli_7         
000046ea  __mspabi_srli_8         
000046e6  __mspabi_srli_9         
00004404  _auto_init_hold_wdt     
0000499a  _c_int00_noargs_noexit  
0000fffe  _reset_vector           
000038b0  _stack                  
00004af0  _system_post_cinit      
00004aec  _system_pre_init        
00004ae6  abort                   
000045c6  copy_in                 
0000117c  key                     
0000117d  keycol                  
0000117e  keyline                 
00004620  main                    
000049ce  memccpy                 
00004a5e  memcpy                  
00004a12  memset                  
0000114e  message                 
0000117f  n                       
00004826  sprintf                 
00004abe  strlen                  
00001140  table_keys              
0000485e  wait_1ms                
00001176  wait_i                  
00001178  wait_j                  


GLOBAL SYMBOLS: SORTED BY Symbol Address 

address   name                    
-------   ----                    
00000000  IE1                     
00000001  IE2                     
00000002  IFG1                    
00000003  IFG2                    
00000004  ME1                     
00000005  ME2                     
00000018  P3IN                    
00000019  P3OUT                   
0000001a  P3DIR                   
0000001b  P3SEL                   
0000001c  P4IN                    
0000001d  P4OUT                   
0000001e  P4DIR                   
0000001f  P4SEL                   
00000020  P1IN                    
00000021  P1OUT                   
00000022  P1DIR                   
00000023  P1IFG                   
00000024  P1IES                   
00000025  P1IE                    
00000026  P1SEL                   
00000028  P2IN                    
00000029  P2OUT                   
0000002a  P2DIR                   
0000002b  P2IFG                   
0000002c  P2IES                   
0000002d  P2IE                    
0000002e  P2SEL                   
00000030  P5IN                    
00000031  P5OUT                   
00000032  P5DIR                   
00000033  P5SEL                   
00000034  P6IN                    
00000035  P6OUT                   
00000036  P6DIR                   
00000037  P6SEL                   
00000050  I2CIE                   
00000050  __STACK_SIZE            
00000051  I2CIFG                  
00000052  I2CNDAT                 
00000055  SVSCTL                  
00000056  DCOCTL                  
00000057  BCSCTL1                 
00000058  BCSCTL2                 
00000059  CACTL1                  
0000005a  CACTL2                  
0000005b  CAPD                    
00000070  U0CTL                   
00000071  I2CTCTL                 
00000071  U0TCTL                  
00000072  I2CDCTL                 
00000072  U0RCTL                  
00000073  I2CPSC                  
00000073  U0MCTL                  
00000074  I2CSCLH                 
00000074  U0BR0                   
00000075  I2CSCLL                 
00000075  U0BR1                   
00000076  I2CDRB                  
00000076  I2CDRW                  
00000076  U0RXBUF                 
00000077  U0TXBUF                 
00000078  U1CTL                   
00000079  U1TCTL                  
0000007a  U1RCTL                  
0000007b  U1MCTL                  
0000007c  U1BR0                   
0000007d  U1BR1                   
0000007e  U1RXBUF                 
0000007f  U1TXBUF                 
00000080  ADC12MCTL0              
00000081  ADC12MCTL1              
00000082  ADC12MCTL2              
00000083  ADC12MCTL3              
00000084  ADC12MCTL4              
00000085  ADC12MCTL5              
00000086  ADC12MCTL6              
00000087  ADC12MCTL7              
00000088  ADC12MCTL8              
00000089  ADC12MCTL9              
0000008a  ADC12MCTL10             
0000008b  ADC12MCTL11             
0000008c  ADC12MCTL12             
0000008d  ADC12MCTL13             
0000008e  ADC12MCTL14             
0000008f  ADC12MCTL15             
00000118  I2COA                   
0000011a  I2CSA                   
0000011c  I2CIV                   
0000011e  TBIV                    
00000120  WDTCTL                  
00000122  DMACTL0                 
00000124  DMACTL1                 
00000128  FCTL1                   
0000012a  FCTL2                   
0000012c  FCTL3                   
0000012e  TAIV                    
00000130  MPY                     
00000132  MPYS                    
00000134  MAC                     
00000136  MACS                    
00000138  OP2                     
0000013a  RESLO                   
0000013c  RESHI                   
0000013e  SUMEXT                  
00000140  ADC12MEM0               
00000142  ADC12MEM1               
00000144  ADC12MEM2               
00000146  ADC12MEM3               
00000148  ADC12MEM4               
0000014a  ADC12MEM5               
0000014c  ADC12MEM6               
0000014e  ADC12MEM7               
00000150  ADC12MEM8               
00000152  ADC12MEM9               
00000154  ADC12MEM10              
00000156  ADC12MEM11              
00000158  ADC12MEM12              
0000015a  ADC12MEM13              
0000015c  ADC12MEM14              
0000015e  ADC12MEM15              
00000160  TACTL                   
00000162  TACCTL0                 
00000164  TACCTL1                 
00000166  TACCTL2                 
00000170  TAR                     
00000172  TACCR0                  
00000174  TACCR1                  
00000176  TACCR2                  
00000180  TBCTL                   
00000182  TBCCTL0                 
00000184  TBCCTL1                 
00000186  TBCCTL2                 
00000188  TBCCTL3                 
0000018a  TBCCTL4                 
0000018c  TBCCTL5                 
0000018e  TBCCTL6                 
00000190  TBR                     
00000192  TBCCR0                  
00000194  TBCCR1                  
00000196  TBCCR2                  
00000198  TBCCR3                  
0000019a  TBCCR4                  
0000019c  TBCCR5                  
0000019e  TBCCR6                  
000001a0  ADC12CTL0               
000001a2  ADC12CTL1               
000001a4  ADC12IFG                
000001a6  ADC12IE                 
000001a8  ADC12IV                 
000001c0  DAC12_0CTL              
000001c2  DAC12_1CTL              
000001c8  DAC12_0DAT              
000001ca  DAC12_1DAT              
000001e0  DMA0CTL                 
000001e2  DMA0SA                  
000001e4  DMA0DA                  
000001e6  DMA0SZ                  
000001e8  DMA1CTL                 
000001ea  DMA1SA                  
000001ec  DMA1DA                  
000001ee  DMA1SZ                  
000001f0  DMA2CTL                 
000001f2  DMA2SA                  
000001f4  DMA2DA                  
000001f6  DMA2SZ                  
00001100  LCD_table               
00001140  table_keys              
0000114c  KEYS_last               
0000114e  message                 
0000116e  BufRptr                 
00001170  BufTptr                 
00001172  Rx_Data                 
00001174  Tx_Data                 
00001176  wait_i                  
00001178  wait_j                  
0000117a  LCD_col                 
0000117b  LCD_row                 
0000117c  key                     
0000117d  keycol                  
0000117e  keyline                 
0000117f  n                       
000038b0  _stack                  
00003900  __STACK_END             
00004116  __TI_printfi_minimal    
000042c6  KEYS_scannow            
00004370  LCD_WriteByte           
00004404  _auto_init_hold_wdt     
00004488  __TI_decompress_lzss    
00004504  I2C_ISR                 
00004566  LCD_message             
000045c6  copy_in                 
00004620  main                    
00004672  Receive_I2C             
000046c0  __mspabi_srli           
000046ce  __mspabi_srli_15        
000046d2  __mspabi_srli_14        
000046d6  __mspabi_srli_13        
000046da  __mspabi_srli_12        
000046de  __mspabi_srli_11        
000046e2  __mspabi_srli_10        
000046e6  __mspabi_srli_9         
000046ea  __mspabi_srli_8         
000046ee  __mspabi_srli_7         
000046f2  __mspabi_srli_6         
000046f6  __mspabi_srli_5         
000046fa  __mspabi_srli_4         
000046fe  __mspabi_srli_3         
00004702  __mspabi_srli_2         
00004706  __mspabi_srli_1         
0000470c  Send_I2C                
00004756  Init_I2C                
0000479c  LCD_init                
000047e2  LCD_set_pos             
00004826  sprintf                 
0000485e  wait_1ms                
00004894  Init_System_Clock       
000048c4  I2C_ReadByte            
000048f2  __mspabi_slli           
000048fe  __mspabi_slli_15        
00004900  __mspabi_slli_14        
00004902  __mspabi_slli_13        
00004904  __mspabi_slli_12        
00004906  __mspabi_slli_11        
00004908  __mspabi_slli_10        
0000490a  __mspabi_slli_9         
0000490c  __mspabi_slli_8         
0000490e  __mspabi_slli_7         
00004910  __mspabi_slli_6         
00004912  __mspabi_slli_5         
00004914  __mspabi_slli_4         
00004916  __mspabi_slli_3         
00004918  __mspabi_slli_2         
0000491a  __mspabi_slli_1         
0000491e  I2C_WriteByte           
00004946  LCD_set_cursor          
00004964  LCD_recode              
00004980  KEYS_waitkey            
0000499a  _c_int00_noargs_noexit  
000049ce  memccpy                 
000049e8  __mspabi_divu           
000049e8  __mspabi_remu           
000049fe  __TI_zero_init          
00004a12  memset                  
00004a26  __mspabi_mpyi_hw        
00004a4c  __TI_decompress_none    
00004a5e  memcpy                  
00004a70  LCD_WriteCommand        
00004a80  LCD_WriteData           
00004a90  LCD_clear               
00004aa0  __mspabi_func_epilog_7  
00004aa2  __mspabi_func_epilog_6  
00004aa4  __mspabi_func_epilog_5  
00004aa6  __mspabi_func_epilog_4  
00004aa8  __mspabi_func_epilog_3  
00004aaa  __mspabi_func_epilog_2  
00004aac  __mspabi_func_epilog_1  
00004ab0  KEYS_clear              
00004abe  strlen                  
00004acc  Init_System             
00004ad8  __TI_ISR_TRAP           
00004ae0  ISR_trap                
00004ae6  C$$EXIT                 
00004ae6  abort                   
00004aec  _system_pre_init        
00004af0  _system_post_cinit      
00004b6e  __TI_Handler_Table_Base 
00004b74  __TI_Handler_Table_Limit
00004b78  __TI_CINIT_Base         
00004b80  __TI_CINIT_Limit        
0000ffe0  __TI_int00              
0000ffe2  __TI_int01              
0000ffe4  __TI_int02              
0000ffe6  __TI_int03              
0000ffe8  __TI_int04              
0000ffea  __TI_int05              
0000ffec  __TI_int06              
0000ffee  __TI_int07              
0000fff0  __TI_int08              
0000fff2  __TI_int09              
0000fff4  __TI_int10              
0000fff6  __TI_int11              
0000fff8  __TI_int12              
0000fffa  __TI_int13              
0000fffc  __TI_int14              
0000fffe  _reset_vector           
ffffffff  __TI_pprof_out_hndl     
ffffffff  __TI_prof_data_size     
ffffffff  __TI_prof_data_start    
ffffffff  __c_args__              
UNDEFED   __TI_BINIT_Base         
UNDEFED   __TI_BINIT_Limit        
UNDEFED   __TI_INITARRAY_Base     
UNDEFED   __TI_INITARRAY_Limit    

[294 symbols]
