******************************************************************************
                  MSP430 Linker PC v20.2.2                     
******************************************************************************
>> Linked Wed Feb 24 15:33:20 2021

OUTPUT FILE NAME:   <test.out>
ENTRY POINT SYMBOL: "_c_int00_noinit_noargs"  address: 0000c000


MEMORY CONFIGURATION

         name            origin    length      used     unused   attr    fill
----------------------  --------  ---------  --------  --------  ----  --------
  SFR                   00000000   00000010  00000000  00000010  RWIX
  PERIPHERALS_8BIT      00000010   000000f0  00000000  000000f0  RWIX
  PERIPHERALS_16BIT     00000100   00000100  00000000  00000100  RWIX
  RAM                   00000200   00000100  00000050  000000b0  RWIX
  INFOB                 00001000   00000080  00000000  00000080  RWIX
  INFOA                 00001080   00000080  00000000  00000080  RWIX
  FLASH                 0000c000   00003fe0  00000030  00003fb0  RWIX
  INT00                 0000ffe0   00000002  00000002  00000000  RWIX
  INT01                 0000ffe2   00000002  00000002  00000000  RWIX
  INT02                 0000ffe4   00000002  00000000  00000002  RWIX
  INT03                 0000ffe6   00000002  00000002  00000000  RWIX
  INT04                 0000ffe8   00000002  00000002  00000000  RWIX
  INT05                 0000ffea   00000002  00000002  00000000  RWIX
  INT06                 0000ffec   00000002  00000002  00000000  RWIX
  INT07                 0000ffee   00000002  00000000  00000002  RWIX
  INT08                 0000fff0   00000002  00000000  00000002  RWIX
  INT09                 0000fff2   00000002  00000000  00000002  RWIX
  INT10                 0000fff4   00000002  00000002  00000000  RWIX
  INT11                 0000fff6   00000002  00000000  00000002  RWIX
  INT12                 0000fff8   00000002  00000002  00000000  RWIX
  INT13                 0000fffa   00000002  00000000  00000002  RWIX
  INT14                 0000fffc   00000002  00000002  00000000  RWIX
  RESET                 0000fffe   00000002  00000002  00000000  RWIX


SECTION ALLOCATION MAP

 output                                  attributes/
section   page    origin      length       input sections
--------  ----  ----------  ----------   ----------------
.stack     0    000002b0    00000050     UNINITIALIZED
                  000002b0    00000002     rts430_eabi.lib : boot.c.obj (.stack)
                  000002b2    0000004e     --HOLE--

.text      0    0000c000    00000030     
                  0000c000    00000014     rts430_eabi.lib : boot.c.obj (.text:_c_int00_noinit_noargs)
                  0000c014    0000000a     main.obj (.text:main)
                  0000c01e    00000008     rts430_eabi.lib : isr_trap.asm.obj (.text:_isr:__TI_ISR_TRAP)
                  0000c026    00000006                     : exit.c.obj (.text:abort)
                  0000c02c    00000004                     : pre_init.c.obj (.text:_system_pre_init)

.cinit     0    0000c000    00000000     UNINITIALIZED

.binit     0    0000c000    00000000     

.init_array 
*          0    0000c000    00000000     UNINITIALIZED

BASICTIMER 
*          0    0000ffe0    00000002     
                  0000ffe0    00000002     rts430_eabi.lib : int00.asm.obj (.int00)

PORT2      0    0000ffe2    00000002     
                  0000ffe2    00000002     rts430_eabi.lib : int01.asm.obj (.int01)

DAC12      0    0000ffe6    00000002     
                  0000ffe6    00000002     rts430_eabi.lib : int03.asm.obj (.int03)

PORT1      0    0000ffe8    00000002     
                  0000ffe8    00000002     rts430_eabi.lib : int04.asm.obj (.int04)

TIMERA1    0    0000ffea    00000002     
                  0000ffea    00000002     rts430_eabi.lib : int05.asm.obj (.int05)

TIMERA0    0    0000ffec    00000002     
                  0000ffec    00000002     rts430_eabi.lib : int06.asm.obj (.int06)

WDT        0    0000fff4    00000002     
                  0000fff4    00000002     rts430_eabi.lib : int10.asm.obj (.int10)

SD16       0    0000fff8    00000002     
                  0000fff8    00000002     rts430_eabi.lib : int12.asm.obj (.int12)

NMI        0    0000fffc    00000002     
                  0000fffc    00000002     rts430_eabi.lib : int14.asm.obj (.int14)

.reset     0    0000fffe    00000002     
                  0000fffe    00000002     rts430_eabi.lib : boot.c.obj (.reset)

MODULE SUMMARY

       Module             code   ro data   rw data
       ------             ----   -------   -------
    .\
       main.obj           10     0         0      
    +--+------------------+------+---------+---------+
       Total:             10     0         0      
                                                  
    D:\ti\ccs1020\ccs\tools\compiler\ti-cgt-msp430_20.2.2.LTS\lib\rts430_eabi.lib
       boot.c.obj         20     2         0      
       isr_trap.asm.obj   8      0         0      
       exit.c.obj         6      0         0      
       pre_init.c.obj     4      0         0      
       int00.asm.obj      0      2         0      
       int01.asm.obj      0      2         0      
       int03.asm.obj      0      2         0      
       int04.asm.obj      0      2         0      
       int05.asm.obj      0      2         0      
       int06.asm.obj      0      2         0      
       int10.asm.obj      0      2         0      
       int12.asm.obj      0      2         0      
       int14.asm.obj      0      2         0      
    +--+------------------+------+---------+---------+
       Total:             38     20        0      
                                                  
       Stack:             0      0         80     
    +--+------------------+------+---------+---------+
       Grand Total:       48     20        80     


GLOBAL SYMBOLS: SORTED ALPHABETICALLY BY Name 

address   name                  
-------   ----                  
00000046  BTCNT1                
00000047  BTCNT2                
00000040  BTCTL                 
0000c026  C$$EXIT               
000001c0  DAC12_0CTL            
000001c8  DAC12_0DAT            
00000128  FCTL1                 
0000012a  FCTL2                 
0000012c  FCTL3                 
00000053  FLL_CTL0              
00000054  FLL_CTL1              
00000000  IE1                   
00000001  IE2                   
00000002  IFG1                  
00000003  IFG2                  
00000090  LCDACTL               
000000ac  LCDAPCTL0             
000000ad  LCDAPCTL1             
000000ae  LCDAVCTL0             
000000af  LCDAVCTL1             
00000091  LCDM1                 
0000009a  LCDM10                
0000009b  LCDM11                
0000009c  LCDM12                
0000009d  LCDM13                
0000009e  LCDM14                
0000009f  LCDM15                
000000a0  LCDM16                
000000a1  LCDM17                
000000a2  LCDM18                
000000a3  LCDM19                
00000092  LCDM2                 
000000a4  LCDM20                
00000093  LCDM3                 
00000094  LCDM4                 
00000095  LCDM5                 
00000096  LCDM6                 
00000097  LCDM7                 
00000098  LCDM8                 
00000099  LCDM9                 
000000c0  OA0CTL0               
000000c1  OA0CTL1               
000000c2  OA1CTL0               
000000c3  OA1CTL1               
00000022  P1DIR                 
00000025  P1IE                  
00000024  P1IES                 
00000023  P1IFG                 
00000020  P1IN                  
00000021  P1OUT                 
00000026  P1SEL                 
0000002a  P2DIR                 
0000002d  P2IE                  
0000002c  P2IES                 
0000002b  P2IFG                 
00000028  P2IN                  
00000029  P2OUT                 
0000002e  P2SEL                 
00000032  P5DIR                 
00000030  P5IN                  
00000031  P5OUT                 
00000033  P5SEL                 
00000036  P6DIR                 
00000034  P6IN                  
00000035  P6OUT                 
00000037  P6SEL                 
00000050  SCFI0                 
00000051  SCFI1                 
00000052  SCFQCTL               
000000b7  SD16AE                
00000102  SD16CCTL0             
000000f7  SD16CONF0             
000000bf  SD16CONF1             
00000100  SD16CTL               
000000b0  SD16INCTL0            
00000110  SD16IV                
00000112  SD16MEM0              
000000cf  SWCTL                 
00000172  TACCR0                
00000174  TACCR1                
00000176  TACCR2                
00000162  TACCTL0               
00000164  TACCTL1               
00000166  TACCTL2               
00000160  TACTL                 
0000012e  TAIV                  
00000170  TAR                   
00000120  WDTCTL                
00000300  __STACK_END           
00000050  __STACK_SIZE          
0000c01e  __TI_ISR_TRAP         
0000ffe0  __TI_int00            
0000ffe2  __TI_int01            
0000ffe6  __TI_int03            
0000ffe8  __TI_int04            
0000ffea  __TI_int05            
0000ffec  __TI_int06            
0000fff4  __TI_int10            
0000fff8  __TI_int12            
0000fffc  __TI_int14            
ffffffff  __TI_pprof_out_hndl   
ffffffff  __TI_prof_data_size   
ffffffff  __TI_prof_data_start  
ffffffff  __c_args__            
0000c000  _c_int00_noinit_noargs
0000fffe  _reset_vector         
000002b0  _stack                
0000c02c  _system_pre_init      
0000c026  abort                 
0000c014  main                  


GLOBAL SYMBOLS: SORTED BY Symbol Address 

address   name                  
-------   ----                  
00000000  IE1                   
00000001  IE2                   
00000002  IFG1                  
00000003  IFG2                  
00000020  P1IN                  
00000021  P1OUT                 
00000022  P1DIR                 
00000023  P1IFG                 
00000024  P1IES                 
00000025  P1IE                  
00000026  P1SEL                 
00000028  P2IN                  
00000029  P2OUT                 
0000002a  P2DIR                 
0000002b  P2IFG                 
0000002c  P2IES                 
0000002d  P2IE                  
0000002e  P2SEL                 
00000030  P5IN                  
00000031  P5OUT                 
00000032  P5DIR                 
00000033  P5SEL                 
00000034  P6IN                  
00000035  P6OUT                 
00000036  P6DIR                 
00000037  P6SEL                 
00000040  BTCTL                 
00000046  BTCNT1                
00000047  BTCNT2                
00000050  SCFI0                 
00000050  __STACK_SIZE          
00000051  SCFI1                 
00000052  SCFQCTL               
00000053  FLL_CTL0              
00000054  FLL_CTL1              
00000090  LCDACTL               
00000091  LCDM1                 
00000092  LCDM2                 
00000093  LCDM3                 
00000094  LCDM4                 
00000095  LCDM5                 
00000096  LCDM6                 
00000097  LCDM7                 
00000098  LCDM8                 
00000099  LCDM9                 
0000009a  LCDM10                
0000009b  LCDM11                
0000009c  LCDM12                
0000009d  LCDM13                
0000009e  LCDM14                
0000009f  LCDM15                
000000a0  LCDM16                
000000a1  LCDM17                
000000a2  LCDM18                
000000a3  LCDM19                
000000a4  LCDM20                
000000ac  LCDAPCTL0             
000000ad  LCDAPCTL1             
000000ae  LCDAVCTL0             
000000af  LCDAVCTL1             
000000b0  SD16INCTL0            
000000b7  SD16AE                
000000bf  SD16CONF1             
000000c0  OA0CTL0               
000000c1  OA0CTL1               
000000c2  OA1CTL0               
000000c3  OA1CTL1               
000000cf  SWCTL                 
000000f7  SD16CONF0             
00000100  SD16CTL               
00000102  SD16CCTL0             
00000110  SD16IV                
00000112  SD16MEM0              
00000120  WDTCTL                
00000128  FCTL1                 
0000012a  FCTL2                 
0000012c  FCTL3                 
0000012e  TAIV                  
00000160  TACTL                 
00000162  TACCTL0               
00000164  TACCTL1               
00000166  TACCTL2               
00000170  TAR                   
00000172  TACCR0                
00000174  TACCR1                
00000176  TACCR2                
000001c0  DAC12_0CTL            
000001c8  DAC12_0DAT            
000002b0  _stack                
00000300  __STACK_END           
0000c000  _c_int00_noinit_noargs
0000c014  main                  
0000c01e  __TI_ISR_TRAP         
0000c026  C$$EXIT               
0000c026  abort                 
0000c02c  _system_pre_init      
0000ffe0  __TI_int00            
0000ffe2  __TI_int01            
0000ffe6  __TI_int03            
0000ffe8  __TI_int04            
0000ffea  __TI_int05            
0000ffec  __TI_int06            
0000fff4  __TI_int10            
0000fff8  __TI_int12            
0000fffc  __TI_int14            
0000fffe  _reset_vector         
ffffffff  __TI_pprof_out_hndl   
ffffffff  __TI_prof_data_size   
ffffffff  __TI_prof_data_start  
ffffffff  __c_args__            

[110 symbols]
