******************************************************************************
                  MSP430 Linker PC v4.3.4                      
******************************************************************************
>> Linked Sun Sep 28 14:53:38 2014

OUTPUT FILE NAME:   <MSP430-leds.out>
ENTRY POINT SYMBOL: "_c_int00"  address: 00004740


MEMORY CONFIGURATION

         name            origin    length      used     unused   attr    fill
----------------------  --------  ---------  --------  --------  ----  --------
  SFR                   00000000   00000010  00000000  00000010  RWIX
  PERIPHERALS_8BIT      00000010   000000f0  00000000  000000f0  RWIX
  PERIPHERALS_16BIT     00000100   00000100  00000000  00000100  RWIX
  INFOB                 00001000   00000080  00000000  00000080  RWIX
  INFOA                 00001080   00000080  00000000  00000080  RWIX
  RAM                   00001100   00002800  0000006e  00002792  RWIX
  FLASH                 00004000   0000bfe0  00000824  0000b7bc  RWIX
  INT00                 0000ffe0   00000002  00000002  00000000  RWIX
  INT01                 0000ffe2   00000002  00000002  00000000  RWIX
  INT02                 0000ffe4   00000002  00000002  00000000  RWIX
  INT03                 0000ffe6   00000002  00000002  00000000  RWIX
  INT04                 0000ffe8   00000002  00000002  00000000  RWIX
  INT05                 0000ffea   00000002  00000002  00000000  RWIX
  INT06                 0000ffec   00000002  00000002  00000000  RWIX
  INT07                 0000ffee   00000002  00000002  00000000  RWIX
  INT08                 0000fff0   00000002  00000002  00000000  RWIX
  INT09                 0000fff2   00000002  00000002  00000000  RWIX
  INT10                 0000fff4   00000002  00000002  00000000  RWIX
  INT11                 0000fff6   00000002  00000002  00000000  RWIX
  INT12                 0000fff8   00000002  00000002  00000000  RWIX
  INT13                 0000fffa   00000002  00000002  00000000  RWIX
  INT14                 0000fffc   00000002  00000002  00000000  RWIX
  RESET                 0000fffe   00000002  00000002  00000000  RWIX


SECTION ALLOCATION MAP

 output                                  attributes/
section   page    origin      length       input sections
--------  ----  ----------  ----------   ----------------
.init_array 
*          0    00004000    00000000     UNINITIALIZED

.bss       0    00001100    00000010     UNINITIALIZED
                  00001100    00000002     (.common:BufRptr)
                  00001102    00000002     (.common:BufTptr)
                  00001104    00000002     (.common:Rx_Data)
                  00001106    00000002     (.common:Tx_Data)
                  00001108    00000002     (.common:wait_i)
                  0000110a    00000002     (.common:wait_j)
                  0000110c    00000001     (.common:key)
                  0000110d    00000001     (.common:keycol)
                  0000110e    00000001     (.common:keyline)
                  0000110f    00000001     (.common:n)

.TI.noinit 
*          0    00001100    00000000     UNINITIALIZED

.data      0    00001110    0000000e     UNINITIALIZED
                  00001110    0000000c     keys.obj (.data:table_keys)
                  0000111c    00000001     keys.obj (.data)
                  0000111d    00000001     leds.obj (.data)

.TI.persistent 
*          0    00001110    00000000     UNINITIALIZED

.stack     0    000038b0    00000050     UNINITIALIZED
                  000038b0    00000002     rts430_eabi.lib : boot.obj (.stack)
                  000038b2    0000004e     --HOLE--

.text      0    00004000    00000800     
                  00004000    000000f0     leds.obj (.text:LED_fx3)
                  000040f0    000000d6     main.obj (.text:main)
                  000041c6    000000aa     keys.obj (.text:KEYS_scannow)
                  00004270    00000088     leds.obj (.text:LED_fx2)
                  000042f8    0000007e     leds.obj (.text:LED_fx1)
                  00004376    00000074     rts430_eabi.lib : autoinit.obj (.text:_auto_init_hold_wdt)
                  000043ea    00000062     I2C.obj (.text:I2C_ISR)
                  0000444c    0000005e     rts430_eabi.lib : copy_decompress_rle.obj (.text:__TI_decompress_rle_core)
                  000044aa    0000004e     I2C.obj (.text:Receive_I2C)
                  000044f8    0000004a     I2C.obj (.text:Send_I2C)
                  00004542    00000046     I2C.obj (.text:Init_I2C)
                  00004588    00000036     leds.obj (.text:LED_convert)
                  000045be    00000036     sysfunc.obj (.text:wait_1ms)
                  000045f4    00000030     sysfunc.obj (.text:Init_System_Clock)
                  00004624    0000002e     I2C.obj (.text:I2C_ReadByte)
                  00004652    0000002c     rts430_eabi.lib : lsl16.obj (.text)
                  0000467e    00000028     leds.obj (.text:LED_out)
                  000046a6    00000026     I2C.obj (.text:I2C_WriteByte)
                  000046cc    0000001e     leds.obj (.text:LED_change)
                  000046ea    0000001e     leds.obj (.text:LED_reset)
                  00004708    0000001e     leds.obj (.text:LED_set)
                  00004726    0000001a     keys.obj (.text:KEYS_waitkey)
                  00004740    0000001a     rts430_eabi.lib : boot.obj (.text:_c_int00_noexit)
                  0000475a    00000014                     : copy_zero_init.obj (.text:decompress:ZI:__TI_zero_init)
                  0000476e    00000014                     : mult16_hw.obj (.text)
                  00004782    00000012                     : copy_decompress_none.obj (.text:decompress:none:__TI_decompress_none)
                  00004794    00000012                     : memcpy.obj (.text:memcpy)
                  000047a6    00000010                     : epilog.obj (.text)
                  000047b6    0000000e     keys.obj (.text:KEYS_clear)
                  000047c4    0000000e     leds.obj (.text:LED_invert)
                  000047d2    0000000c     sysfunc.obj (.text:Init_System)
                  000047de    00000008     leds.obj (.text:LED_clear)
                  000047e6    00000006     msp430_initialize_unused_interrrupt_vectors.obj (.text:ISR_trap)
                  000047ec    00000006     rts430_eabi.lib : isr_trap.obj (.text:__TI_ISR_TRAP)
                  000047f2    00000006                     : copy_decompress_rle.obj (.text:decompress:rle24:__TI_decompress_rle24)
                  000047f8    00000004                     : pre_init.obj (.text:_system_pre_init)
                  000047fc    00000004                     : exit.obj (.text:abort)

.cinit     0    00004800    00000024     
                  00004800    00000012     (.cinit..data.load) [load image]
                  00004812    00000006     (__TI_handler_table)
                  00004818    00000004     (.cinit..bss.load) [load image, compression = zero_init]
                  0000481c    00000008     (__TI_cinit_table)

DACDMA     0    0000ffe0    00000002     
                  0000ffe0    00000002     msp430_initialize_unused_interrrupt_vectors.obj (.int00)

PORT2      0    0000ffe2    00000002     
                  0000ffe2    00000002     msp430_initialize_unused_interrrupt_vectors.obj (.int01)

USART1TX   0    0000ffe4    00000002     
                  0000ffe4    00000002     msp430_initialize_unused_interrrupt_vectors.obj (.int02)

USART1RX   0    0000ffe6    00000002     
                  0000ffe6    00000002     msp430_initialize_unused_interrrupt_vectors.obj (.int03)

PORT1      0    0000ffe8    00000002     
                  0000ffe8    00000002     msp430_initialize_unused_interrrupt_vectors.obj (.int04)

TIMERA1    0    0000ffea    00000002     
                  0000ffea    00000002     msp430_initialize_unused_interrrupt_vectors.obj (.int05)

TIMERA0    0    0000ffec    00000002     
                  0000ffec    00000002     msp430_initialize_unused_interrrupt_vectors.obj (.int06)

ADC12      0    0000ffee    00000002     
                  0000ffee    00000002     msp430_initialize_unused_interrrupt_vectors.obj (.int07)

USART0TX   0    0000fff0    00000002     
                  0000fff0    00000002     I2C.obj (.int08)

USART0RX   0    0000fff2    00000002     
                  0000fff2    00000002     rts430_eabi.lib : int09.obj (.int09)

WDT        0    0000fff4    00000002     
                  0000fff4    00000002     msp430_initialize_unused_interrrupt_vectors.obj (.int10)

COMPARATORA 
*          0    0000fff6    00000002     
                  0000fff6    00000002     msp430_initialize_unused_interrrupt_vectors.obj (.int11)

TIMERB1    0    0000fff8    00000002     
                  0000fff8    00000002     msp430_initialize_unused_interrrupt_vectors.obj (.int12)

TIMERB0    0    0000fffa    00000002     
                  0000fffa    00000002     msp430_initialize_unused_interrrupt_vectors.obj (.int13)

NMI        0    0000fffc    00000002     
                  0000fffc    00000002     msp430_initialize_unused_interrrupt_vectors.obj (.int14)

.reset     0    0000fffe    00000002     
                  0000fffe    00000002     rts430_eabi.lib : boot.obj (.reset)


LINKER GENERATED COPY TABLES

__TI_cinit_table @ 0000481c records: 2, size/record: 4, table size: 8
	.data: load addr=00004800, load size=00000012 bytes, run addr=00001110, run size=0000000e bytes, compression=copy
	.bss: load addr=00004818, load size=00000004 bytes, run addr=00001100, run size=00000010 bytes, compression=zero_init


LINKER GENERATED HANDLER TABLE

__TI_handler_table @ 00004812 records: 3, size/record: 2, table size: 6
	index: 0, handler: __TI_zero_init
	index: 1, handler: __TI_decompress_rle24
	index: 2, handler: __TI_decompress_none


GLOBAL SYMBOLS: SORTED ALPHABETICALLY BY Name 

address    name
--------   ----
000001a0   ADC12CTL0
000001a2   ADC12CTL1
000001a6   ADC12IE
000001a4   ADC12IFG
000001a8   ADC12IV
00000080   ADC12MCTL0
00000081   ADC12MCTL1
0000008a   ADC12MCTL10
0000008b   ADC12MCTL11
0000008c   ADC12MCTL12
0000008d   ADC12MCTL13
0000008e   ADC12MCTL14
0000008f   ADC12MCTL15
00000082   ADC12MCTL2
00000083   ADC12MCTL3
00000084   ADC12MCTL4
00000085   ADC12MCTL5
00000086   ADC12MCTL6
00000087   ADC12MCTL7
00000088   ADC12MCTL8
00000089   ADC12MCTL9
00000140   ADC12MEM0
00000142   ADC12MEM1
00000154   ADC12MEM10
00000156   ADC12MEM11
00000158   ADC12MEM12
0000015a   ADC12MEM13
0000015c   ADC12MEM14
0000015e   ADC12MEM15
00000144   ADC12MEM2
00000146   ADC12MEM3
00000148   ADC12MEM4
0000014a   ADC12MEM5
0000014c   ADC12MEM6
0000014e   ADC12MEM7
00000150   ADC12MEM8
00000152   ADC12MEM9
00000057   BCSCTL1
00000058   BCSCTL2
00001100   BufRptr
00001102   BufTptr
000047fc   C$$EXIT
00000059   CACTL1
0000005a   CACTL2
0000005b   CAPD
000001c0   DAC12_0CTL
000001c8   DAC12_0DAT
000001c2   DAC12_1CTL
000001ca   DAC12_1DAT
00000056   DCOCTL
000001e0   DMA0CTL
000001e4   DMA0DA
000001e2   DMA0SA
000001e6   DMA0SZ
000001e8   DMA1CTL
000001ec   DMA1DA
000001ea   DMA1SA
000001ee   DMA1SZ
000001f0   DMA2CTL
000001f4   DMA2DA
000001f2   DMA2SA
000001f6   DMA2SZ
00000122   DMACTL0
00000124   DMACTL1
00000128   FCTL1
0000012a   FCTL2
0000012c   FCTL3
00000072   I2CDCTL
00000076   I2CDRB
00000076   I2CDRW
00000050   I2CIE
00000051   I2CIFG
0000011c   I2CIV
00000052   I2CNDAT
00000118   I2COA
00000073   I2CPSC
0000011a   I2CSA
00000074   I2CSCLH
00000075   I2CSCLL
00000071   I2CTCTL
000043ea   I2C_ISR
00004624   I2C_ReadByte
000046a6   I2C_WriteByte
00000000   IE1
00000001   IE2
00000002   IFG1
00000003   IFG2
000047e6   ISR_trap
00004542   Init_I2C
000047d2   Init_System
000045f4   Init_System_Clock
000047b6   KEYS_clear
0000111c   KEYS_last
000041c6   KEYS_scannow
00004726   KEYS_waitkey
000046cc   LED_change
000047de   LED_clear
0000111d   LED_config
00004588   LED_convert
000042f8   LED_fx1
00004270   LED_fx2
00004000   LED_fx3
000047c4   LED_invert
0000467e   LED_out
000046ea   LED_reset
00004708   LED_set
00000134   MAC
00000136   MACS
00000004   ME1
00000005   ME2
00000130   MPY
00000132   MPYS
00000138   OP2
00000022   P1DIR
00000025   P1IE
00000024   P1IES
00000023   P1IFG
00000020   P1IN
00000021   P1OUT
00000026   P1SEL
0000002a   P2DIR
0000002d   P2IE
0000002c   P2IES
0000002b   P2IFG
00000028   P2IN
00000029   P2OUT
0000002e   P2SEL
0000001a   P3DIR
00000018   P3IN
00000019   P3OUT
0000001b   P3SEL
0000001e   P4DIR
0000001c   P4IN
0000001d   P4OUT
0000001f   P4SEL
00000032   P5DIR
00000030   P5IN
00000031   P5OUT
00000033   P5SEL
00000036   P6DIR
00000034   P6IN
00000035   P6OUT
00000037   P6SEL
0000013c   RESHI
0000013a   RESLO
000044aa   Receive_I2C
00001104   Rx_Data
0000013e   SUMEXT
00000055   SVSCTL
000044f8   Send_I2C
00000172   TACCR0
00000174   TACCR1
00000176   TACCR2
00000162   TACCTL0
00000164   TACCTL1
00000166   TACCTL2
00000160   TACTL
0000012e   TAIV
00000170   TAR
00000192   TBCCR0
00000194   TBCCR1
00000196   TBCCR2
00000198   TBCCR3
0000019a   TBCCR4
0000019c   TBCCR5
0000019e   TBCCR6
00000182   TBCCTL0
00000184   TBCCTL1
00000186   TBCCTL2
00000188   TBCCTL3
0000018a   TBCCTL4
0000018c   TBCCTL5
0000018e   TBCCTL6
00000180   TBCTL
0000011e   TBIV
00000190   TBR
00001106   Tx_Data
00000074   U0BR0
00000075   U0BR1
00000070   U0CTL
00000073   U0MCTL
00000072   U0RCTL
00000076   U0RXBUF
00000071   U0TCTL
00000077   U0TXBUF
0000007c   U1BR0
0000007d   U1BR1
00000078   U1CTL
0000007b   U1MCTL
0000007a   U1RCTL
0000007e   U1RXBUF
00000079   U1TCTL
0000007f   U1TXBUF
00000120   WDTCTL
00003900   __STACK_END
00000050   __STACK_SIZE
0000481c   __TI_CINIT_Base
00004824   __TI_CINIT_Limit
00004812   __TI_Handler_Table_Base
00004818   __TI_Handler_Table_Limit
UNDEFED    __TI_INITARRAY_Base
UNDEFED    __TI_INITARRAY_Limit
000047ec   __TI_ISR_TRAP
00000001   __TI_args_main
00004782   __TI_decompress_none
000047f2   __TI_decompress_rle24
00000001   __TI_exit
0000ffe0   __TI_int00
0000ffe2   __TI_int01
0000ffe4   __TI_int02
0000ffe6   __TI_int03
0000ffe8   __TI_int04
0000ffea   __TI_int05
0000ffec   __TI_int06
0000ffee   __TI_int07
0000fff0   __TI_int08
0000fff2   __TI_int09
0000fff4   __TI_int10
0000fff6   __TI_int11
0000fff8   __TI_int12
0000fffa   __TI_int13
0000fffc   __TI_int14
0000475a   __TI_zero_init
ffffffff   __binit__
ffffffff   __c_args__
000047b2   __mspabi_func_epilog_1
000047b0   __mspabi_func_epilog_2
000047ae   __mspabi_func_epilog_3
000047ac   __mspabi_func_epilog_4
000047aa   __mspabi_func_epilog_5
000047a8   __mspabi_func_epilog_6
000047a6   __mspabi_func_epilog_7
0000476e   __mspabi_mpyi_hw
00004652   __mspabi_slli
0000467a   __mspabi_slli_1
00004668   __mspabi_slli_10
00004666   __mspabi_slli_11
00004664   __mspabi_slli_12
00004662   __mspabi_slli_13
00004660   __mspabi_slli_14
0000465e   __mspabi_slli_15
00004678   __mspabi_slli_2
00004676   __mspabi_slli_3
00004674   __mspabi_slli_4
00004672   __mspabi_slli_5
00004670   __mspabi_slli_6
0000466e   __mspabi_slli_7
0000466c   __mspabi_slli_8
0000466a   __mspabi_slli_9
00004376   _auto_init_hold_wdt
00004740   _c_int00
00004740   _c_int00_noexit
0000fffe   _reset_vector
000038b0   _stack
000047f8   _system_pre_init
000047fc   abort
ffffffff   binit
0000110c   key
0000110d   keycol
0000110e   keyline
000040f0   main
00004794   memcpy
0000110f   n
00001110   table_keys
000045be   wait_1ms
00001108   wait_i
0000110a   wait_j


GLOBAL SYMBOLS: SORTED BY Symbol Address 

address    name
--------   ----
00000000   IE1
00000001   IE2
00000001   __TI_args_main
00000001   __TI_exit
00000002   IFG1
00000003   IFG2
00000004   ME1
00000005   ME2
00000018   P3IN
00000019   P3OUT
0000001a   P3DIR
0000001b   P3SEL
0000001c   P4IN
0000001d   P4OUT
0000001e   P4DIR
0000001f   P4SEL
00000020   P1IN
00000021   P1OUT
00000022   P1DIR
00000023   P1IFG
00000024   P1IES
00000025   P1IE
00000026   P1SEL
00000028   P2IN
00000029   P2OUT
0000002a   P2DIR
0000002b   P2IFG
0000002c   P2IES
0000002d   P2IE
0000002e   P2SEL
00000030   P5IN
00000031   P5OUT
00000032   P5DIR
00000033   P5SEL
00000034   P6IN
00000035   P6OUT
00000036   P6DIR
00000037   P6SEL
00000050   I2CIE
00000050   __STACK_SIZE
00000051   I2CIFG
00000052   I2CNDAT
00000055   SVSCTL
00000056   DCOCTL
00000057   BCSCTL1
00000058   BCSCTL2
00000059   CACTL1
0000005a   CACTL2
0000005b   CAPD
00000070   U0CTL
00000071   I2CTCTL
00000071   U0TCTL
00000072   I2CDCTL
00000072   U0RCTL
00000073   I2CPSC
00000073   U0MCTL
00000074   I2CSCLH
00000074   U0BR0
00000075   I2CSCLL
00000075   U0BR1
00000076   I2CDRB
00000076   I2CDRW
00000076   U0RXBUF
00000077   U0TXBUF
00000078   U1CTL
00000079   U1TCTL
0000007a   U1RCTL
0000007b   U1MCTL
0000007c   U1BR0
0000007d   U1BR1
0000007e   U1RXBUF
0000007f   U1TXBUF
00000080   ADC12MCTL0
00000081   ADC12MCTL1
00000082   ADC12MCTL2
00000083   ADC12MCTL3
00000084   ADC12MCTL4
00000085   ADC12MCTL5
00000086   ADC12MCTL6
00000087   ADC12MCTL7
00000088   ADC12MCTL8
00000089   ADC12MCTL9
0000008a   ADC12MCTL10
0000008b   ADC12MCTL11
0000008c   ADC12MCTL12
0000008d   ADC12MCTL13
0000008e   ADC12MCTL14
0000008f   ADC12MCTL15
00000118   I2COA
0000011a   I2CSA
0000011c   I2CIV
0000011e   TBIV
00000120   WDTCTL
00000122   DMACTL0
00000124   DMACTL1
00000128   FCTL1
0000012a   FCTL2
0000012c   FCTL3
0000012e   TAIV
00000130   MPY
00000132   MPYS
00000134   MAC
00000136   MACS
00000138   OP2
0000013a   RESLO
0000013c   RESHI
0000013e   SUMEXT
00000140   ADC12MEM0
00000142   ADC12MEM1
00000144   ADC12MEM2
00000146   ADC12MEM3
00000148   ADC12MEM4
0000014a   ADC12MEM5
0000014c   ADC12MEM6
0000014e   ADC12MEM7
00000150   ADC12MEM8
00000152   ADC12MEM9
00000154   ADC12MEM10
00000156   ADC12MEM11
00000158   ADC12MEM12
0000015a   ADC12MEM13
0000015c   ADC12MEM14
0000015e   ADC12MEM15
00000160   TACTL
00000162   TACCTL0
00000164   TACCTL1
00000166   TACCTL2
00000170   TAR
00000172   TACCR0
00000174   TACCR1
00000176   TACCR2
00000180   TBCTL
00000182   TBCCTL0
00000184   TBCCTL1
00000186   TBCCTL2
00000188   TBCCTL3
0000018a   TBCCTL4
0000018c   TBCCTL5
0000018e   TBCCTL6
00000190   TBR
00000192   TBCCR0
00000194   TBCCR1
00000196   TBCCR2
00000198   TBCCR3
0000019a   TBCCR4
0000019c   TBCCR5
0000019e   TBCCR6
000001a0   ADC12CTL0
000001a2   ADC12CTL1
000001a4   ADC12IFG
000001a6   ADC12IE
000001a8   ADC12IV
000001c0   DAC12_0CTL
000001c2   DAC12_1CTL
000001c8   DAC12_0DAT
000001ca   DAC12_1DAT
000001e0   DMA0CTL
000001e2   DMA0SA
000001e4   DMA0DA
000001e6   DMA0SZ
000001e8   DMA1CTL
000001ea   DMA1SA
000001ec   DMA1DA
000001ee   DMA1SZ
000001f0   DMA2CTL
000001f2   DMA2SA
000001f4   DMA2DA
000001f6   DMA2SZ
00001100   BufRptr
00001102   BufTptr
00001104   Rx_Data
00001106   Tx_Data
00001108   wait_i
0000110a   wait_j
0000110c   key
0000110d   keycol
0000110e   keyline
0000110f   n
00001110   table_keys
0000111c   KEYS_last
0000111d   LED_config
000038b0   _stack
00003900   __STACK_END
00004000   LED_fx3
000040f0   main
000041c6   KEYS_scannow
00004270   LED_fx2
000042f8   LED_fx1
00004376   _auto_init_hold_wdt
000043ea   I2C_ISR
000044aa   Receive_I2C
000044f8   Send_I2C
00004542   Init_I2C
00004588   LED_convert
000045be   wait_1ms
000045f4   Init_System_Clock
00004624   I2C_ReadByte
00004652   __mspabi_slli
0000465e   __mspabi_slli_15
00004660   __mspabi_slli_14
00004662   __mspabi_slli_13
00004664   __mspabi_slli_12
00004666   __mspabi_slli_11
00004668   __mspabi_slli_10
0000466a   __mspabi_slli_9
0000466c   __mspabi_slli_8
0000466e   __mspabi_slli_7
00004670   __mspabi_slli_6
00004672   __mspabi_slli_5
00004674   __mspabi_slli_4
00004676   __mspabi_slli_3
00004678   __mspabi_slli_2
0000467a   __mspabi_slli_1
0000467e   LED_out
000046a6   I2C_WriteByte
000046cc   LED_change
000046ea   LED_reset
00004708   LED_set
00004726   KEYS_waitkey
00004740   _c_int00
00004740   _c_int00_noexit
0000475a   __TI_zero_init
0000476e   __mspabi_mpyi_hw
00004782   __TI_decompress_none
00004794   memcpy
000047a6   __mspabi_func_epilog_7
000047a8   __mspabi_func_epilog_6
000047aa   __mspabi_func_epilog_5
000047ac   __mspabi_func_epilog_4
000047ae   __mspabi_func_epilog_3
000047b0   __mspabi_func_epilog_2
000047b2   __mspabi_func_epilog_1
000047b6   KEYS_clear
000047c4   LED_invert
000047d2   Init_System
000047de   LED_clear
000047e6   ISR_trap
000047ec   __TI_ISR_TRAP
000047f2   __TI_decompress_rle24
000047f8   _system_pre_init
000047fc   C$$EXIT
000047fc   abort
00004812   __TI_Handler_Table_Base
00004818   __TI_Handler_Table_Limit
0000481c   __TI_CINIT_Base
00004824   __TI_CINIT_Limit
0000ffe0   __TI_int00
0000ffe2   __TI_int01
0000ffe4   __TI_int02
0000ffe6   __TI_int03
0000ffe8   __TI_int04
0000ffea   __TI_int05
0000ffec   __TI_int06
0000ffee   __TI_int07
0000fff0   __TI_int08
0000fff2   __TI_int09
0000fff4   __TI_int10
0000fff6   __TI_int11
0000fff8   __TI_int12
0000fffa   __TI_int13
0000fffc   __TI_int14
0000fffe   _reset_vector
ffffffff   __binit__
ffffffff   __c_args__
ffffffff   binit
UNDEFED    __TI_INITARRAY_Base
UNDEFED    __TI_INITARRAY_Limit

[267 symbols]
