<?xml version="1.0"?>
<link_info>
   <banner>MSP430 Linker PC v4.3.4</banner>
   <copyright>Copyright (c) 2003-2014 Texas Instruments Incorporated</copyright>
   <link_time>0x54283f54</link_time>
   <link_errors>0x0</link_errors>
   <output_file>MSP430-ADC+CURRENT.out</output_file>
   <entry_point>
      <name>_c_int00</name>
      <address>0x785c</address>
   </entry_point>
   <input_file_list>
      <input_file id="fl-2">
         <path>.\</path>
         <kind>object</kind>
         <file>I2C.obj</file>
         <name>I2C.obj</name>
      </input_file>
      <input_file id="fl-3">
         <path>.\</path>
         <kind>object</kind>
         <file>analogsensors.obj</file>
         <name>analogsensors.obj</name>
      </input_file>
      <input_file id="fl-4">
         <path>.\</path>
         <kind>object</kind>
         <file>keys.obj</file>
         <name>keys.obj</name>
      </input_file>
      <input_file id="fl-5">
         <path>.\</path>
         <kind>object</kind>
         <file>lcd.obj</file>
         <name>lcd.obj</name>
      </input_file>
      <input_file id="fl-6">
         <path>.\</path>
         <kind>object</kind>
         <file>leds.obj</file>
         <name>leds.obj</name>
      </input_file>
      <input_file id="fl-7">
         <path>.\</path>
         <kind>object</kind>
         <file>main.obj</file>
         <name>main.obj</name>
      </input_file>
      <input_file id="fl-8">
         <path>.\</path>
         <kind>object</kind>
         <file>msp430_initialize_unused_interrrupt_vectors.obj</file>
         <name>msp430_initialize_unused_interrrupt_vectors.obj</name>
      </input_file>
      <input_file id="fl-9">
         <path>.\</path>
         <kind>object</kind>
         <file>sysfunc.obj</file>
         <name>sysfunc.obj</name>
      </input_file>
      <input_file id="fl-a">
         <path>.\</path>
         <kind>object</kind>
         <file>uart.obj</file>
         <name>uart.obj</name>
      </input_file>
      <input_file id="fl-38">
         <path>C:\TI\ccsv6\tools\compiler\msp430_4.3.4\lib\</path>
         <kind>archive</kind>
         <file>rts430_eabi.lib</file>
         <name>boot.obj</name>
      </input_file>
      <input_file id="fl-39">
         <path>C:\TI\ccsv6\tools\compiler\msp430_4.3.4\lib\</path>
         <kind>archive</kind>
         <file>rts430_eabi.lib</file>
         <name>copy_decompress_none.obj</name>
      </input_file>
      <input_file id="fl-3a">
         <path>C:\TI\ccsv6\tools\compiler\msp430_4.3.4\lib\</path>
         <kind>archive</kind>
         <file>rts430_eabi.lib</file>
         <name>copy_decompress_rle.obj</name>
      </input_file>
      <input_file id="fl-3b">
         <path>C:\TI\ccsv6\tools\compiler\msp430_4.3.4\lib\</path>
         <kind>archive</kind>
         <file>rts430_eabi.lib</file>
         <name>copy_zero_init.obj</name>
      </input_file>
      <input_file id="fl-3c">
         <path>C:\TI\ccsv6\tools\compiler\msp430_4.3.4\lib\</path>
         <kind>archive</kind>
         <file>rts430_eabi.lib</file>
         <name>cvtdf.obj</name>
      </input_file>
      <input_file id="fl-3d">
         <path>C:\TI\ccsv6\tools\compiler\msp430_4.3.4\lib\</path>
         <kind>archive</kind>
         <file>rts430_eabi.lib</file>
         <name>cvtfd.obj</name>
      </input_file>
      <input_file id="fl-3e">
         <path>C:\TI\ccsv6\tools\compiler\msp430_4.3.4\lib\</path>
         <kind>archive</kind>
         <file>rts430_eabi.lib</file>
         <name>div32s.obj</name>
      </input_file>
      <input_file id="fl-3f">
         <path>C:\TI\ccsv6\tools\compiler\msp430_4.3.4\lib\</path>
         <kind>archive</kind>
         <file>rts430_eabi.lib</file>
         <name>div32u.obj</name>
      </input_file>
      <input_file id="fl-40">
         <path>C:\TI\ccsv6\tools\compiler\msp430_4.3.4\lib\</path>
         <kind>archive</kind>
         <file>rts430_eabi.lib</file>
         <name>divd.obj</name>
      </input_file>
      <input_file id="fl-41">
         <path>C:\TI\ccsv6\tools\compiler\msp430_4.3.4\lib\</path>
         <kind>archive</kind>
         <file>rts430_eabi.lib</file>
         <name>epilog.obj</name>
      </input_file>
      <input_file id="fl-42">
         <path>C:\TI\ccsv6\tools\compiler\msp430_4.3.4\lib\</path>
         <kind>archive</kind>
         <file>rts430_eabi.lib</file>
         <name>exit.obj</name>
      </input_file>
      <input_file id="fl-43">
         <path>C:\TI\ccsv6\tools\compiler\msp430_4.3.4\lib\</path>
         <kind>archive</kind>
         <file>rts430_eabi.lib</file>
         <name>fltud.obj</name>
      </input_file>
      <input_file id="fl-44">
         <path>C:\TI\ccsv6\tools\compiler\msp430_4.3.4\lib\</path>
         <kind>archive</kind>
         <file>rts430_eabi.lib</file>
         <name>fltuld.obj</name>
      </input_file>
      <input_file id="fl-45">
         <path>C:\TI\ccsv6\tools\compiler\msp430_4.3.4\lib\</path>
         <kind>archive</kind>
         <file>rts430_eabi.lib</file>
         <name>frcdivd.obj</name>
      </input_file>
      <input_file id="fl-46">
         <path>C:\TI\ccsv6\tools\compiler\msp430_4.3.4\lib\</path>
         <kind>archive</kind>
         <file>rts430_eabi.lib</file>
         <name>int09.obj</name>
      </input_file>
      <input_file id="fl-47">
         <path>C:\TI\ccsv6\tools\compiler\msp430_4.3.4\lib\</path>
         <kind>archive</kind>
         <file>rts430_eabi.lib</file>
         <name>isr_trap.obj</name>
      </input_file>
      <input_file id="fl-48">
         <path>C:\TI\ccsv6\tools\compiler\msp430_4.3.4\lib\</path>
         <kind>archive</kind>
         <file>rts430_eabi.lib</file>
         <name>lsl16.obj</name>
      </input_file>
      <input_file id="fl-49">
         <path>C:\TI\ccsv6\tools\compiler\msp430_4.3.4\lib\</path>
         <kind>archive</kind>
         <file>rts430_eabi.lib</file>
         <name>lsl32.obj</name>
      </input_file>
      <input_file id="fl-4a">
         <path>C:\TI\ccsv6\tools\compiler\msp430_4.3.4\lib\</path>
         <kind>archive</kind>
         <file>rts430_eabi.lib</file>
         <name>lsr16.obj</name>
      </input_file>
      <input_file id="fl-4b">
         <path>C:\TI\ccsv6\tools\compiler\msp430_4.3.4\lib\</path>
         <kind>archive</kind>
         <file>rts430_eabi.lib</file>
         <name>lsr32.obj</name>
      </input_file>
      <input_file id="fl-4c">
         <path>C:\TI\ccsv6\tools\compiler\msp430_4.3.4\lib\</path>
         <kind>archive</kind>
         <file>rts430_eabi.lib</file>
         <name>memcpy.obj</name>
      </input_file>
      <input_file id="fl-4d">
         <path>C:\TI\ccsv6\tools\compiler\msp430_4.3.4\lib\</path>
         <kind>archive</kind>
         <file>rts430_eabi.lib</file>
         <name>mpu_init.obj</name>
      </input_file>
      <input_file id="fl-4e">
         <path>C:\TI\ccsv6\tools\compiler\msp430_4.3.4\lib\</path>
         <kind>archive</kind>
         <file>rts430_eabi.lib</file>
         <name>mpyd.obj</name>
      </input_file>
      <input_file id="fl-4f">
         <path>C:\TI\ccsv6\tools\compiler\msp430_4.3.4\lib\</path>
         <kind>archive</kind>
         <file>rts430_eabi.lib</file>
         <name>mult16_hw.obj</name>
      </input_file>
      <input_file id="fl-50">
         <path>C:\TI\ccsv6\tools\compiler\msp430_4.3.4\lib\</path>
         <kind>archive</kind>
         <file>rts430_eabi.lib</file>
         <name>mult32_hw.obj</name>
      </input_file>
      <input_file id="fl-51">
         <path>C:\TI\ccsv6\tools\compiler\msp430_4.3.4\lib\</path>
         <kind>archive</kind>
         <file>rts430_eabi.lib</file>
         <name>pre_init.obj</name>
      </input_file>
      <input_file id="fl-52">
         <path>C:\TI\ccsv6\tools\compiler\msp430_4.3.4\lib\</path>
         <kind>archive</kind>
         <file>rts430_eabi.lib</file>
         <name>sprintf.obj</name>
      </input_file>
      <input_file id="fl-53">
         <path>C:\TI\ccsv6\tools\compiler\msp430_4.3.4\lib\</path>
         <kind>archive</kind>
         <file>rts430_eabi.lib</file>
         <name>subd.obj</name>
      </input_file>
      <input_file id="fl-54">
         <path>C:\TI\ccsv6\tools\compiler\msp430_4.3.4\lib\</path>
         <kind>archive</kind>
         <file>rts430_eabi.lib</file>
         <name>_lock.obj</name>
      </input_file>
      <input_file id="fl-55">
         <path>C:\TI\ccsv6\tools\compiler\msp430_4.3.4\lib\</path>
         <kind>archive</kind>
         <file>rts430_eabi.lib</file>
         <name>_printfi.obj</name>
      </input_file>
      <input_file id="fl-56">
         <path>C:\TI\ccsv6\tools\compiler\msp430_4.3.4\lib\</path>
         <kind>archive</kind>
         <file>rts430_eabi.lib</file>
         <name>addd.obj</name>
      </input_file>
      <input_file id="fl-57">
         <path>C:\TI\ccsv6\tools\compiler\msp430_4.3.4\lib\</path>
         <kind>archive</kind>
         <file>rts430_eabi.lib</file>
         <name>args_main.obj</name>
      </input_file>
      <input_file id="fl-58">
         <path>C:\TI\ccsv6\tools\compiler\msp430_4.3.4\lib\</path>
         <kind>archive</kind>
         <file>rts430_eabi.lib</file>
         <name>asr16.obj</name>
      </input_file>
      <input_file id="fl-59">
         <path>C:\TI\ccsv6\tools\compiler\msp430_4.3.4\lib\</path>
         <kind>archive</kind>
         <file>rts430_eabi.lib</file>
         <name>asr32.obj</name>
      </input_file>
      <input_file id="fl-5a">
         <path>C:\TI\ccsv6\tools\compiler\msp430_4.3.4\lib\</path>
         <kind>archive</kind>
         <file>rts430_eabi.lib</file>
         <name>atoi.obj</name>
      </input_file>
      <input_file id="fl-5b">
         <path>C:\TI\ccsv6\tools\compiler\msp430_4.3.4\lib\</path>
         <kind>archive</kind>
         <file>rts430_eabi.lib</file>
         <name>autoinit.obj</name>
      </input_file>
      <input_file id="fl-5c">
         <path>C:\TI\ccsv6\tools\compiler\msp430_4.3.4\lib\</path>
         <kind>archive</kind>
         <file>rts430_eabi.lib</file>
         <name>cmpd.obj</name>
      </input_file>
      <input_file id="fl-5d">
         <path>C:\TI\ccsv6\tools\compiler\msp430_4.3.4\lib\</path>
         <kind>archive</kind>
         <file>rts430_eabi.lib</file>
         <name>ctype.obj</name>
      </input_file>
      <input_file id="fl-5e">
         <path>C:\TI\ccsv6\tools\compiler\msp430_4.3.4\lib\</path>
         <kind>archive</kind>
         <file>rts430_eabi.lib</file>
         <name>div16u.obj</name>
      </input_file>
      <input_file id="fl-5f">
         <path>C:\TI\ccsv6\tools\compiler\msp430_4.3.4\lib\</path>
         <kind>archive</kind>
         <file>rts430_eabi.lib</file>
         <name>fixdli.obj</name>
      </input_file>
      <input_file id="fl-60">
         <path>C:\TI\ccsv6\tools\compiler\msp430_4.3.4\lib\</path>
         <kind>archive</kind>
         <file>rts430_eabi.lib</file>
         <name>fixdu.obj</name>
      </input_file>
      <input_file id="fl-61">
         <path>C:\TI\ccsv6\tools\compiler\msp430_4.3.4\lib\</path>
         <kind>archive</kind>
         <file>rts430_eabi.lib</file>
         <name>fixdul.obj</name>
      </input_file>
      <input_file id="fl-62">
         <path>C:\TI\ccsv6\tools\compiler\msp430_4.3.4\lib\</path>
         <kind>archive</kind>
         <file>rts430_eabi.lib</file>
         <name>fltlid.obj</name>
      </input_file>
      <input_file id="fl-63">
         <path>C:\TI\ccsv6\tools\compiler\msp430_4.3.4\lib\</path>
         <kind>archive</kind>
         <file>rts430_eabi.lib</file>
         <name>frcaddd.obj</name>
      </input_file>
      <input_file id="fl-64">
         <path>C:\TI\ccsv6\tools\compiler\msp430_4.3.4\lib\</path>
         <kind>archive</kind>
         <file>rts430_eabi.lib</file>
         <name>frcmpyd.obj</name>
      </input_file>
      <input_file id="fl-65">
         <path>C:\TI\ccsv6\tools\compiler\msp430_4.3.4\lib\</path>
         <kind>archive</kind>
         <file>rts430_eabi.lib</file>
         <name>llmath.obj</name>
      </input_file>
      <input_file id="fl-66">
         <path>C:\TI\ccsv6\tools\compiler\msp430_4.3.4\lib\</path>
         <kind>archive</kind>
         <file>rts430_eabi.lib</file>
         <name>ltoa.obj</name>
      </input_file>
      <input_file id="fl-67">
         <path>C:\TI\ccsv6\tools\compiler\msp430_4.3.4\lib\</path>
         <kind>archive</kind>
         <file>rts430_eabi.lib</file>
         <name>memccpy.obj</name>
      </input_file>
      <input_file id="fl-68">
         <path>C:\TI\ccsv6\tools\compiler\msp430_4.3.4\lib\</path>
         <kind>archive</kind>
         <file>rts430_eabi.lib</file>
         <name>memset.obj</name>
      </input_file>
      <input_file id="fl-69">
         <path>C:\TI\ccsv6\tools\compiler\msp430_4.3.4\lib\</path>
         <kind>archive</kind>
         <file>rts430_eabi.lib</file>
         <name>mult64_hw.obj</name>
      </input_file>
      <input_file id="fl-6a">
         <path>C:\TI\ccsv6\tools\compiler\msp430_4.3.4\lib\</path>
         <kind>archive</kind>
         <file>rts430_eabi.lib</file>
         <name>negd.obj</name>
      </input_file>
      <input_file id="fl-6b">
         <path>C:\TI\ccsv6\tools\compiler\msp430_4.3.4\lib\</path>
         <kind>archive</kind>
         <file>rts430_eabi.lib</file>
         <name>renormd.obj</name>
      </input_file>
      <input_file id="fl-6c">
         <path>C:\TI\ccsv6\tools\compiler\msp430_4.3.4\lib\</path>
         <kind>archive</kind>
         <file>rts430_eabi.lib</file>
         <name>strlen.obj</name>
      </input_file>
      <input_file id="fl-6d">
         <path>C:\TI\ccsv6\tools\compiler\msp430_4.3.4\lib\</path>
         <kind>archive</kind>
         <file>rts430_eabi.lib</file>
         <name>toupper.obj</name>
      </input_file>
      <input_file id="fl-6e">
         <path>C:\TI\ccsv6\tools\compiler\msp430_4.3.4\lib\</path>
         <kind>archive</kind>
         <file>rts430_eabi.lib</file>
         <name>xdclass.obj</name>
      </input_file>
      <input_file id="fl-6f">
         <path>C:\TI\ccsv6\tools\compiler\msp430_4.3.4\lib\</path>
         <kind>archive</kind>
         <file>rts430_eabi.lib</file>
         <name>abs.obj</name>
      </input_file>
      <input_file id="fl-70">
         <path>C:\TI\ccsv6\tools\compiler\msp430_4.3.4\lib\</path>
         <kind>archive</kind>
         <file>rts430_eabi.lib</file>
         <name>llabs.obj</name>
      </input_file>
   </input_file_list>
   <object_component_list>
      <object_component id="oc-56">
         <name>.stack</name>
         <uninitialized>true</uninitialized>
         <run_address>0x370c</run_address>
         <size>0x2</size>
         <input_file_ref idref="fl-38"/>
      </object_component>
      <object_component id="oc-3e7">
         <name>.stack</name>
         <uninitialized>true</uninitialized>
         <run_address>0x370c</run_address>
         <size>0x0</size>
      </object_component>
      <object_component id="oc-1db">
         <name>.text:__TI_frcdivd</name>
         <load_address>0x4000</load_address>
         <run_address>0x4000</run_address>
         <size>0x462</size>
         <input_file_ref idref="fl-45"/>
      </object_component>
      <object_component id="oc-312">
         <name>.text:__mspabi_divull</name>
         <load_address>0x4462</load_address>
         <run_address>0x4462</run_address>
         <size>0x3a0</size>
         <input_file_ref idref="fl-65"/>
      </object_component>
      <object_component id="oc-1c6">
         <name>.text:__TI_frcmpyd</name>
         <load_address>0x4802</load_address>
         <run_address>0x4802</run_address>
         <size>0x2f4</size>
         <input_file_ref idref="fl-64"/>
      </object_component>
      <object_component id="oc-362">
         <name>.text:__mspabi_addd</name>
         <load_address>0x4af6</load_address>
         <run_address>0x4af6</run_address>
         <size>0x2e8</size>
         <input_file_ref idref="fl-56"/>
      </object_component>
      <object_component id="oc-162">
         <name>.text:__mspabi_mpyd</name>
         <load_address>0x4dde</load_address>
         <run_address>0x4dde</run_address>
         <size>0x26e</size>
         <input_file_ref idref="fl-4e"/>
      </object_component>
      <object_component id="oc-37f">
         <name>.text:__TI_frcaddd</name>
         <load_address>0x504c</load_address>
         <run_address>0x504c</run_address>
         <size>0x260</size>
         <input_file_ref idref="fl-63"/>
      </object_component>
      <object_component id="oc-202">
         <name>.text:_setfield</name>
         <load_address>0x52ac</load_address>
         <run_address>0x52ac</run_address>
         <size>0x244</size>
         <input_file_ref idref="fl-55"/>
      </object_component>
      <object_component id="oc-16b">
         <name>.text:__mspabi_divd</name>
         <load_address>0x54f0</load_address>
         <run_address>0x54f0</run_address>
         <size>0x238</size>
         <input_file_ref idref="fl-40"/>
      </object_component>
      <object_component id="oc-2db">
         <name>.text:ecvt</name>
         <load_address>0x5728</load_address>
         <run_address>0x5728</run_address>
         <size>0x220</size>
         <input_file_ref idref="fl-55"/>
      </object_component>
      <object_component id="oc-2ee">
         <name>.text:fcvt</name>
         <load_address>0x5948</load_address>
         <run_address>0x5948</run_address>
         <size>0x21a</size>
         <input_file_ref idref="fl-55"/>
      </object_component>
      <object_component id="oc-25c">
         <name>.text:_pproc_fge</name>
         <load_address>0x5b62</load_address>
         <run_address>0x5b62</run_address>
         <size>0x1fe</size>
         <input_file_ref idref="fl-55"/>
      </object_component>
      <object_component id="oc-197">
         <name>.text:__TI_printfi</name>
         <load_address>0x5d60</load_address>
         <run_address>0x5d60</run_address>
         <size>0x1de</size>
         <input_file_ref idref="fl-55"/>
      </object_component>
      <object_component id="oc-2ae">
         <name>.text:_pconv_e</name>
         <load_address>0x5f3e</load_address>
         <run_address>0x5f3e</run_address>
         <size>0x1ac</size>
         <input_file_ref idref="fl-55"/>
      </object_component>
      <object_component id="oc-283">
         <name>.text:_getarg_diouxp</name>
         <load_address>0x60ea</load_address>
         <run_address>0x60ea</run_address>
         <size>0x168</size>
         <input_file_ref idref="fl-55"/>
      </object_component>
      <object_component id="oc-256">
         <name>.text:_pproc_diouxp</name>
         <load_address>0x6252</load_address>
         <run_address>0x6252</run_address>
         <size>0x150</size>
         <input_file_ref idref="fl-55"/>
      </object_component>
      <object_component id="oc-2a2">
         <name>.text:_pconv_g</name>
         <load_address>0x63a2</load_address>
         <run_address>0x63a2</run_address>
         <size>0x108</size>
         <input_file_ref idref="fl-55"/>
      </object_component>
      <object_component id="oc-289">
         <name>.text:_ltostr</name>
         <load_address>0x64aa</load_address>
         <run_address>0x64aa</run_address>
         <size>0x106</size>
         <input_file_ref idref="fl-55"/>
      </object_component>
      <object_component id="oc-1fc">
         <name>.text:_pproc_fwp</name>
         <load_address>0x65b0</load_address>
         <run_address>0x65b0</run_address>
         <size>0xf8</size>
         <input_file_ref idref="fl-55"/>
      </object_component>
      <object_component id="oc-2b4">
         <name>.text:__mspabi_cmpd</name>
         <load_address>0x66a8</load_address>
         <run_address>0x66a8</run_address>
         <size>0xdc</size>
         <input_file_ref idref="fl-5c"/>
      </object_component>
      <object_component id="oc-e9">
         <name>.text:INA_get_curr</name>
         <load_address>0x6784</load_address>
         <run_address>0x6784</run_address>
         <size>0xca</size>
         <input_file_ref idref="fl-3"/>
      </object_component>
      <object_component id="oc-39b">
         <name>.text:__TI_renormd</name>
         <load_address>0x684e</load_address>
         <run_address>0x684e</run_address>
         <size>0xbe</size>
         <input_file_ref idref="fl-6b"/>
      </object_component>
      <object_component id="oc-208">
         <name>.text:_pproc_str</name>
         <load_address>0x690c</load_address>
         <run_address>0x690c</run_address>
         <size>0xae</size>
         <input_file_ref idref="fl-55"/>
      </object_component>
      <object_component id="oc-324">
         <name>.text:__mspabi_fltlid</name>
         <load_address>0x69ba</load_address>
         <run_address>0x69ba</run_address>
         <size>0xa2</size>
         <input_file_ref idref="fl-62"/>
      </object_component>
      <object_component id="oc-2d0">
         <name>.text:__mpyll</name>
         <load_address>0x6a5c</load_address>
         <run_address>0x6a5c</run_address>
         <size>0x96</size>
         <input_file_ref idref="fl-69"/>
      </object_component>
      <object_component id="oc-1ac">
         <name>.text:LCD_WriteByte</name>
         <load_address>0x6af2</load_address>
         <run_address>0x6af2</run_address>
         <size>0x94</size>
         <input_file_ref idref="fl-5"/>
      </object_component>
      <object_component id="oc-2e7">
         <name>.text:_mcpy</name>
         <load_address>0x6b86</load_address>
         <run_address>0x6b86</run_address>
         <size>0x92</size>
         <input_file_ref idref="fl-55"/>
      </object_component>
      <object_component id="oc-2ca">
         <name>.text:_div</name>
         <load_address>0x6c18</load_address>
         <run_address>0x6c18</run_address>
         <size>0x90</size>
         <input_file_ref idref="fl-55"/>
      </object_component>
      <object_component id="oc-171">
         <name>.text:__mspabi_cvtdf</name>
         <load_address>0x6ca8</load_address>
         <run_address>0x6ca8</run_address>
         <size>0x8c</size>
         <input_file_ref idref="fl-3c"/>
      </object_component>
      <object_component id="oc-2e1">
         <name>.text:_ecpy</name>
         <load_address>0x6d34</load_address>
         <run_address>0x6d34</run_address>
         <size>0x86</size>
         <input_file_ref idref="fl-55"/>
      </object_component>
      <object_component id="oc-31e">
         <name>.text:ltoa</name>
         <load_address>0x6dba</load_address>
         <run_address>0x6dba</run_address>
         <size>0x84</size>
         <input_file_ref idref="fl-66"/>
      </object_component>
      <object_component id="oc-1be">
         <name>.text:__mspabi_fltuld</name>
         <load_address>0x6e3e</load_address>
         <run_address>0x6e3e</run_address>
         <size>0x80</size>
         <input_file_ref idref="fl-44"/>
      </object_component>
      <object_component id="oc-2a8">
         <name>.text:_pconv_f</name>
         <load_address>0x6ebe</load_address>
         <run_address>0x6ebe</run_address>
         <size>0x80</size>
         <input_file_ref idref="fl-55"/>
      </object_component>
      <object_component id="oc-36a">
         <name>.text:__mspabi_fixdul</name>
         <load_address>0x6f3e</load_address>
         <run_address>0x6f3e</run_address>
         <size>0x74</size>
         <input_file_ref idref="fl-61"/>
      </object_component>
      <object_component id="oc-77">
         <name>.text:_auto_init_hold_wdt</name>
         <load_address>0x6fb2</load_address>
         <run_address>0x6fb2</run_address>
         <size>0x74</size>
         <input_file_ref idref="fl-5b"/>
      </object_component>
      <object_component id="oc-336">
         <name>.text:__mspabi_fixdli</name>
         <load_address>0x7026</load_address>
         <run_address>0x7026</run_address>
         <size>0x72</size>
         <input_file_ref idref="fl-5f"/>
      </object_component>
      <object_component id="oc-ef">
         <name>.text:__mspabi_cvtfd</name>
         <load_address>0x7098</load_address>
         <run_address>0x7098</run_address>
         <size>0x68</size>
         <input_file_ref idref="fl-3d"/>
      </object_component>
      <object_component id="oc-7d">
         <name>.text:main</name>
         <load_address>0x7100</load_address>
         <run_address>0x7100</run_address>
         <size>0x68</size>
         <input_file_ref idref="fl-7"/>
      </object_component>
      <object_component id="oc-66">
         <name>.text:I2C_ISR</name>
         <load_address>0x7168</load_address>
         <run_address>0x7168</run_address>
         <size>0x62</size>
         <input_file_ref idref="fl-2"/>
      </object_component>
      <object_component id="oc-dd">
         <name>.text:LCD_message</name>
         <load_address>0x71ca</load_address>
         <run_address>0x71ca</run_address>
         <size>0x60</size>
         <input_file_ref idref="fl-5"/>
      </object_component>
      <object_component id="oc-9e">
         <name>.text:__TI_decompress_rle_core</name>
         <load_address>0x722a</load_address>
         <run_address>0x722a</run_address>
         <size>0x5e</size>
         <input_file_ref idref="fl-3a"/>
      </object_component>
      <object_component id="oc-224">
         <name>.text:l_lsr_const</name>
         <load_address>0x7288</load_address>
         <run_address>0x7288</run_address>
         <size>0x5c</size>
         <input_file_ref idref="fl-4b"/>
      </object_component>
      <object_component id="oc-30d">
         <name>.text</name>
         <load_address>0x72e4</load_address>
         <run_address>0x72e4</run_address>
         <size>0x58</size>
         <input_file_ref idref="fl-3f"/>
      </object_component>
      <object_component id="oc-24e">
         <name>.text:atoi</name>
         <load_address>0x733c</load_address>
         <run_address>0x733c</run_address>
         <size>0x54</size>
         <input_file_ref idref="fl-5a"/>
      </object_component>
      <object_component id="oc-296">
         <name>.text:_Dclass</name>
         <load_address>0x7390</load_address>
         <run_address>0x7390</run_address>
         <size>0x50</size>
         <input_file_ref idref="fl-6e"/>
      </object_component>
      <object_component id="oc-2f4">
         <name>.text:_fcpy</name>
         <load_address>0x73e0</load_address>
         <run_address>0x73e0</run_address>
         <size>0x4e</size>
         <input_file_ref idref="fl-55"/>
      </object_component>
      <object_component id="oc-1d6">
         <name>.text</name>
         <load_address>0x742e</load_address>
         <run_address>0x742e</run_address>
         <size>0x4c</size>
         <input_file_ref idref="fl-4a"/>
      </object_component>
      <object_component id="oc-d0">
         <name>.text:LCD_init</name>
         <load_address>0x747a</load_address>
         <run_address>0x747a</run_address>
         <size>0x46</size>
         <input_file_ref idref="fl-5"/>
      </object_component>
      <object_component id="oc-e3">
         <name>.text:LCD_set_pos</name>
         <load_address>0x74c0</load_address>
         <run_address>0x74c0</run_address>
         <size>0x44</size>
         <input_file_ref idref="fl-5"/>
      </object_component>
      <object_component id="oc-302">
         <name>.text:__mspabi_srlll</name>
         <load_address>0x7504</load_address>
         <run_address>0x7504</run_address>
         <size>0x44</size>
         <input_file_ref idref="fl-65"/>
      </object_component>
      <object_component id="oc-1f6">
         <name>.text:_pproc_fflags</name>
         <load_address>0x7548</load_address>
         <run_address>0x7548</run_address>
         <size>0x44</size>
         <input_file_ref idref="fl-55"/>
      </object_component>
      <object_component id="oc-346">
         <name>.text:__mspabi_sllll</name>
         <load_address>0x758c</load_address>
         <run_address>0x758c</run_address>
         <size>0x42</size>
         <input_file_ref idref="fl-65"/>
      </object_component>
      <object_component id="oc-353">
         <name>.text</name>
         <load_address>0x75ce</load_address>
         <run_address>0x75ce</run_address>
         <size>0x40</size>
         <input_file_ref idref="fl-3e"/>
      </object_component>
      <object_component id="oc-17d">
         <name>.text:l_asr_const</name>
         <load_address>0x760e</load_address>
         <run_address>0x760e</run_address>
         <size>0x3e</size>
         <input_file_ref idref="fl-59"/>
      </object_component>
      <object_component id="oc-1e3">
         <name>.text:l_lsl_const</name>
         <load_address>0x764c</load_address>
         <run_address>0x764c</run_address>
         <size>0x3e</size>
         <input_file_ref idref="fl-49"/>
      </object_component>
      <object_component id="oc-f8">
         <name>.text:sprintf</name>
         <load_address>0x768a</load_address>
         <run_address>0x768a</run_address>
         <size>0x38</size>
         <input_file_ref idref="fl-52"/>
      </object_component>
      <object_component id="oc-fe">
         <name>.text:wait_1ms</name>
         <load_address>0x76c2</load_address>
         <run_address>0x76c2</run_address>
         <size>0x36</size>
         <input_file_ref idref="fl-9"/>
      </object_component>
      <object_component id="oc-c4">
         <name>.text:Init_System_Clock</name>
         <load_address>0x76f8</load_address>
         <run_address>0x76f8</run_address>
         <size>0x30</size>
         <input_file_ref idref="fl-9"/>
      </object_component>
      <object_component id="oc-32a">
         <name>.text:__mspabi_subd</name>
         <load_address>0x7728</load_address>
         <run_address>0x7728</run_address>
         <size>0x2e</size>
         <input_file_ref idref="fl-53"/>
      </object_component>
      <object_component id="oc-22d">
         <name>.text</name>
         <load_address>0x7756</load_address>
         <run_address>0x7756</run_address>
         <size>0x2e</size>
         <input_file_ref idref="fl-50"/>
      </object_component>
      <object_component id="oc-178">
         <name>.text</name>
         <load_address>0x7784</load_address>
         <run_address>0x7784</run_address>
         <size>0x2c</size>
         <input_file_ref idref="fl-58"/>
      </object_component>
      <object_component id="oc-155">
         <name>.text</name>
         <load_address>0x77b0</load_address>
         <run_address>0x77b0</run_address>
         <size>0x2c</size>
         <input_file_ref idref="fl-48"/>
      </object_component>
      <object_component id="oc-29c">
         <name>.text:__mspabi_negd</name>
         <load_address>0x77dc</load_address>
         <run_address>0x77dc</run_address>
         <size>0x2a</size>
         <input_file_ref idref="fl-6a"/>
      </object_component>
      <object_component id="oc-d6">
         <name>.text:LCD_set_cursor</name>
         <load_address>0x7806</load_address>
         <run_address>0x7806</run_address>
         <size>0x1e</size>
         <input_file_ref idref="fl-5"/>
      </object_component>
      <object_component id="oc-142">
         <name>.text:LCD_recode</name>
         <load_address>0x7824</load_address>
         <run_address>0x7824</run_address>
         <size>0x1c</size>
         <input_file_ref idref="fl-5"/>
      </object_component>
      <object_component id="oc-262">
         <name>.text:memccpy</name>
         <load_address>0x7840</load_address>
         <run_address>0x7840</run_address>
         <size>0x1c</size>
         <input_file_ref idref="fl-67"/>
      </object_component>
      <object_component id="oc-3e">
         <name>.text:_c_int00_noexit</name>
         <load_address>0x785c</load_address>
         <run_address>0x785c</run_address>
         <size>0x1a</size>
         <input_file_ref idref="fl-38"/>
      </object_component>
      <object_component id="oc-18b">
         <name>.text:_outs</name>
         <load_address>0x7876</load_address>
         <run_address>0x7876</run_address>
         <size>0x1a</size>
         <input_file_ref idref="fl-52"/>
      </object_component>
      <object_component id="oc-308">
         <name>.text</name>
         <load_address>0x7890</load_address>
         <run_address>0x7890</run_address>
         <size>0x16</size>
         <input_file_ref idref="fl-5e"/>
      </object_component>
      <object_component id="oc-4a">
         <name>.text:decompress:ZI:__TI_zero_init</name>
         <load_address>0x78a6</load_address>
         <run_address>0x78a6</run_address>
         <size>0x14</size>
         <input_file_ref idref="fl-3b"/>
      </object_component>
      <object_component id="oc-248">
         <name>.text:memset</name>
         <load_address>0x78ba</load_address>
         <run_address>0x78ba</run_address>
         <size>0x14</size>
         <input_file_ref idref="fl-68"/>
      </object_component>
      <object_component id="oc-239">
         <name>.text</name>
         <load_address>0x78ce</load_address>
         <run_address>0x78ce</run_address>
         <size>0x14</size>
         <input_file_ref idref="fl-4f"/>
      </object_component>
      <object_component id="oc-330">
         <name>.text:__mspabi_fixdu</name>
         <load_address>0x78e2</load_address>
         <run_address>0x78e2</run_address>
         <size>0x12</size>
         <input_file_ref idref="fl-60"/>
      </object_component>
      <object_component id="oc-191">
         <name>.text:_outc</name>
         <load_address>0x78f4</load_address>
         <run_address>0x78f4</run_address>
         <size>0x12</size>
         <input_file_ref idref="fl-52"/>
      </object_component>
      <object_component id="oc-44">
         <name>.text:decompress:none:__TI_decompress_none</name>
         <load_address>0x7906</load_address>
         <run_address>0x7906</run_address>
         <size>0x12</size>
         <input_file_ref idref="fl-39"/>
      </object_component>
      <object_component id="oc-34c">
         <name>.text:l_lsr</name>
         <load_address>0x7918</load_address>
         <run_address>0x7918</run_address>
         <size>0x12</size>
         <input_file_ref idref="fl-4b"/>
      </object_component>
      <object_component id="oc-8a">
         <name>.text:memcpy</name>
         <load_address>0x792a</load_address>
         <run_address>0x792a</run_address>
         <size>0x12</size>
         <input_file_ref idref="fl-4c"/>
      </object_component>
      <object_component id="oc-12b">
         <name>.text:LCD_WriteCommand</name>
         <load_address>0x793c</load_address>
         <run_address>0x793c</run_address>
         <size>0x10</size>
         <input_file_ref idref="fl-5"/>
      </object_component>
      <object_component id="oc-148">
         <name>.text:LCD_WriteData</name>
         <load_address>0x794c</load_address>
         <run_address>0x794c</run_address>
         <size>0x10</size>
         <input_file_ref idref="fl-5"/>
      </object_component>
      <object_component id="oc-131">
         <name>.text:LCD_clear</name>
         <load_address>0x795c</load_address>
         <run_address>0x795c</run_address>
         <size>0x10</size>
         <input_file_ref idref="fl-5"/>
      </object_component>
      <object_component id="oc-396">
         <name>.text:l_asr</name>
         <load_address>0x796c</load_address>
         <run_address>0x796c</run_address>
         <size>0x10</size>
         <input_file_ref idref="fl-59"/>
      </object_component>
      <object_component id="oc-391">
         <name>.text:l_lsl</name>
         <load_address>0x797c</load_address>
         <run_address>0x797c</run_address>
         <size>0x10</size>
         <input_file_ref idref="fl-49"/>
      </object_component>
      <object_component id="oc-bd">
         <name>.text</name>
         <load_address>0x798c</load_address>
         <run_address>0x798c</run_address>
         <size>0x10</size>
         <input_file_ref idref="fl-41"/>
      </object_component>
      <object_component id="oc-1f0">
         <name>.text:strlen</name>
         <load_address>0x799c</load_address>
         <run_address>0x799c</run_address>
         <size>0xe</size>
         <input_file_ref idref="fl-6c"/>
      </object_component>
      <object_component id="oc-ca">
         <name>.text:Init_System</name>
         <load_address>0x79aa</load_address>
         <run_address>0x79aa</run_address>
         <size>0xc</size>
         <input_file_ref idref="fl-9"/>
      </object_component>
      <object_component id="oc-60">
         <name>.text:isrTIMERA</name>
         <load_address>0x79b6</load_address>
         <run_address>0x79b6</run_address>
         <size>0xc</size>
         <input_file_ref idref="fl-3"/>
      </object_component>
      <object_component id="oc-290">
         <name>.text:toupper</name>
         <load_address>0x79c2</load_address>
         <run_address>0x79c2</run_address>
         <size>0xc</size>
         <input_file_ref idref="fl-6d"/>
      </object_component>
      <object_component id="oc-358">
         <name>.text:abs</name>
         <load_address>0x79ce</load_address>
         <run_address>0x79ce</run_address>
         <size>0xa</size>
         <input_file_ref idref="fl-6f"/>
      </object_component>
      <object_component id="oc-5a">
         <name>.text:ISR_trap</name>
         <load_address>0x79d8</load_address>
         <run_address>0x79d8</run_address>
         <size>0x6</size>
         <input_file_ref idref="fl-8"/>
      </object_component>
      <object_component id="oc-6c">
         <name>.text:__TI_ISR_TRAP</name>
         <load_address>0x79de</load_address>
         <run_address>0x79de</run_address>
         <size>0x6</size>
         <input_file_ref idref="fl-47"/>
      </object_component>
      <object_component id="oc-15c">
         <name>.text:__mspabi_fltud</name>
         <load_address>0x79e4</load_address>
         <run_address>0x79e4</run_address>
         <size>0x6</size>
         <input_file_ref idref="fl-43"/>
      </object_component>
      <object_component id="oc-50">
         <name>.text:decompress:rle24:__TI_decompress_rle24</name>
         <load_address>0x79ea</load_address>
         <run_address>0x79ea</run_address>
         <size>0x6</size>
         <input_file_ref idref="fl-3a"/>
      </object_component>
      <object_component id="oc-71">
         <name>.text:_system_pre_init</name>
         <load_address>0x79f0</load_address>
         <run_address>0x79f0</run_address>
         <size>0x4</size>
         <input_file_ref idref="fl-51"/>
      </object_component>
      <object_component id="oc-83">
         <name>.text:abort</name>
         <load_address>0x79f4</load_address>
         <run_address>0x79f4</run_address>
         <size>0x4</size>
         <input_file_ref idref="fl-42"/>
      </object_component>
      <object_component id="oc-3e6">
         <name>.cinit..data.load</name>
         <load_address>0x7b56</load_address>
         <run_address>0x7b56</run_address>
         <size>0x49</size>
      </object_component>
      <object_component id="oc-3e3">
         <name>__TI_handler_table</name>
         <load_address>0x7ba0</load_address>
         <run_address>0x7ba0</run_address>
         <size>0x6</size>
      </object_component>
      <object_component id="oc-3e5">
         <name>.cinit..bss.load</name>
         <load_address>0x7ba6</load_address>
         <run_address>0x7ba6</run_address>
         <size>0x4</size>
      </object_component>
      <object_component id="oc-3e4">
         <name>__TI_cinit_table</name>
         <load_address>0x7baa</load_address>
         <run_address>0x7baa</run_address>
         <size>0x8</size>
      </object_component>
      <object_component id="oc-27e">
         <name>.const:.string:_ctypes_</name>
         <load_address>0x79f8</load_address>
         <run_address>0x79f8</run_address>
         <size>0x101</size>
         <input_file_ref idref="fl-5d"/>
      </object_component>
      <object_component id="oc-255">
         <name>.const:.string</name>
         <load_address>0x7afa</load_address>
         <run_address>0x7afa</run_address>
         <size>0x24</size>
         <input_file_ref idref="fl-55"/>
      </object_component>
      <object_component id="oc-dc">
         <name>.const:.string</name>
         <load_address>0x7b1e</load_address>
         <run_address>0x7b1e</run_address>
         <size>0x20</size>
         <input_file_ref idref="fl-7"/>
      </object_component>
      <object_component id="oc-168">
         <name>.const</name>
         <load_address>0x7b3e</load_address>
         <run_address>0x7b3e</run_address>
         <size>0x18</size>
         <input_file_ref idref="fl-3"/>
      </object_component>
      <object_component id="oc-2f">
         <name>.int00</name>
         <load_address>0xffe0</load_address>
         <run_address>0xffe0</run_address>
         <size>0x2</size>
         <input_file_ref idref="fl-8"/>
      </object_component>
      <object_component id="oc-30">
         <name>.int01</name>
         <load_address>0xffe2</load_address>
         <run_address>0xffe2</run_address>
         <size>0x2</size>
         <input_file_ref idref="fl-8"/>
      </object_component>
      <object_component id="oc-31">
         <name>.int02</name>
         <load_address>0xffe4</load_address>
         <run_address>0xffe4</run_address>
         <size>0x2</size>
         <input_file_ref idref="fl-8"/>
      </object_component>
      <object_component id="oc-32">
         <name>.int03</name>
         <load_address>0xffe6</load_address>
         <run_address>0xffe6</run_address>
         <size>0x2</size>
         <input_file_ref idref="fl-8"/>
      </object_component>
      <object_component id="oc-33">
         <name>.int04</name>
         <load_address>0xffe8</load_address>
         <run_address>0xffe8</run_address>
         <size>0x2</size>
         <input_file_ref idref="fl-8"/>
      </object_component>
      <object_component id="oc-34">
         <name>.int05</name>
         <load_address>0xffea</load_address>
         <run_address>0xffea</run_address>
         <size>0x2</size>
         <input_file_ref idref="fl-3"/>
      </object_component>
      <object_component id="oc-35">
         <name>.int06</name>
         <load_address>0xffec</load_address>
         <run_address>0xffec</run_address>
         <size>0x2</size>
         <input_file_ref idref="fl-8"/>
      </object_component>
      <object_component id="oc-36">
         <name>.int07</name>
         <load_address>0xffee</load_address>
         <run_address>0xffee</run_address>
         <size>0x2</size>
         <input_file_ref idref="fl-8"/>
      </object_component>
      <object_component id="oc-37">
         <name>.int08</name>
         <load_address>0xfff0</load_address>
         <run_address>0xfff0</run_address>
         <size>0x2</size>
         <input_file_ref idref="fl-2"/>
      </object_component>
      <object_component id="oc-38">
         <name>.int09</name>
         <load_address>0xfff2</load_address>
         <run_address>0xfff2</run_address>
         <size>0x2</size>
         <input_file_ref idref="fl-46"/>
      </object_component>
      <object_component id="oc-39">
         <name>.int10</name>
         <load_address>0xfff4</load_address>
         <run_address>0xfff4</run_address>
         <size>0x2</size>
         <input_file_ref idref="fl-8"/>
      </object_component>
      <object_component id="oc-3a">
         <name>.int11</name>
         <load_address>0xfff6</load_address>
         <run_address>0xfff6</run_address>
         <size>0x2</size>
         <input_file_ref idref="fl-8"/>
      </object_component>
      <object_component id="oc-3b">
         <name>.int12</name>
         <load_address>0xfff8</load_address>
         <run_address>0xfff8</run_address>
         <size>0x2</size>
         <input_file_ref idref="fl-8"/>
      </object_component>
      <object_component id="oc-3c">
         <name>.int13</name>
         <load_address>0xfffa</load_address>
         <run_address>0xfffa</run_address>
         <size>0x2</size>
         <input_file_ref idref="fl-8"/>
      </object_component>
      <object_component id="oc-3d">
         <name>.int14</name>
         <load_address>0xfffc</load_address>
         <run_address>0xfffc</run_address>
         <size>0x2</size>
         <input_file_ref idref="fl-8"/>
      </object_component>
      <object_component id="oc-59">
         <name>.reset</name>
         <load_address>0xfffe</load_address>
         <run_address>0xfffe</run_address>
         <size>0x2</size>
         <input_file_ref idref="fl-38"/>
      </object_component>
      <object_component id="oc-1b3">
         <name>.common:LCD_row</name>
         <uninitialized>true</uninitialized>
         <run_address>0x1169</run_address>
         <size>0x1</size>
      </object_component>
      <object_component id="oc-1b4">
         <name>.common:LCD_col</name>
         <uninitialized>true</uninitialized>
         <run_address>0x1168</run_address>
         <size>0x1</size>
      </object_component>
      <object_component id="oc-150">
         <name>.common:n</name>
         <uninitialized>true</uninitialized>
         <run_address>0x116a</run_address>
         <size>0x1</size>
      </object_component>
      <object_component id="oc-b9">
         <name>.common:BufTptr</name>
         <uninitialized>true</uninitialized>
         <run_address>0x1162</run_address>
         <size>0x2</size>
      </object_component>
      <object_component id="oc-b7">
         <name>.common:BufRptr</name>
         <uninitialized>true</uninitialized>
         <run_address>0x1160</run_address>
         <size>0x2</size>
      </object_component>
      <object_component id="oc-1a6">
         <name>.common:wait_i</name>
         <uninitialized>true</uninitialized>
         <run_address>0x1164</run_address>
         <size>0x2</size>
      </object_component>
      <object_component id="oc-1a4">
         <name>.common:wait_j</name>
         <uninitialized>true</uninitialized>
         <run_address>0x1166</run_address>
         <size>0x2</size>
      </object_component>
      <object_component id="oc-f5">
         <name>.data:message</name>
         <load_address>0x1140</load_address>
         <run_address>0x1140</run_address>
         <size>0x20</size>
         <input_file_ref idref="fl-7"/>
      </object_component>
      <object_component id="oc-1b8">
         <name>.data:LCD_table</name>
         <load_address>0x1100</load_address>
         <run_address>0x1100</run_address>
         <size>0x40</size>
         <input_file_ref idref="fl-5"/>
      </object_component>
      <object_component id="oc-3f">
         <name>.debug_info</name>
         <load_address>0x0</load_address>
         <run_address>0x0</run_address>
         <size>0x125</size>
         <input_file_ref idref="fl-38"/>
      </object_component>
      <object_component id="oc-45">
         <name>.debug_info</name>
         <load_address>0x125</load_address>
         <run_address>0x125</run_address>
         <size>0x194</size>
         <input_file_ref idref="fl-39"/>
      </object_component>
      <object_component id="oc-4b">
         <name>.debug_info</name>
         <load_address>0x2b9</load_address>
         <run_address>0x2b9</run_address>
         <size>0x16a</size>
         <input_file_ref idref="fl-3b"/>
      </object_component>
      <object_component id="oc-51">
         <name>.debug_info</name>
         <load_address>0x423</load_address>
         <run_address>0x423</run_address>
         <size>0x18e</size>
         <input_file_ref idref="fl-3a"/>
      </object_component>
      <object_component id="oc-57">
         <name>.debug_info</name>
         <load_address>0x5b1</load_address>
         <run_address>0x5b1</run_address>
         <size>0xaa</size>
         <input_file_ref idref="fl-38"/>
      </object_component>
      <object_component id="oc-5b">
         <name>.debug_info</name>
         <load_address>0x65b</load_address>
         <run_address>0x65b</run_address>
         <size>0x16f</size>
         <input_file_ref idref="fl-8"/>
      </object_component>
      <object_component id="oc-61">
         <name>.debug_info</name>
         <load_address>0x7ca</load_address>
         <run_address>0x7ca</run_address>
         <size>0x117</size>
         <input_file_ref idref="fl-3"/>
      </object_component>
      <object_component id="oc-67">
         <name>.debug_info</name>
         <load_address>0x8e1</load_address>
         <run_address>0x8e1</run_address>
         <size>0xf5</size>
         <input_file_ref idref="fl-2"/>
      </object_component>
      <object_component id="oc-6e">
         <name>.debug_info</name>
         <load_address>0x9d6</load_address>
         <run_address>0x9d6</run_address>
         <size>0xc2</size>
         <input_file_ref idref="fl-47"/>
      </object_component>
      <object_component id="oc-72">
         <name>.debug_info</name>
         <load_address>0xa98</load_address>
         <run_address>0xa98</run_address>
         <size>0xfd</size>
         <input_file_ref idref="fl-51"/>
      </object_component>
      <object_component id="oc-78">
         <name>.debug_info</name>
         <load_address>0xb95</load_address>
         <run_address>0xb95</run_address>
         <size>0x181</size>
         <input_file_ref idref="fl-5b"/>
      </object_component>
      <object_component id="oc-7e">
         <name>.debug_info</name>
         <load_address>0xd16</load_address>
         <run_address>0xd16</run_address>
         <size>0x1af</size>
         <input_file_ref idref="fl-7"/>
      </object_component>
      <object_component id="oc-84">
         <name>.debug_info</name>
         <load_address>0xec5</load_address>
         <run_address>0xec5</run_address>
         <size>0xcc</size>
         <input_file_ref idref="fl-42"/>
      </object_component>
      <object_component id="oc-8b">
         <name>.debug_info</name>
         <load_address>0xf91</load_address>
         <run_address>0xf91</run_address>
         <size>0x157</size>
         <input_file_ref idref="fl-4c"/>
      </object_component>
      <object_component id="oc-91">
         <name>.debug_info</name>
         <load_address>0x10e8</load_address>
         <run_address>0x10e8</run_address>
         <size>0x46</size>
         <input_file_ref idref="fl-39"/>
      </object_component>
      <object_component id="oc-96">
         <name>.debug_info</name>
         <load_address>0x112e</load_address>
         <run_address>0x112e</run_address>
         <size>0x167</size>
         <input_file_ref idref="fl-39"/>
      </object_component>
      <object_component id="oc-98">
         <name>.debug_info</name>
         <load_address>0x1295</load_address>
         <run_address>0x1295</run_address>
         <size>0x46</size>
         <input_file_ref idref="fl-3b"/>
      </object_component>
      <object_component id="oc-9d">
         <name>.debug_info</name>
         <load_address>0x12db</load_address>
         <run_address>0x12db</run_address>
         <size>0x11f</size>
         <input_file_ref idref="fl-3b"/>
      </object_component>
      <object_component id="oc-9f">
         <name>.debug_info</name>
         <load_address>0x13fa</load_address>
         <run_address>0x13fa</run_address>
         <size>0x1ef</size>
         <input_file_ref idref="fl-3a"/>
      </object_component>
      <object_component id="oc-a5">
         <name>.debug_info</name>
         <load_address>0x15e9</load_address>
         <run_address>0x15e9</run_address>
         <size>0x129</size>
         <input_file_ref idref="fl-3a"/>
      </object_component>
      <object_component id="oc-a6">
         <name>.debug_info</name>
         <load_address>0x1712</load_address>
         <run_address>0x1712</run_address>
         <size>0x39</size>
         <input_file_ref idref="fl-3a"/>
      </object_component>
      <object_component id="oc-ad">
         <name>.debug_info</name>
         <load_address>0x174b</load_address>
         <run_address>0x174b</run_address>
         <size>0x84</size>
         <input_file_ref idref="fl-2"/>
      </object_component>
      <object_component id="oc-b5">
         <name>.debug_info</name>
         <load_address>0x17cf</load_address>
         <run_address>0x17cf</run_address>
         <size>0x3cd</size>
         <input_file_ref idref="fl-7"/>
      </object_component>
      <object_component id="oc-bf">
         <name>.debug_info</name>
         <load_address>0x1b9c</load_address>
         <run_address>0x1b9c</run_address>
         <size>0xe1</size>
         <input_file_ref idref="fl-41"/>
      </object_component>
      <object_component id="oc-c3">
         <name>.debug_info</name>
         <load_address>0x1c7d</load_address>
         <run_address>0x1c7d</run_address>
         <size>0x2ba</size>
         <input_file_ref idref="fl-5b"/>
      </object_component>
      <object_component id="oc-c5">
         <name>.debug_info</name>
         <load_address>0x1f37</load_address>
         <run_address>0x1f37</run_address>
         <size>0x120</size>
         <input_file_ref idref="fl-9"/>
      </object_component>
      <object_component id="oc-cb">
         <name>.debug_info</name>
         <load_address>0x2057</load_address>
         <run_address>0x2057</run_address>
         <size>0x108</size>
         <input_file_ref idref="fl-9"/>
      </object_component>
      <object_component id="oc-d1">
         <name>.debug_info</name>
         <load_address>0x215f</load_address>
         <run_address>0x215f</run_address>
         <size>0x18f</size>
         <input_file_ref idref="fl-5"/>
      </object_component>
      <object_component id="oc-d7">
         <name>.debug_info</name>
         <load_address>0x22ee</load_address>
         <run_address>0x22ee</run_address>
         <size>0x144</size>
         <input_file_ref idref="fl-5"/>
      </object_component>
      <object_component id="oc-de">
         <name>.debug_info</name>
         <load_address>0x2432</load_address>
         <run_address>0x2432</run_address>
         <size>0x164</size>
         <input_file_ref idref="fl-5"/>
      </object_component>
      <object_component id="oc-e4">
         <name>.debug_info</name>
         <load_address>0x2596</load_address>
         <run_address>0x2596</run_address>
         <size>0x167</size>
         <input_file_ref idref="fl-5"/>
      </object_component>
      <object_component id="oc-ea">
         <name>.debug_info</name>
         <load_address>0x26fd</load_address>
         <run_address>0x26fd</run_address>
         <size>0x1d6</size>
         <input_file_ref idref="fl-3"/>
      </object_component>
      <object_component id="oc-f0">
         <name>.debug_info</name>
         <load_address>0x28d3</load_address>
         <run_address>0x28d3</run_address>
         <size>0x179</size>
         <input_file_ref idref="fl-3d"/>
      </object_component>
      <object_component id="oc-f6">
         <name>.debug_info</name>
         <load_address>0x2a4c</load_address>
         <run_address>0x2a4c</run_address>
         <size>0xc8</size>
         <input_file_ref idref="fl-7"/>
      </object_component>
      <object_component id="oc-f9">
         <name>.debug_info</name>
         <load_address>0x2b14</load_address>
         <run_address>0x2b14</run_address>
         <size>0x17d</size>
         <input_file_ref idref="fl-52"/>
      </object_component>
      <object_component id="oc-ff">
         <name>.debug_info</name>
         <load_address>0x2c91</load_address>
         <run_address>0x2c91</run_address>
         <size>0x121</size>
         <input_file_ref idref="fl-9"/>
      </object_component>
      <object_component id="oc-107">
         <name>.debug_info</name>
         <load_address>0x2db2</load_address>
         <run_address>0x2db2</run_address>
         <size>0x127</size>
         <input_file_ref idref="fl-4c"/>
      </object_component>
      <object_component id="oc-108">
         <name>.debug_info</name>
         <load_address>0x2ed9</load_address>
         <run_address>0x2ed9</run_address>
         <size>0x2c</size>
         <input_file_ref idref="fl-3b"/>
      </object_component>
      <object_component id="oc-10d">
         <name>.debug_info</name>
         <load_address>0x2f05</load_address>
         <run_address>0x2f05</run_address>
         <size>0x2c</size>
         <input_file_ref idref="fl-39"/>
      </object_component>
      <object_component id="oc-11b">
         <name>.debug_info</name>
         <load_address>0x2f31</load_address>
         <run_address>0x2f31</run_address>
         <size>0x39</size>
         <input_file_ref idref="fl-2"/>
      </object_component>
      <object_component id="oc-123">
         <name>.debug_info</name>
         <load_address>0x2f6a</load_address>
         <run_address>0x2f6a</run_address>
         <size>0x39</size>
         <input_file_ref idref="fl-5b"/>
      </object_component>
      <object_component id="oc-129">
         <name>.debug_info</name>
         <load_address>0x2fa3</load_address>
         <run_address>0x2fa3</run_address>
         <size>0x1db</size>
         <input_file_ref idref="fl-9"/>
      </object_component>
      <object_component id="oc-12c">
         <name>.debug_info</name>
         <load_address>0x317e</load_address>
         <run_address>0x317e</run_address>
         <size>0x13d</size>
         <input_file_ref idref="fl-5"/>
      </object_component>
      <object_component id="oc-132">
         <name>.debug_info</name>
         <load_address>0x32bb</load_address>
         <run_address>0x32bb</run_address>
         <size>0x10f</size>
         <input_file_ref idref="fl-5"/>
      </object_component>
      <object_component id="oc-13a">
         <name>.debug_info</name>
         <load_address>0x33ca</load_address>
         <run_address>0x33ca</run_address>
         <size>0x23e</size>
         <input_file_ref idref="fl-5"/>
      </object_component>
      <object_component id="oc-143">
         <name>.debug_info</name>
         <load_address>0x3608</load_address>
         <run_address>0x3608</run_address>
         <size>0x115</size>
         <input_file_ref idref="fl-5"/>
      </object_component>
      <object_component id="oc-149">
         <name>.debug_info</name>
         <load_address>0x371d</load_address>
         <run_address>0x371d</run_address>
         <size>0x137</size>
         <input_file_ref idref="fl-5"/>
      </object_component>
      <object_component id="oc-157">
         <name>.debug_info</name>
         <load_address>0x3854</load_address>
         <run_address>0x3854</run_address>
         <size>0xd3</size>
         <input_file_ref idref="fl-48"/>
      </object_component>
      <object_component id="oc-15d">
         <name>.debug_info</name>
         <load_address>0x3927</load_address>
         <run_address>0x3927</run_address>
         <size>0x11b</size>
         <input_file_ref idref="fl-43"/>
      </object_component>
      <object_component id="oc-163">
         <name>.debug_info</name>
         <load_address>0x3a42</load_address>
         <run_address>0x3a42</run_address>
         <size>0x280</size>
         <input_file_ref idref="fl-4e"/>
      </object_component>
      <object_component id="oc-169">
         <name>.debug_info</name>
         <load_address>0x3cc2</load_address>
         <run_address>0x3cc2</run_address>
         <size>0x189</size>
         <input_file_ref idref="fl-3"/>
      </object_component>
      <object_component id="oc-16c">
         <name>.debug_info</name>
         <load_address>0x3e4b</load_address>
         <run_address>0x3e4b</run_address>
         <size>0x234</size>
         <input_file_ref idref="fl-40"/>
      </object_component>
      <object_component id="oc-172">
         <name>.debug_info</name>
         <load_address>0x407f</load_address>
         <run_address>0x407f</run_address>
         <size>0x1ae</size>
         <input_file_ref idref="fl-3c"/>
      </object_component>
      <object_component id="oc-17a">
         <name>.debug_info</name>
         <load_address>0x422d</load_address>
         <run_address>0x422d</run_address>
         <size>0xd3</size>
         <input_file_ref idref="fl-58"/>
      </object_component>
      <object_component id="oc-17e">
         <name>.debug_info</name>
         <load_address>0x4300</load_address>
         <run_address>0x4300</run_address>
         <size>0xd9</size>
         <input_file_ref idref="fl-59"/>
      </object_component>
      <object_component id="oc-183">
         <name>.debug_info</name>
         <load_address>0x43d9</load_address>
         <run_address>0x43d9</run_address>
         <size>0x1a8</size>
         <input_file_ref idref="fl-3d"/>
      </object_component>
      <object_component id="oc-184">
         <name>.debug_info</name>
         <load_address>0x4581</load_address>
         <run_address>0x4581</run_address>
         <size>0xdb</size>
         <input_file_ref idref="fl-3c"/>
      </object_component>
      <object_component id="oc-18c">
         <name>.debug_info</name>
         <load_address>0x465c</load_address>
         <run_address>0x465c</run_address>
         <size>0x142</size>
         <input_file_ref idref="fl-52"/>
      </object_component>
      <object_component id="oc-192">
         <name>.debug_info</name>
         <load_address>0x479e</load_address>
         <run_address>0x479e</run_address>
         <size>0x117</size>
         <input_file_ref idref="fl-52"/>
      </object_component>
      <object_component id="oc-198">
         <name>.debug_info</name>
         <load_address>0x48b5</load_address>
         <run_address>0x48b5</run_address>
         <size>0x2c2</size>
         <input_file_ref idref="fl-55"/>
      </object_component>
      <object_component id="oc-19e">
         <name>.debug_info</name>
         <load_address>0x4b77</load_address>
         <run_address>0x4b77</run_address>
         <size>0x1e2</size>
         <input_file_ref idref="fl-52"/>
      </object_component>
      <object_component id="oc-1ad">
         <name>.debug_info</name>
         <load_address>0x4d59</load_address>
         <run_address>0x4d59</run_address>
         <size>0x146</size>
         <input_file_ref idref="fl-5"/>
      </object_component>
      <object_component id="oc-1b9">
         <name>.debug_info</name>
         <load_address>0x4e9f</load_address>
         <run_address>0x4e9f</run_address>
         <size>0xd0</size>
         <input_file_ref idref="fl-5"/>
      </object_component>
      <object_component id="oc-1bf">
         <name>.debug_info</name>
         <load_address>0x4f6f</load_address>
         <run_address>0x4f6f</run_address>
         <size>0x1a9</size>
         <input_file_ref idref="fl-44"/>
      </object_component>
      <object_component id="oc-1c5">
         <name>.debug_info</name>
         <load_address>0x5118</load_address>
         <run_address>0x5118</run_address>
         <size>0x185</size>
         <input_file_ref idref="fl-43"/>
      </object_component>
      <object_component id="oc-1c7">
         <name>.debug_info</name>
         <load_address>0x529d</load_address>
         <run_address>0x529d</run_address>
         <size>0x381</size>
         <input_file_ref idref="fl-64"/>
      </object_component>
      <object_component id="oc-1cd">
         <name>.debug_info</name>
         <load_address>0x561e</load_address>
         <run_address>0x561e</run_address>
         <size>0x1c2</size>
         <input_file_ref idref="fl-4e"/>
      </object_component>
      <object_component id="oc-1ce">
         <name>.debug_info</name>
         <load_address>0x57e0</load_address>
         <run_address>0x57e0</run_address>
         <size>0x94</size>
         <input_file_ref idref="fl-40"/>
      </object_component>
      <object_component id="oc-1d5">
         <name>.debug_info</name>
         <load_address>0x5874</load_address>
         <run_address>0x5874</run_address>
         <size>0x381</size>
         <input_file_ref idref="fl-3"/>
      </object_component>
      <object_component id="oc-1d7">
         <name>.debug_info</name>
         <load_address>0x5bf5</load_address>
         <run_address>0x5bf5</run_address>
         <size>0xd3</size>
         <input_file_ref idref="fl-4a"/>
      </object_component>
      <object_component id="oc-1dd">
         <name>.debug_info</name>
         <load_address>0x5cc8</load_address>
         <run_address>0x5cc8</run_address>
         <size>0x59e</size>
         <input_file_ref idref="fl-45"/>
      </object_component>
      <object_component id="oc-1e2">
         <name>.debug_info</name>
         <load_address>0x6266</load_address>
         <run_address>0x6266</run_address>
         <size>0x1c2</size>
         <input_file_ref idref="fl-40"/>
      </object_component>
      <object_component id="oc-1e4">
         <name>.debug_info</name>
         <load_address>0x6428</load_address>
         <run_address>0x6428</run_address>
         <size>0xd9</size>
         <input_file_ref idref="fl-49"/>
      </object_component>
      <object_component id="oc-1e9">
         <name>.debug_info</name>
         <load_address>0x6501</load_address>
         <run_address>0x6501</run_address>
         <size>0x185</size>
         <input_file_ref idref="fl-3c"/>
      </object_component>
      <object_component id="oc-1f4">
         <name>.debug_info</name>
         <load_address>0x6686</load_address>
         <run_address>0x6686</run_address>
         <size>0x153</size>
         <input_file_ref idref="fl-6c"/>
      </object_component>
      <object_component id="oc-1f7">
         <name>.debug_info</name>
         <load_address>0x67d9</load_address>
         <run_address>0x67d9</run_address>
         <size>0x139</size>
         <input_file_ref idref="fl-55"/>
      </object_component>
      <object_component id="oc-1fd">
         <name>.debug_info</name>
         <load_address>0x6912</load_address>
         <run_address>0x6912</run_address>
         <size>0x1f2</size>
         <input_file_ref idref="fl-55"/>
      </object_component>
      <object_component id="oc-203">
         <name>.debug_info</name>
         <load_address>0x6b04</load_address>
         <run_address>0x6b04</run_address>
         <size>0x295</size>
         <input_file_ref idref="fl-55"/>
      </object_component>
      <object_component id="oc-209">
         <name>.debug_info</name>
         <load_address>0x6d99</load_address>
         <run_address>0x6d99</run_address>
         <size>0x217</size>
         <input_file_ref idref="fl-55"/>
      </object_component>
      <object_component id="oc-20f">
         <name>.debug_info</name>
         <load_address>0x6fb0</load_address>
         <run_address>0x6fb0</run_address>
         <size>0x3b7</size>
         <input_file_ref idref="fl-55"/>
      </object_component>
      <object_component id="oc-210">
         <name>.debug_info</name>
         <load_address>0x7367</load_address>
         <run_address>0x7367</run_address>
         <size>0x2c</size>
         <input_file_ref idref="fl-7"/>
      </object_component>
      <object_component id="oc-215">
         <name>.debug_info</name>
         <load_address>0x7393</load_address>
         <run_address>0x7393</run_address>
         <size>0x86</size>
         <input_file_ref idref="fl-55"/>
      </object_component>
      <object_component id="oc-21c">
         <name>.debug_info</name>
         <load_address>0x7419</load_address>
         <run_address>0x7419</run_address>
         <size>0x2c</size>
         <input_file_ref idref="fl-52"/>
      </object_component>
      <object_component id="oc-225">
         <name>.debug_info</name>
         <load_address>0x7445</load_address>
         <run_address>0x7445</run_address>
         <size>0xd9</size>
         <input_file_ref idref="fl-4b"/>
      </object_component>
      <object_component id="oc-22a">
         <name>.debug_info</name>
         <load_address>0x751e</load_address>
         <run_address>0x751e</run_address>
         <size>0x186</size>
         <input_file_ref idref="fl-44"/>
      </object_component>
      <object_component id="oc-22e">
         <name>.debug_info</name>
         <load_address>0x76a4</load_address>
         <run_address>0x76a4</run_address>
         <size>0xd2</size>
         <input_file_ref idref="fl-50"/>
      </object_component>
      <object_component id="oc-233">
         <name>.debug_info</name>
         <load_address>0x7776</load_address>
         <run_address>0x7776</run_address>
         <size>0x1a9</size>
         <input_file_ref idref="fl-64"/>
      </object_component>
      <object_component id="oc-23c">
         <name>.debug_info</name>
         <load_address>0x791f</load_address>
         <run_address>0x791f</run_address>
         <size>0xd2</size>
         <input_file_ref idref="fl-4f"/>
      </object_component>
      <object_component id="oc-23f">
         <name>.debug_info</name>
         <load_address>0x79f1</load_address>
         <run_address>0x79f1</run_address>
         <size>0x18d</size>
         <input_file_ref idref="fl-45"/>
      </object_component>
      <object_component id="oc-246">
         <name>.debug_info</name>
         <load_address>0x7b7e</load_address>
         <run_address>0x7b7e</run_address>
         <size>0x111</size>
         <input_file_ref idref="fl-6c"/>
      </object_component>
      <object_component id="oc-249">
         <name>.debug_info</name>
         <load_address>0x7c8f</load_address>
         <run_address>0x7c8f</run_address>
         <size>0x183</size>
         <input_file_ref idref="fl-68"/>
      </object_component>
      <object_component id="oc-24f">
         <name>.debug_info</name>
         <load_address>0x7e12</load_address>
         <run_address>0x7e12</run_address>
         <size>0x13a</size>
         <input_file_ref idref="fl-5a"/>
      </object_component>
      <object_component id="oc-257">
         <name>.debug_info</name>
         <load_address>0x7f4c</load_address>
         <run_address>0x7f4c</run_address>
         <size>0x1f5</size>
         <input_file_ref idref="fl-55"/>
      </object_component>
      <object_component id="oc-25d">
         <name>.debug_info</name>
         <load_address>0x8141</load_address>
         <run_address>0x8141</run_address>
         <size>0x397</size>
         <input_file_ref idref="fl-55"/>
      </object_component>
      <object_component id="oc-263">
         <name>.debug_info</name>
         <load_address>0x84d8</load_address>
         <run_address>0x84d8</run_address>
         <size>0x160</size>
         <input_file_ref idref="fl-67"/>
      </object_component>
      <object_component id="oc-26c">
         <name>.debug_info</name>
         <load_address>0x8638</load_address>
         <run_address>0x8638</run_address>
         <size>0x39</size>
         <input_file_ref idref="fl-55"/>
      </object_component>
      <object_component id="oc-27d">
         <name>.debug_info</name>
         <load_address>0x8671</load_address>
         <run_address>0x8671</run_address>
         <size>0x117</size>
         <input_file_ref idref="fl-68"/>
      </object_component>
      <object_component id="oc-27f">
         <name>.debug_info</name>
         <load_address>0x8788</load_address>
         <run_address>0x8788</run_address>
         <size>0xaf</size>
         <input_file_ref idref="fl-5d"/>
      </object_component>
      <object_component id="oc-282">
         <name>.debug_info</name>
         <load_address>0x8837</load_address>
         <run_address>0x8837</run_address>
         <size>0x137</size>
         <input_file_ref idref="fl-5a"/>
      </object_component>
      <object_component id="oc-284">
         <name>.debug_info</name>
         <load_address>0x896e</load_address>
         <run_address>0x896e</run_address>
         <size>0x15d</size>
         <input_file_ref idref="fl-55"/>
      </object_component>
      <object_component id="oc-28a">
         <name>.debug_info</name>
         <load_address>0x8acb</load_address>
         <run_address>0x8acb</run_address>
         <size>0x1d0</size>
         <input_file_ref idref="fl-55"/>
      </object_component>
      <object_component id="oc-292">
         <name>.debug_info</name>
         <load_address>0x8c9b</load_address>
         <run_address>0x8c9b</run_address>
         <size>0xfe</size>
         <input_file_ref idref="fl-6d"/>
      </object_component>
      <object_component id="oc-297">
         <name>.debug_info</name>
         <load_address>0x8d99</load_address>
         <run_address>0x8d99</run_address>
         <size>0x114</size>
         <input_file_ref idref="fl-6e"/>
      </object_component>
      <object_component id="oc-29d">
         <name>.debug_info</name>
         <load_address>0x8ead</load_address>
         <run_address>0x8ead</run_address>
         <size>0x102</size>
         <input_file_ref idref="fl-6a"/>
      </object_component>
      <object_component id="oc-2a3">
         <name>.debug_info</name>
         <load_address>0x8faf</load_address>
         <run_address>0x8faf</run_address>
         <size>0x229</size>
         <input_file_ref idref="fl-55"/>
      </object_component>
      <object_component id="oc-2a9">
         <name>.debug_info</name>
         <load_address>0x91d8</load_address>
         <run_address>0x91d8</run_address>
         <size>0x1ed</size>
         <input_file_ref idref="fl-55"/>
      </object_component>
      <object_component id="oc-2af">
         <name>.debug_info</name>
         <load_address>0x93c5</load_address>
         <run_address>0x93c5</run_address>
         <size>0x332</size>
         <input_file_ref idref="fl-55"/>
      </object_component>
      <object_component id="oc-2b5">
         <name>.debug_info</name>
         <load_address>0x96f7</load_address>
         <run_address>0x96f7</run_address>
         <size>0x193</size>
         <input_file_ref idref="fl-5c"/>
      </object_component>
      <object_component id="oc-2bc">
         <name>.debug_info</name>
         <load_address>0x988a</load_address>
         <run_address>0x988a</run_address>
         <size>0x118</size>
         <input_file_ref idref="fl-67"/>
      </object_component>
      <object_component id="oc-2bd">
         <name>.debug_info</name>
         <load_address>0x99a2</load_address>
         <run_address>0x99a2</run_address>
         <size>0x46</size>
         <input_file_ref idref="fl-55"/>
      </object_component>
      <object_component id="oc-2c6">
         <name>.debug_info</name>
         <load_address>0x99e8</load_address>
         <run_address>0x99e8</run_address>
         <size>0xa3</size>
         <input_file_ref idref="fl-5d"/>
      </object_component>
      <object_component id="oc-2cb">
         <name>.debug_info</name>
         <load_address>0x9a8b</load_address>
         <run_address>0x9a8b</run_address>
         <size>0x188</size>
         <input_file_ref idref="fl-55"/>
      </object_component>
      <object_component id="oc-2d1">
         <name>.debug_info</name>
         <load_address>0x9c13</load_address>
         <run_address>0x9c13</run_address>
         <size>0xd4</size>
         <input_file_ref idref="fl-69"/>
      </object_component>
      <object_component id="oc-2d7">
         <name>.debug_info</name>
         <load_address>0x9ce7</load_address>
         <run_address>0x9ce7</run_address>
         <size>0x134</size>
         <input_file_ref idref="fl-6d"/>
      </object_component>
      <object_component id="oc-2d9">
         <name>.debug_info</name>
         <load_address>0x9e1b</load_address>
         <run_address>0x9e1b</run_address>
         <size>0x17c</size>
         <input_file_ref idref="fl-6e"/>
      </object_component>
      <object_component id="oc-2dc">
         <name>.debug_info</name>
         <load_address>0x9f97</load_address>
         <run_address>0x9f97</run_address>
         <size>0x352</size>
         <input_file_ref idref="fl-55"/>
      </object_component>
      <object_component id="oc-2e2">
         <name>.debug_info</name>
         <load_address>0xa2e9</load_address>
         <run_address>0xa2e9</run_address>
         <size>0x161</size>
         <input_file_ref idref="fl-55"/>
      </object_component>
      <object_component id="oc-2e8">
         <name>.debug_info</name>
         <load_address>0xa44a</load_address>
         <run_address>0xa44a</run_address>
         <size>0x1bd</size>
         <input_file_ref idref="fl-55"/>
      </object_component>
      <object_component id="oc-2ef">
         <name>.debug_info</name>
         <load_address>0xa607</load_address>
         <run_address>0xa607</run_address>
         <size>0x352</size>
         <input_file_ref idref="fl-55"/>
      </object_component>
      <object_component id="oc-2f5">
         <name>.debug_info</name>
         <load_address>0xa959</load_address>
         <run_address>0xa959</run_address>
         <size>0x1c3</size>
         <input_file_ref idref="fl-55"/>
      </object_component>
      <object_component id="oc-2fd">
         <name>.debug_info</name>
         <load_address>0xab1c</load_address>
         <run_address>0xab1c</run_address>
         <size>0x184</size>
         <input_file_ref idref="fl-5c"/>
      </object_component>
      <object_component id="oc-303">
         <name>.debug_info</name>
         <load_address>0xaca0</load_address>
         <run_address>0xaca0</run_address>
         <size>0x140</size>
         <input_file_ref idref="fl-65"/>
      </object_component>
      <object_component id="oc-30a">
         <name>.debug_info</name>
         <load_address>0xade0</load_address>
         <run_address>0xade0</run_address>
         <size>0xd4</size>
         <input_file_ref idref="fl-5e"/>
      </object_component>
      <object_component id="oc-30f">
         <name>.debug_info</name>
         <load_address>0xaeb4</load_address>
         <run_address>0xaeb4</run_address>
         <size>0xd6</size>
         <input_file_ref idref="fl-3f"/>
      </object_component>
      <object_component id="oc-313">
         <name>.debug_info</name>
         <load_address>0xaf8a</load_address>
         <run_address>0xaf8a</run_address>
         <size>0x30d</size>
         <input_file_ref idref="fl-65"/>
      </object_component>
      <object_component id="oc-31f">
         <name>.debug_info</name>
         <load_address>0xb297</load_address>
         <run_address>0xb297</run_address>
         <size>0x1ab</size>
         <input_file_ref idref="fl-66"/>
      </object_component>
      <object_component id="oc-325">
         <name>.debug_info</name>
         <load_address>0xb442</load_address>
         <run_address>0xb442</run_address>
         <size>0x1c5</size>
         <input_file_ref idref="fl-62"/>
      </object_component>
      <object_component id="oc-32c">
         <name>.debug_info</name>
         <load_address>0xb607</load_address>
         <run_address>0xb607</run_address>
         <size>0x148</size>
         <input_file_ref idref="fl-53"/>
      </object_component>
      <object_component id="oc-334">
         <name>.debug_info</name>
         <load_address>0xb74f</load_address>
         <run_address>0xb74f</run_address>
         <size>0x120</size>
         <input_file_ref idref="fl-60"/>
      </object_component>
      <object_component id="oc-337">
         <name>.debug_info</name>
         <load_address>0xb86f</load_address>
         <run_address>0xb86f</run_address>
         <size>0x1a9</size>
         <input_file_ref idref="fl-5f"/>
      </object_component>
      <object_component id="oc-347">
         <name>.debug_info</name>
         <load_address>0xba18</load_address>
         <run_address>0xba18</run_address>
         <size>0x140</size>
         <input_file_ref idref="fl-65"/>
      </object_component>
      <object_component id="oc-34d">
         <name>.debug_info</name>
         <load_address>0xbb58</load_address>
[...]
         <object_component_ref idref="oc-155"/>
      </symbol>
      <symbol id="sm-319">
         <name>__mspabi_slli_2</name>
         <value>0x77d6</value>
         <object_component_ref idref="oc-155"/>
      </symbol>
      <symbol id="sm-31a">
         <name>__mspabi_slli_1</name>
         <value>0x77d8</value>
         <object_component_ref idref="oc-155"/>
      </symbol>
      <symbol id="sm-31b">
         <name>__mspabi_slli_15</name>
         <value>0x77bc</value>
         <object_component_ref idref="oc-155"/>
      </symbol>
      <symbol id="sm-31c">
         <name>__mspabi_slli_14</name>
         <value>0x77be</value>
         <object_component_ref idref="oc-155"/>
      </symbol>
      <symbol id="sm-31d">
         <name>__mspabi_slli_13</name>
         <value>0x77c0</value>
         <object_component_ref idref="oc-155"/>
      </symbol>
      <symbol id="sm-31e">
         <name>__mspabi_slli_12</name>
         <value>0x77c2</value>
         <object_component_ref idref="oc-155"/>
      </symbol>
      <symbol id="sm-31f">
         <name>__mspabi_slli_11</name>
         <value>0x77c4</value>
         <object_component_ref idref="oc-155"/>
      </symbol>
      <symbol id="sm-320">
         <name>__mspabi_slli_10</name>
         <value>0x77c6</value>
         <object_component_ref idref="oc-155"/>
      </symbol>
      <symbol id="sm-330">
         <name>__mspabi_slll_9</name>
         <value>0x7664</value>
         <object_component_ref idref="oc-1e3"/>
      </symbol>
      <symbol id="sm-331">
         <name>__mspabi_slll_8</name>
         <value>0x7668</value>
         <object_component_ref idref="oc-1e3"/>
      </symbol>
      <symbol id="sm-332">
         <name>__mspabi_slll_7</name>
         <value>0x766c</value>
         <object_component_ref idref="oc-1e3"/>
      </symbol>
      <symbol id="sm-333">
         <name>__mspabi_slll_6</name>
         <value>0x7670</value>
         <object_component_ref idref="oc-1e3"/>
      </symbol>
      <symbol id="sm-334">
         <name>__mspabi_slll_5</name>
         <value>0x7674</value>
         <object_component_ref idref="oc-1e3"/>
      </symbol>
      <symbol id="sm-335">
         <name>__mspabi_slll_4</name>
         <value>0x7678</value>
         <object_component_ref idref="oc-1e3"/>
      </symbol>
      <symbol id="sm-336">
         <name>__mspabi_slll_3</name>
         <value>0x767c</value>
         <object_component_ref idref="oc-1e3"/>
      </symbol>
      <symbol id="sm-337">
         <name>__mspabi_slll_2</name>
         <value>0x7680</value>
         <object_component_ref idref="oc-1e3"/>
      </symbol>
      <symbol id="sm-338">
         <name>__mspabi_slll_1</name>
         <value>0x7684</value>
         <object_component_ref idref="oc-1e3"/>
      </symbol>
      <symbol id="sm-339">
         <name>__mspabi_slll</name>
         <value>0x797c</value>
         <object_component_ref idref="oc-391"/>
      </symbol>
      <symbol id="sm-33a">
         <name>__mspabi_slll_15</name>
         <value>0x764c</value>
         <object_component_ref idref="oc-1e3"/>
      </symbol>
      <symbol id="sm-33b">
         <name>__mspabi_slll_14</name>
         <value>0x7650</value>
         <object_component_ref idref="oc-1e3"/>
      </symbol>
      <symbol id="sm-33c">
         <name>__mspabi_slll_13</name>
         <value>0x7654</value>
         <object_component_ref idref="oc-1e3"/>
      </symbol>
      <symbol id="sm-33d">
         <name>__mspabi_slll_12</name>
         <value>0x7658</value>
         <object_component_ref idref="oc-1e3"/>
      </symbol>
      <symbol id="sm-33e">
         <name>__mspabi_slll_11</name>
         <value>0x765c</value>
         <object_component_ref idref="oc-1e3"/>
      </symbol>
      <symbol id="sm-33f">
         <name>__mspabi_slll_10</name>
         <value>0x7660</value>
         <object_component_ref idref="oc-1e3"/>
      </symbol>
      <symbol id="sm-347">
         <name>__mspabi_srli_8</name>
         <value>0x7458</value>
         <object_component_ref idref="oc-1d6"/>
      </symbol>
      <symbol id="sm-348">
         <name>__mspabi_srli_9</name>
         <value>0x7454</value>
         <object_component_ref idref="oc-1d6"/>
      </symbol>
      <symbol id="sm-349">
         <name>__mspabi_srli_6</name>
         <value>0x7460</value>
         <object_component_ref idref="oc-1d6"/>
      </symbol>
      <symbol id="sm-34a">
         <name>__mspabi_srli_7</name>
         <value>0x745c</value>
         <object_component_ref idref="oc-1d6"/>
      </symbol>
      <symbol id="sm-34b">
         <name>__mspabi_srli_4</name>
         <value>0x7468</value>
         <object_component_ref idref="oc-1d6"/>
      </symbol>
      <symbol id="sm-34c">
         <name>__mspabi_srli_5</name>
         <value>0x7464</value>
         <object_component_ref idref="oc-1d6"/>
      </symbol>
      <symbol id="sm-34d">
         <name>__mspabi_srli_2</name>
         <value>0x7470</value>
         <object_component_ref idref="oc-1d6"/>
      </symbol>
      <symbol id="sm-34e">
         <name>__mspabi_srli_3</name>
         <value>0x746c</value>
         <object_component_ref idref="oc-1d6"/>
      </symbol>
      <symbol id="sm-34f">
         <name>__mspabi_srli_1</name>
         <value>0x7474</value>
         <object_component_ref idref="oc-1d6"/>
      </symbol>
      <symbol id="sm-350">
         <name>__mspabi_srli</name>
         <value>0x742e</value>
         <object_component_ref idref="oc-1d6"/>
      </symbol>
      <symbol id="sm-351">
         <name>__mspabi_srli_15</name>
         <value>0x743c</value>
         <object_component_ref idref="oc-1d6"/>
      </symbol>
      <symbol id="sm-352">
         <name>__mspabi_srli_14</name>
         <value>0x7440</value>
         <object_component_ref idref="oc-1d6"/>
      </symbol>
      <symbol id="sm-353">
         <name>__mspabi_srli_13</name>
         <value>0x7444</value>
         <object_component_ref idref="oc-1d6"/>
      </symbol>
      <symbol id="sm-354">
         <name>__mspabi_srli_12</name>
         <value>0x7448</value>
         <object_component_ref idref="oc-1d6"/>
      </symbol>
      <symbol id="sm-355">
         <name>__mspabi_srli_11</name>
         <value>0x744c</value>
         <object_component_ref idref="oc-1d6"/>
      </symbol>
      <symbol id="sm-356">
         <name>__mspabi_srli_10</name>
         <value>0x7450</value>
         <object_component_ref idref="oc-1d6"/>
      </symbol>
      <symbol id="sm-366">
         <name>__mspabi_srll_8</name>
         <value>0x72b2</value>
         <object_component_ref idref="oc-224"/>
      </symbol>
      <symbol id="sm-367">
         <name>__mspabi_srll_9</name>
         <value>0x72ac</value>
         <object_component_ref idref="oc-224"/>
      </symbol>
      <symbol id="sm-368">
         <name>__mspabi_srll_6</name>
         <value>0x72be</value>
         <object_component_ref idref="oc-224"/>
      </symbol>
      <symbol id="sm-369">
         <name>__mspabi_srll_7</name>
         <value>0x72b8</value>
         <object_component_ref idref="oc-224"/>
      </symbol>
      <symbol id="sm-36a">
         <name>__mspabi_srll_4</name>
         <value>0x72ca</value>
         <object_component_ref idref="oc-224"/>
      </symbol>
      <symbol id="sm-36b">
         <name>__mspabi_srll_5</name>
         <value>0x72c4</value>
         <object_component_ref idref="oc-224"/>
      </symbol>
      <symbol id="sm-36c">
         <name>__mspabi_srll_2</name>
         <value>0x72d6</value>
         <object_component_ref idref="oc-224"/>
      </symbol>
      <symbol id="sm-36d">
         <name>__mspabi_srll_3</name>
         <value>0x72d0</value>
         <object_component_ref idref="oc-224"/>
      </symbol>
      <symbol id="sm-36e">
         <name>__mspabi_srll_1</name>
         <value>0x72dc</value>
         <object_component_ref idref="oc-224"/>
      </symbol>
      <symbol id="sm-36f">
         <name>__mspabi_srll_15</name>
         <value>0x7288</value>
         <object_component_ref idref="oc-224"/>
      </symbol>
      <symbol id="sm-370">
         <name>__mspabi_srll_14</name>
         <value>0x728e</value>
         <object_component_ref idref="oc-224"/>
      </symbol>
      <symbol id="sm-371">
         <name>__mspabi_srll_13</name>
         <value>0x7294</value>
         <object_component_ref idref="oc-224"/>
      </symbol>
      <symbol id="sm-372">
         <name>__mspabi_srll_12</name>
         <value>0x729a</value>
         <object_component_ref idref="oc-224"/>
      </symbol>
      <symbol id="sm-373">
         <name>__mspabi_srll_11</name>
         <value>0x72a0</value>
         <object_component_ref idref="oc-224"/>
      </symbol>
      <symbol id="sm-374">
         <name>__mspabi_srll_10</name>
         <value>0x72a6</value>
         <object_component_ref idref="oc-224"/>
      </symbol>
      <symbol id="sm-375">
         <name>__mspabi_srll</name>
         <value>0x7918</value>
         <object_component_ref idref="oc-34c"/>
      </symbol>
      <symbol id="sm-383">
         <name>memcpy</name>
         <value>0x792a</value>
         <object_component_ref idref="oc-8a"/>
      </symbol>
      <symbol id="sm-3a6">
         <name>__mspabi_mpyd</name>
         <value>0x4dde</value>
         <object_component_ref idref="oc-162"/>
      </symbol>
      <symbol id="sm-3ae">
         <name>__mspabi_mpyi_hw</name>
         <value>0x78ce</value>
         <object_component_ref idref="oc-239"/>
      </symbol>
      <symbol id="sm-3b6">
         <name>__mspabi_mpyl_hw</name>
         <value>0x7756</value>
         <object_component_ref idref="oc-22d"/>
      </symbol>
      <symbol id="sm-3bf">
         <name>_system_pre_init</name>
         <value>0x79f0</value>
         <object_component_ref idref="oc-71"/>
      </symbol>
      <symbol id="sm-3e0">
         <name>sprintf</name>
         <value>0x768a</value>
         <object_component_ref idref="oc-f8"/>
      </symbol>
      <symbol id="sm-3ec">
         <name>__mspabi_subd</name>
         <value>0x7728</value>
         <object_component_ref idref="oc-32a"/>
      </symbol>
      <symbol id="sm-577">
         <name>__TI_printfi</name>
         <value>0x5d60</value>
         <object_component_ref idref="oc-197"/>
      </symbol>
      <symbol id="sm-599">
         <name>__mspabi_addd</name>
         <value>0x4af6</value>
         <object_component_ref idref="oc-362"/>
      </symbol>
      <symbol id="sm-5a2">
         <name>__mspabi_srai</name>
         <value>0x7784</value>
         <object_component_ref idref="oc-178"/>
      </symbol>
      <symbol id="sm-5a3">
         <name>__mspabi_srai_8</name>
         <value>0x779e</value>
         <object_component_ref idref="oc-178"/>
      </symbol>
      <symbol id="sm-5a4">
         <name>__mspabi_srai_9</name>
         <value>0x779c</value>
         <object_component_ref idref="oc-178"/>
      </symbol>
      <symbol id="sm-5a5">
         <name>__mspabi_srai_6</name>
         <value>0x77a2</value>
         <object_component_ref idref="oc-178"/>
      </symbol>
      <symbol id="sm-5a6">
         <name>__mspabi_srai_7</name>
         <value>0x77a0</value>
         <object_component_ref idref="oc-178"/>
      </symbol>
      <symbol id="sm-5a7">
         <name>__mspabi_srai_4</name>
         <value>0x77a6</value>
         <object_component_ref idref="oc-178"/>
      </symbol>
      <symbol id="sm-5a8">
         <name>__mspabi_srai_5</name>
         <value>0x77a4</value>
         <object_component_ref idref="oc-178"/>
      </symbol>
      <symbol id="sm-5a9">
         <name>__mspabi_srai_2</name>
         <value>0x77aa</value>
         <object_component_ref idref="oc-178"/>
      </symbol>
      <symbol id="sm-5aa">
         <name>__mspabi_srai_3</name>
         <value>0x77a8</value>
         <object_component_ref idref="oc-178"/>
      </symbol>
      <symbol id="sm-5ab">
         <name>__mspabi_srai_1</name>
         <value>0x77ac</value>
         <object_component_ref idref="oc-178"/>
      </symbol>
      <symbol id="sm-5ac">
         <name>__mspabi_srai_15</name>
         <value>0x7790</value>
         <object_component_ref idref="oc-178"/>
      </symbol>
      <symbol id="sm-5ad">
         <name>__mspabi_srai_14</name>
         <value>0x7792</value>
         <object_component_ref idref="oc-178"/>
      </symbol>
      <symbol id="sm-5ae">
         <name>__mspabi_srai_13</name>
         <value>0x7794</value>
         <object_component_ref idref="oc-178"/>
      </symbol>
      <symbol id="sm-5af">
         <name>__mspabi_srai_12</name>
         <value>0x7796</value>
         <object_component_ref idref="oc-178"/>
      </symbol>
      <symbol id="sm-5b0">
         <name>__mspabi_srai_11</name>
         <value>0x7798</value>
         <object_component_ref idref="oc-178"/>
      </symbol>
      <symbol id="sm-5b1">
         <name>__mspabi_srai_10</name>
         <value>0x779a</value>
         <object_component_ref idref="oc-178"/>
      </symbol>
      <symbol id="sm-5c1">
         <name>__mspabi_sral</name>
         <value>0x796c</value>
         <object_component_ref idref="oc-396"/>
      </symbol>
      <symbol id="sm-5c2">
         <name>__mspabi_sral_15</name>
         <value>0x760e</value>
         <object_component_ref idref="oc-17d"/>
      </symbol>
      <symbol id="sm-5c3">
         <name>__mspabi_sral_14</name>
         <value>0x7612</value>
         <object_component_ref idref="oc-17d"/>
      </symbol>
      <symbol id="sm-5c4">
         <name>__mspabi_sral_13</name>
         <value>0x7616</value>
         <object_component_ref idref="oc-17d"/>
      </symbol>
      <symbol id="sm-5c5">
         <name>__mspabi_sral_12</name>
         <value>0x761a</value>
         <object_component_ref idref="oc-17d"/>
      </symbol>
      <symbol id="sm-5c6">
         <name>__mspabi_sral_11</name>
         <value>0x761e</value>
         <object_component_ref idref="oc-17d"/>
      </symbol>
      <symbol id="sm-5c7">
         <name>__mspabi_sral_10</name>
         <value>0x7622</value>
         <object_component_ref idref="oc-17d"/>
      </symbol>
      <symbol id="sm-5c8">
         <name>__mspabi_sral_8</name>
         <value>0x762a</value>
         <object_component_ref idref="oc-17d"/>
      </symbol>
      <symbol id="sm-5c9">
         <name>__mspabi_sral_9</name>
         <value>0x7626</value>
         <object_component_ref idref="oc-17d"/>
      </symbol>
      <symbol id="sm-5ca">
         <name>__mspabi_sral_6</name>
         <value>0x7632</value>
         <object_component_ref idref="oc-17d"/>
      </symbol>
      <symbol id="sm-5cb">
         <name>__mspabi_sral_7</name>
         <value>0x762e</value>
         <object_component_ref idref="oc-17d"/>
      </symbol>
      <symbol id="sm-5cc">
         <name>__mspabi_sral_4</name>
         <value>0x763a</value>
         <object_component_ref idref="oc-17d"/>
      </symbol>
      <symbol id="sm-5cd">
         <name>__mspabi_sral_5</name>
         <value>0x7636</value>
         <object_component_ref idref="oc-17d"/>
      </symbol>
      <symbol id="sm-5ce">
         <name>__mspabi_sral_2</name>
         <value>0x7642</value>
         <object_component_ref idref="oc-17d"/>
      </symbol>
      <symbol id="sm-5cf">
         <name>__mspabi_sral_3</name>
         <value>0x763e</value>
         <object_component_ref idref="oc-17d"/>
      </symbol>
      <symbol id="sm-5d0">
         <name>__mspabi_sral_1</name>
         <value>0x7646</value>
         <object_component_ref idref="oc-17d"/>
      </symbol>
      <symbol id="sm-5e3">
         <name>atoi</name>
         <value>0x733c</value>
         <object_component_ref idref="oc-24e"/>
      </symbol>
      <symbol id="sm-5f9">
         <name>_auto_init_hold_wdt</name>
         <value>0x6fb2</value>
         <object_component_ref idref="oc-77"/>
      </symbol>
      <symbol id="sm-616">
         <name>__mspabi_cmpd</name>
         <value>0x66a8</value>
         <object_component_ref idref="oc-2b4"/>
      </symbol>
      <symbol id="sm-620">
         <name>_ctypes_</name>
         <value>0x79f8</value>
         <object_component_ref idref="oc-27e"/>
      </symbol>
      <symbol id="sm-62a">
         <name>__mspabi_remu</name>
         <value>0x7890</value>
         <object_component_ref idref="oc-308"/>
      </symbol>
      <symbol id="sm-62b">
         <name>__mspabi_divu</name>
         <value>0x7890</value>
         <object_component_ref idref="oc-308"/>
      </symbol>
      <symbol id="sm-63d">
         <name>__mspabi_fixdli</name>
         <value>0x7026</value>
         <object_component_ref idref="oc-336"/>
      </symbol>
      <symbol id="sm-64b">
         <name>__mspabi_fixdu</name>
         <value>0x78e2</value>
         <object_component_ref idref="oc-330"/>
      </symbol>
      <symbol id="sm-65e">
         <name>__mspabi_fixdul</name>
         <value>0x6f3e</value>
         <object_component_ref idref="oc-36a"/>
      </symbol>
      <symbol id="sm-675">
         <name>__mspabi_fltlid</name>
         <value>0x69ba</value>
         <object_component_ref idref="oc-324"/>
      </symbol>
      <symbol id="sm-696">
         <name>__TI_frcaddd</name>
         <value>0x504c</value>
         <object_component_ref idref="oc-37f"/>
      </symbol>
      <symbol id="sm-6a7">
         <name>__TI_frcmpyd</name>
         <value>0x4802</value>
         <object_component_ref idref="oc-1c6"/>
      </symbol>
      <symbol id="sm-6f1">
         <name>__mspabi_srlll</name>
         <value>0x7504</value>
         <object_component_ref idref="oc-302"/>
      </symbol>
      <symbol id="sm-6f2">
         <name>__mspabi_sllll</name>
         <value>0x758c</value>
         <object_component_ref idref="oc-346"/>
      </symbol>
      <symbol id="sm-6f3">
         <name>__mspabi_divull</name>
         <value>0x4462</value>
         <object_component_ref idref="oc-312"/>
      </symbol>
      <symbol id="sm-702">
         <name>ltoa</name>
         <value>0x6dba</value>
         <object_component_ref idref="oc-31e"/>
      </symbol>
      <symbol id="sm-711">
         <name>memccpy</name>
         <value>0x7840</value>
         <object_component_ref idref="oc-262"/>
      </symbol>
      <symbol id="sm-71f">
         <name>memset</name>
         <value>0x78ba</value>
         <object_component_ref idref="oc-248"/>
      </symbol>
      <symbol id="sm-727">
         <name>__mspabi_mpyll_hw</name>
         <value>0x6a5c</value>
         <object_component_ref idref="oc-2d0"/>
      </symbol>
      <symbol id="sm-730">
         <name>__mspabi_negd</name>
         <value>0x77dc</value>
         <object_component_ref idref="oc-29c"/>
      </symbol>
      <symbol id="sm-743">
         <name>__TI_renormd</name>
         <value>0x684e</value>
         <object_component_ref idref="oc-39b"/>
      </symbol>
      <symbol id="sm-750">
         <name>strlen</name>
         <value>0x799c</value>
         <object_component_ref idref="oc-1f0"/>
      </symbol>
      <symbol id="sm-75d">
         <name>toupper</name>
         <value>0x79c2</value>
         <object_component_ref idref="oc-290"/>
      </symbol>
      <symbol id="sm-76e">
         <name>_Dclass</name>
         <value>0x7390</value>
         <object_component_ref idref="oc-296"/>
      </symbol>
      <symbol id="sm-77b">
         <name>abs</name>
         <value>0x79ce</value>
         <object_component_ref idref="oc-358"/>
      </symbol>
      <symbol id="sm-77d">
         <name>__TI_exit</name>
         <value>0x1</value>
      </symbol>
      <symbol id="sm-77e">
         <name>__TI_args_main</name>
         <value>0x1</value>
      </symbol>
      <symbol id="sm-77f">
         <name>__TI_INITARRAY_Base</name>
         <value>0x0</value>
      </symbol>
      <symbol id="sm-780">
         <name>__TI_INITARRAY_Limit</name>
         <value>0x0</value>
      </symbol>
   </symbol_table>
   <title>Link successful</title>
</link_info>
