<?xml version="1.0"?>
<link_info>
   <banner>MSP430 Linker PC v16.9.6.LTS</banner>
   <copyright>Copyright (c) 2003-2017 Texas Instruments Incorporated</copyright>
   <link_time>0x5aacb3ff</link_time>
   <link_errors>0x0</link_errors>
   <output_file>MSP430-LCD.out</output_file>
   <entry_point>
      <name>_c_int00_noargs_noexit</name>
      <address>0x499a</address>
   </entry_point>
   <input_file_list>
      <input_file id="fl-2">
         <path>.\</path>
         <kind>object</kind>
         <file>I2C.obj</file>
         <name>I2C.obj</name>
      </input_file>
      <input_file id="fl-3">
         <path>.\</path>
         <kind>object</kind>
         <file>keys.obj</file>
         <name>keys.obj</name>
      </input_file>
      <input_file id="fl-4">
         <path>.\</path>
         <kind>object</kind>
         <file>lcd.obj</file>
         <name>lcd.obj</name>
      </input_file>
      <input_file id="fl-5">
         <path>.\</path>
         <kind>object</kind>
         <file>leds.obj</file>
         <name>leds.obj</name>
      </input_file>
      <input_file id="fl-6">
         <path>.\</path>
         <kind>object</kind>
         <file>main.obj</file>
         <name>main.obj</name>
      </input_file>
      <input_file id="fl-7">
         <path>.\</path>
         <kind>object</kind>
         <file>msp430_initialize_unused_interrrupt_vectors.obj</file>
         <name>msp430_initialize_unused_interrrupt_vectors.obj</name>
      </input_file>
      <input_file id="fl-8">
         <path>.\</path>
         <kind>object</kind>
         <file>sysfunc.obj</file>
         <name>sysfunc.obj</name>
      </input_file>
      <input_file id="fl-d">
         <kind>object</kind>
         <file>&lt;internal&gt;</file>
         <name>&lt;internal&gt;</name>
      </input_file>
      <input_file id="fl-23">
         <path>C:\TI\ccsv7\tools\compiler\ti-cgt-msp430_16.9.6.LTS\lib\</path>
         <kind>archive</kind>
         <file>rts430_eabi.lib</file>
         <name>boot.obj</name>
      </input_file>
      <input_file id="fl-24">
         <path>C:\TI\ccsv7\tools\compiler\ti-cgt-msp430_16.9.6.LTS\lib\</path>
         <kind>archive</kind>
         <file>rts430_eabi.lib</file>
         <name>boot_special.obj</name>
      </input_file>
      <input_file id="fl-25">
         <path>C:\TI\ccsv7\tools\compiler\ti-cgt-msp430_16.9.6.LTS\lib\</path>
         <kind>archive</kind>
         <file>rts430_eabi.lib</file>
         <name>copy_decompress_lzss.obj</name>
      </input_file>
      <input_file id="fl-26">
         <path>C:\TI\ccsv7\tools\compiler\ti-cgt-msp430_16.9.6.LTS\lib\</path>
         <kind>archive</kind>
         <file>rts430_eabi.lib</file>
         <name>copy_decompress_none.obj</name>
      </input_file>
      <input_file id="fl-27">
         <path>C:\TI\ccsv7\tools\compiler\ti-cgt-msp430_16.9.6.LTS\lib\</path>
         <kind>archive</kind>
         <file>rts430_eabi.lib</file>
         <name>copy_zero_init.obj</name>
      </input_file>
      <input_file id="fl-28">
         <path>C:\TI\ccsv7\tools\compiler\ti-cgt-msp430_16.9.6.LTS\lib\</path>
         <kind>archive</kind>
         <file>rts430_eabi.lib</file>
         <name>epilog.obj</name>
      </input_file>
      <input_file id="fl-29">
         <path>C:\TI\ccsv7\tools\compiler\ti-cgt-msp430_16.9.6.LTS\lib\</path>
         <kind>archive</kind>
         <file>rts430_eabi.lib</file>
         <name>exit.obj</name>
      </input_file>
      <input_file id="fl-2a">
         <path>C:\TI\ccsv7\tools\compiler\ti-cgt-msp430_16.9.6.LTS\lib\</path>
         <kind>archive</kind>
         <file>rts430_eabi.lib</file>
         <name>exit_gvars.obj</name>
      </input_file>
      <input_file id="fl-2b">
         <path>C:\TI\ccsv7\tools\compiler\ti-cgt-msp430_16.9.6.LTS\lib\</path>
         <kind>archive</kind>
         <file>rts430_eabi.lib</file>
         <name>int09.obj</name>
      </input_file>
      <input_file id="fl-2c">
         <path>C:\TI\ccsv7\tools\compiler\ti-cgt-msp430_16.9.6.LTS\lib\</path>
         <kind>archive</kind>
         <file>rts430_eabi.lib</file>
         <name>isr_trap.obj</name>
      </input_file>
      <input_file id="fl-2d">
         <path>C:\TI\ccsv7\tools\compiler\ti-cgt-msp430_16.9.6.LTS\lib\</path>
         <kind>archive</kind>
         <file>rts430_eabi.lib</file>
         <name>lsl16.obj</name>
      </input_file>
      <input_file id="fl-2e">
         <path>C:\TI\ccsv7\tools\compiler\ti-cgt-msp430_16.9.6.LTS\lib\</path>
         <kind>archive</kind>
         <file>rts430_eabi.lib</file>
         <name>lsr16.obj</name>
      </input_file>
      <input_file id="fl-2f">
         <path>C:\TI\ccsv7\tools\compiler\ti-cgt-msp430_16.9.6.LTS\lib\</path>
         <kind>archive</kind>
         <file>rts430_eabi.lib</file>
         <name>memcpy.obj</name>
      </input_file>
      <input_file id="fl-30">
         <path>C:\TI\ccsv7\tools\compiler\ti-cgt-msp430_16.9.6.LTS\lib\</path>
         <kind>archive</kind>
         <file>rts430_eabi.lib</file>
         <name>mpu_init.obj</name>
      </input_file>
      <input_file id="fl-31">
         <path>C:\TI\ccsv7\tools\compiler\ti-cgt-msp430_16.9.6.LTS\lib\</path>
         <kind>archive</kind>
         <file>rts430_eabi.lib</file>
         <name>mult16.obj</name>
      </input_file>
      <input_file id="fl-32">
         <path>C:\TI\ccsv7\tools\compiler\ti-cgt-msp430_16.9.6.LTS\lib\</path>
         <kind>archive</kind>
         <file>rts430_eabi.lib</file>
         <name>mult1632_hw.obj</name>
      </input_file>
      <input_file id="fl-33">
         <path>C:\TI\ccsv7\tools\compiler\ti-cgt-msp430_16.9.6.LTS\lib\</path>
         <kind>archive</kind>
         <file>rts430_eabi.lib</file>
         <name>mult16_hw.obj</name>
      </input_file>
      <input_file id="fl-34">
         <path>C:\TI\ccsv7\tools\compiler\ti-cgt-msp430_16.9.6.LTS\lib\</path>
         <kind>archive</kind>
         <file>rts430_eabi.lib</file>
         <name>mult3264_hw.obj</name>
      </input_file>
      <input_file id="fl-35">
         <path>C:\TI\ccsv7\tools\compiler\ti-cgt-msp430_16.9.6.LTS\lib\</path>
         <kind>archive</kind>
         <file>rts430_eabi.lib</file>
         <name>mult32_hw.obj</name>
      </input_file>
      <input_file id="fl-36">
         <path>C:\TI\ccsv7\tools\compiler\ti-cgt-msp430_16.9.6.LTS\lib\</path>
         <kind>archive</kind>
         <file>rts430_eabi.lib</file>
         <name>mult64_hw.obj</name>
      </input_file>
      <input_file id="fl-37">
         <path>C:\TI\ccsv7\tools\compiler\ti-cgt-msp430_16.9.6.LTS\lib\</path>
         <kind>archive</kind>
         <file>rts430_eabi.lib</file>
         <name>pre_init.obj</name>
      </input_file>
      <input_file id="fl-38">
         <path>C:\TI\ccsv7\tools\compiler\ti-cgt-msp430_16.9.6.LTS\lib\</path>
         <kind>archive</kind>
         <file>rts430_eabi.lib</file>
         <name>sprintf.obj</name>
      </input_file>
      <input_file id="fl-39">
         <path>C:\TI\ccsv7\tools\compiler\ti-cgt-msp430_16.9.6.LTS\lib\</path>
         <kind>archive</kind>
         <file>rts430_eabi.lib</file>
         <name>_lock.obj</name>
      </input_file>
      <input_file id="fl-3a">
         <path>C:\TI\ccsv7\tools\compiler\ti-cgt-msp430_16.9.6.LTS\lib\</path>
         <kind>archive</kind>
         <file>rts430_eabi.lib</file>
         <name>_printfi_min.obj</name>
      </input_file>
      <input_file id="fl-3b">
         <path>C:\TI\ccsv7\tools\compiler\ti-cgt-msp430_16.9.6.LTS\lib\</path>
         <kind>archive</kind>
         <file>rts430_eabi.lib</file>
         <name>args_main.obj</name>
      </input_file>
      <input_file id="fl-3c">
         <path>C:\TI\ccsv7\tools\compiler\ti-cgt-msp430_16.9.6.LTS\lib\</path>
         <kind>archive</kind>
         <file>rts430_eabi.lib</file>
         <name>autoinit_wdt.obj</name>
      </input_file>
      <input_file id="fl-3d">
         <path>C:\TI\ccsv7\tools\compiler\ti-cgt-msp430_16.9.6.LTS\lib\</path>
         <kind>archive</kind>
         <file>rts430_eabi.lib</file>
         <name>cpy_tbl.obj</name>
      </input_file>
      <input_file id="fl-3e">
         <path>C:\TI\ccsv7\tools\compiler\ti-cgt-msp430_16.9.6.LTS\lib\</path>
         <kind>archive</kind>
         <file>rts430_eabi.lib</file>
         <name>div16u.obj</name>
      </input_file>
      <input_file id="fl-3f">
         <path>C:\TI\ccsv7\tools\compiler\ti-cgt-msp430_16.9.6.LTS\lib\</path>
         <kind>archive</kind>
         <file>rts430_eabi.lib</file>
         <name>lsr64.obj</name>
      </input_file>
      <input_file id="fl-40">
         <path>C:\TI\ccsv7\tools\compiler\ti-cgt-msp430_16.9.6.LTS\lib\</path>
         <kind>archive</kind>
         <file>rts430_eabi.lib</file>
         <name>memccpy.obj</name>
      </input_file>
      <input_file id="fl-41">
         <path>C:\TI\ccsv7\tools\compiler\ti-cgt-msp430_16.9.6.LTS\lib\</path>
         <kind>archive</kind>
         <file>rts430_eabi.lib</file>
         <name>memset.obj</name>
      </input_file>
      <input_file id="fl-42">
         <path>C:\TI\ccsv7\tools\compiler\ti-cgt-msp430_16.9.6.LTS\lib\</path>
         <kind>archive</kind>
         <file>rts430_eabi.lib</file>
         <name>startup.obj</name>
      </input_file>
      <input_file id="fl-43">
         <path>C:\TI\ccsv7\tools\compiler\ti-cgt-msp430_16.9.6.LTS\lib\</path>
         <kind>archive</kind>
         <file>rts430_eabi.lib</file>
         <name>strlen.obj</name>
      </input_file>
      <input_file id="fl-44">
         <path>C:\TI\ccsv7\tools\compiler\ti-cgt-msp430_16.9.6.LTS\lib\</path>
         <kind>archive</kind>
         <file>rts430_eabi.lib</file>
         <name>asr16.obj</name>
      </input_file>
   </input_file_list>
   <object_component_list>
      <object_component id="oc-2e2">
         <name>.common:keycol</name>
         <uninitialized>true</uninitialized>
         <run_address>0x117d</run_address>
         <size>0x1</size>
      </object_component>
      <object_component id="oc-2d9">
         <name>.common:keyline</name>
         <uninitialized>true</uninitialized>
         <run_address>0x117e</run_address>
         <size>0x1</size>
      </object_component>
      <object_component id="oc-27d">
         <name>.common:LCD_row</name>
         <uninitialized>true</uninitialized>
         <run_address>0x117b</run_address>
         <size>0x1</size>
      </object_component>
      <object_component id="oc-27e">
         <name>.common:LCD_col</name>
         <uninitialized>true</uninitialized>
         <run_address>0x117a</run_address>
         <size>0x1</size>
      </object_component>
      <object_component id="oc-27a">
         <name>.common:n</name>
         <uninitialized>true</uninitialized>
         <run_address>0x117f</run_address>
         <size>0x1</size>
      </object_component>
      <object_component id="oc-21f">
         <name>.common:message</name>
         <uninitialized>true</uninitialized>
         <run_address>0x114e</run_address>
         <size>0x20</size>
      </object_component>
      <object_component id="oc-21e">
         <name>.common:key</name>
         <uninitialized>true</uninitialized>
         <run_address>0x117c</run_address>
         <size>0x1</size>
      </object_component>
      <object_component id="oc-1c6">
         <name>.common:BufTptr</name>
         <uninitialized>true</uninitialized>
         <run_address>0x1170</run_address>
         <size>0x2</size>
      </object_component>
      <object_component id="oc-1c3">
         <name>.common:BufRptr</name>
         <uninitialized>true</uninitialized>
         <run_address>0x116e</run_address>
         <size>0x2</size>
      </object_component>
      <object_component id="oc-315">
         <name>.common:Tx_Data</name>
         <uninitialized>true</uninitialized>
         <run_address>0x1174</run_address>
         <size>0x2</size>
      </object_component>
      <object_component id="oc-31d">
         <name>.common:Rx_Data</name>
         <uninitialized>true</uninitialized>
         <run_address>0x1172</run_address>
         <size>0x2</size>
      </object_component>
      <object_component id="oc-2c5">
         <name>.common:wait_i</name>
         <uninitialized>true</uninitialized>
         <run_address>0x1176</run_address>
         <size>0x2</size>
      </object_component>
      <object_component id="oc-2c6">
         <name>.common:wait_j</name>
         <uninitialized>true</uninitialized>
         <run_address>0x1178</run_address>
         <size>0x2</size>
      </object_component>
      <object_component id="oc-29e">
         <name>.data</name>
         <load_address>0x114c</load_address>
         <run_address>0x114c</run_address>
         <size>0x1</size>
         <input_file_ref idref="fl-3"/>
      </object_component>
      <object_component id="oc-2e9">
         <name>.data:table_keys</name>
         <load_address>0x1140</load_address>
         <run_address>0x1140</run_address>
         <size>0xc</size>
         <input_file_ref idref="fl-3"/>
      </object_component>
      <object_component id="oc-2d3">
         <name>.data:LCD_table</name>
         <load_address>0x1100</load_address>
         <run_address>0x1100</run_address>
         <size>0x40</size>
         <input_file_ref idref="fl-4"/>
      </object_component>
      <object_component id="oc-132">
         <name>.stack</name>
         <uninitialized>true</uninitialized>
         <run_address>0x38b0</run_address>
         <size>0x2</size>
         <input_file_ref idref="fl-23"/>
      </object_component>
      <object_component id="oc-390">
         <name>.stack</name>
         <uninitialized>true</uninitialized>
         <run_address>0x38b0</run_address>
         <size>0x0</size>
      </object_component>
      <object_component id="oc-2f7">
         <name>.text:_setfield</name>
         <load_address>0x4000</load_address>
         <run_address>0x4000</run_address>
         <size>0x116</size>
         <input_file_ref idref="fl-3a"/>
      </object_component>
      <object_component id="oc-2ae">
         <name>.text:__TI_printfi_minimal</name>
         <load_address>0x4116</load_address>
         <run_address>0x4116</run_address>
         <size>0xe6</size>
         <input_file_ref idref="fl-3a"/>
      </object_component>
      <object_component id="oc-330">
         <name>.text:_pproc_diouxp</name>
         <load_address>0x41fc</load_address>
         <run_address>0x41fc</run_address>
         <size>0xca</size>
         <input_file_ref idref="fl-3a"/>
      </object_component>
      <object_component id="oc-298">
         <name>.text:KEYS_scannow</name>
         <load_address>0x42c6</load_address>
         <run_address>0x42c6</run_address>
         <size>0xaa</size>
         <input_file_ref idref="fl-3"/>
      </object_component>
      <object_component id="oc-2c8">
         <name>.text:LCD_WriteByte</name>
         <load_address>0x4370</load_address>
         <run_address>0x4370</run_address>
         <size>0x94</size>
         <input_file_ref idref="fl-4"/>
      </object_component>
      <object_component id="oc-17b">
         <name>.text:_auto_init_hold_wdt</name>
         <load_address>0x4404</load_address>
         <run_address>0x4404</run_address>
         <size>0x84</size>
         <input_file_ref idref="fl-3c"/>
      </object_component>
      <object_component id="oc-30">
         <name>.text:decompress:lzss:__TI_decompress_lzss</name>
         <load_address>0x4488</load_address>
         <run_address>0x4488</run_address>
         <size>0x7c</size>
         <input_file_ref idref="fl-25"/>
      </object_component>
      <object_component id="oc-163">
         <name>.text:I2C_ISR</name>
         <load_address>0x4504</load_address>
         <run_address>0x4504</run_address>
         <size>0x62</size>
         <input_file_ref idref="fl-2"/>
      </object_component>
      <object_component id="oc-212">
         <name>.text:LCD_message</name>
         <load_address>0x4566</load_address>
         <run_address>0x4566</run_address>
         <size>0x60</size>
         <input_file_ref idref="fl-4"/>
      </object_component>
      <object_component id="oc-1cc">
         <name>.text:copy_in</name>
         <load_address>0x45c6</load_address>
         <run_address>0x45c6</run_address>
         <size>0x5a</size>
         <input_file_ref idref="fl-3d"/>
      </object_component>
      <object_component id="oc-195">
         <name>.text:main</name>
         <load_address>0x4620</load_address>
         <run_address>0x4620</run_address>
         <size>0x52</size>
         <input_file_ref idref="fl-6"/>
      </object_component>
      <object_component id="oc-31e">
         <name>.text:Receive_I2C</name>
         <load_address>0x4672</load_address>
         <run_address>0x4672</run_address>
         <size>0x4e</size>
         <input_file_ref idref="fl-2"/>
      </object_component>
      <object_component id="oc-13b">
         <name>.text</name>
         <load_address>0x46c0</load_address>
         <run_address>0x46c0</run_address>
         <size>0x4c</size>
         <input_file_ref idref="fl-2e"/>
      </object_component>
      <object_component id="oc-316">
         <name>.text:Send_I2C</name>
         <load_address>0x470c</load_address>
         <run_address>0x470c</run_address>
         <size>0x4a</size>
         <input_file_ref idref="fl-2"/>
      </object_component>
      <object_component id="oc-1ff">
         <name>.text:Init_I2C</name>
         <load_address>0x4756</load_address>
         <run_address>0x4756</run_address>
         <size>0x46</size>
         <input_file_ref idref="fl-2"/>
      </object_component>
      <object_component id="oc-205">
         <name>.text:LCD_init</name>
         <load_address>0x479c</load_address>
         <run_address>0x479c</run_address>
         <size>0x46</size>
         <input_file_ref idref="fl-4"/>
      </object_component>
      <object_component id="oc-27f">
         <name>.text:LCD_set_pos</name>
         <load_address>0x47e2</load_address>
         <run_address>0x47e2</run_address>
         <size>0x44</size>
         <input_file_ref idref="fl-4"/>
      </object_component>
      <object_component id="oc-220">
         <name>.text:sprintf</name>
         <load_address>0x4826</load_address>
         <run_address>0x4826</run_address>
         <size>0x38</size>
         <input_file_ref idref="fl-38"/>
      </object_component>
      <object_component id="oc-265">
         <name>.text:wait_1ms</name>
         <load_address>0x485e</load_address>
         <run_address>0x485e</run_address>
         <size>0x36</size>
         <input_file_ref idref="fl-8"/>
      </object_component>
      <object_component id="oc-1f3">
         <name>.text:Init_System_Clock</name>
         <load_address>0x4894</load_address>
         <run_address>0x4894</run_address>
         <size>0x30</size>
         <input_file_ref idref="fl-8"/>
      </object_component>
      <object_component id="oc-2e3">
         <name>.text:I2C_ReadByte</name>
         <load_address>0x48c4</load_address>
         <run_address>0x48c4</run_address>
         <size>0x2e</size>
         <input_file_ref idref="fl-2"/>
      </object_component>
      <object_component id="oc-136">
         <name>.text</name>
         <load_address>0x48f2</load_address>
         <run_address>0x48f2</run_address>
         <size>0x2c</size>
         <input_file_ref idref="fl-2d"/>
      </object_component>
      <object_component id="oc-2dc">
         <name>.text:I2C_WriteByte</name>
         <load_address>0x491e</load_address>
         <run_address>0x491e</run_address>
         <size>0x28</size>
         <input_file_ref idref="fl-2"/>
      </object_component>
      <object_component id="oc-20b">
         <name>.text:LCD_set_cursor</name>
         <load_address>0x4946</load_address>
         <run_address>0x4946</run_address>
         <size>0x1e</size>
         <input_file_ref idref="fl-4"/>
      </object_component>
      <object_component id="oc-285">
         <name>.text:LCD_recode</name>
         <load_address>0x4964</load_address>
         <run_address>0x4964</run_address>
         <size>0x1c</size>
         <input_file_ref idref="fl-4"/>
      </object_component>
      <object_component id="oc-218">
         <name>.text:KEYS_waitkey</name>
         <load_address>0x4980</load_address>
         <run_address>0x4980</run_address>
         <size>0x1a</size>
         <input_file_ref idref="fl-3"/>
      </object_component>
      <object_component id="oc-69">
         <name>.text:_c_int00_noargs_noexit</name>
         <load_address>0x499a</load_address>
         <run_address>0x499a</run_address>
         <size>0x1a</size>
         <input_file_ref idref="fl-24"/>
      </object_component>
      <object_component id="oc-2a2">
         <name>.text:_outs</name>
         <load_address>0x49b4</load_address>
         <run_address>0x49b4</run_address>
         <size>0x1a</size>
         <input_file_ref idref="fl-38"/>
      </object_component>
      <object_component id="oc-336">
         <name>.text:memccpy</name>
         <load_address>0x49ce</load_address>
         <run_address>0x49ce</run_address>
         <size>0x1a</size>
         <input_file_ref idref="fl-40"/>
      </object_component>
      <object_component id="oc-346">
         <name>.text</name>
         <load_address>0x49e8</load_address>
         <run_address>0x49e8</run_address>
         <size>0x16</size>
         <input_file_ref idref="fl-3e"/>
      </object_component>
      <object_component id="oc-4b">
         <name>.text:decompress:ZI:__TI_zero_init</name>
         <load_address>0x49fe</load_address>
         <run_address>0x49fe</run_address>
         <size>0x14</size>
         <input_file_ref idref="fl-27"/>
      </object_component>
      <object_component id="oc-329">
         <name>.text:memset</name>
         <load_address>0x4a12</load_address>
         <run_address>0x4a12</run_address>
         <size>0x14</size>
         <input_file_ref idref="fl-41"/>
      </object_component>
      <object_component id="oc-233">
         <name>.text</name>
         <load_address>0x4a26</load_address>
         <run_address>0x4a26</run_address>
         <size>0x14</size>
         <input_file_ref idref="fl-33"/>
      </object_component>
      <object_component id="oc-2a8">
         <name>.text:_outc</name>
         <load_address>0x4a3a</load_address>
         <run_address>0x4a3a</run_address>
         <size>0x12</size>
         <input_file_ref idref="fl-38"/>
      </object_component>
      <object_component id="oc-36">
         <name>.text:decompress:none:__TI_decompress_none</name>
         <load_address>0x4a4c</load_address>
         <run_address>0x4a4c</run_address>
         <size>0x12</size>
         <input_file_ref idref="fl-26"/>
      </object_component>
      <object_component id="oc-150">
         <name>.text:memcpy</name>
         <load_address>0x4a5e</load_address>
         <run_address>0x4a5e</run_address>
         <size>0x12</size>
         <input_file_ref idref="fl-2f"/>
      </object_component>
      <object_component id="oc-26c">
         <name>.text:LCD_WriteCommand</name>
         <load_address>0x4a70</load_address>
         <run_address>0x4a70</run_address>
         <size>0x10</size>
         <input_file_ref idref="fl-4"/>
      </object_component>
      <object_component id="oc-28b">
         <name>.text:LCD_WriteData</name>
         <load_address>0x4a80</load_address>
         <run_address>0x4a80</run_address>
         <size>0x10</size>
         <input_file_ref idref="fl-4"/>
      </object_component>
      <object_component id="oc-272">
         <name>.text:LCD_clear</name>
         <load_address>0x4a90</load_address>
         <run_address>0x4a90</run_address>
         <size>0x10</size>
         <input_file_ref idref="fl-4"/>
      </object_component>
      <object_component id="oc-140">
         <name>.text</name>
         <load_address>0x4aa0</load_address>
         <run_address>0x4aa0</run_address>
         <size>0x10</size>
         <input_file_ref idref="fl-28"/>
      </object_component>
      <object_component id="oc-292">
         <name>.text:KEYS_clear</name>
         <load_address>0x4ab0</load_address>
         <run_address>0x4ab0</run_address>
         <size>0xe</size>
         <input_file_ref idref="fl-3"/>
      </object_component>
      <object_component id="oc-2f1">
         <name>.text:strlen</name>
         <load_address>0x4abe</load_address>
         <run_address>0x4abe</run_address>
         <size>0xe</size>
         <input_file_ref idref="fl-43"/>
      </object_component>
      <object_component id="oc-1f9">
         <name>.text:Init_System</name>
         <load_address>0x4acc</load_address>
         <run_address>0x4acc</run_address>
         <size>0xc</size>
         <input_file_ref idref="fl-8"/>
      </object_component>
      <object_component id="oc-169">
         <name>.text:_isr:__TI_ISR_TRAP</name>
         <load_address>0x4ad8</load_address>
         <run_address>0x4ad8</run_address>
         <size>0x8</size>
         <input_file_ref idref="fl-2c"/>
      </object_component>
      <object_component id="oc-15d">
         <name>.text:ISR_trap</name>
         <load_address>0x4ae0</load_address>
         <run_address>0x4ae0</run_address>
         <size>0x6</size>
         <input_file_ref idref="fl-7"/>
      </object_component>
      <object_component id="oc-19d">
         <name>.text:abort</name>
         <load_address>0x4ae6</load_address>
         <run_address>0x4ae6</run_address>
         <size>0x6</size>
         <input_file_ref idref="fl-29"/>
      </object_component>
      <object_component id="oc-175">
         <name>.text:_system_pre_init</name>
         <load_address>0x4aec</load_address>
         <run_address>0x4aec</run_address>
         <size>0x4</size>
         <input_file_ref idref="fl-37"/>
      </object_component>
      <object_component id="oc-1d2">
         <name>.text:_system_post_cinit</name>
         <load_address>0x4af0</load_address>
         <run_address>0x4af0</run_address>
         <size>0x2</size>
         <input_file_ref idref="fl-42"/>
      </object_component>
      <object_component id="oc-38f">
         <name>.cinit..data.load</name>
         <load_address>0x4b1c</load_address>
         <run_address>0x4b1c</run_address>
         <size>0x51</size>
      </object_component>
      <object_component id="oc-38c">
         <name>__TI_handler_table</name>
         <load_address>0x4b6e</load_address>
         <run_address>0x4b6e</run_address>
         <size>0x6</size>
      </object_component>
      <object_component id="oc-38e">
         <name>.cinit..bss.load</name>
         <load_address>0x4b74</load_address>
         <run_address>0x4b74</run_address>
         <size>0x4</size>
      </object_component>
      <object_component id="oc-38d">
         <name>__TI_cinit_table</name>
         <load_address>0x4b78</load_address>
         <run_address>0x4b78</run_address>
         <size>0x8</size>
      </object_component>
      <object_component id="oc-211">
         <name>.const:.string</name>
         <load_address>0x4af2</load_address>
         <run_address>0x4af2</run_address>
         <size>0x16</size>
         <input_file_ref idref="fl-6"/>
      </object_component>
      <object_component id="oc-32f">
         <name>.const:.string</name>
         <load_address>0x4b08</load_address>
         <run_address>0x4b08</run_address>
         <size>0x14</size>
         <input_file_ref idref="fl-3a"/>
      </object_component>
      <object_component id="oc-3c">
         <name>.int00</name>
         <load_address>0xffe0</load_address>
         <run_address>0xffe0</run_address>
         <size>0x2</size>
         <input_file_ref idref="fl-7"/>
      </object_component>
      <object_component id="oc-3d">
         <name>.int01</name>
         <load_address>0xffe2</load_address>
         <run_address>0xffe2</run_address>
         <size>0x2</size>
         <input_file_ref idref="fl-7"/>
      </object_component>
      <object_component id="oc-3e">
         <name>.int02</name>
         <load_address>0xffe4</load_address>
         <run_address>0xffe4</run_address>
         <size>0x2</size>
         <input_file_ref idref="fl-7"/>
      </object_component>
      <object_component id="oc-3f">
         <name>.int03</name>
         <load_address>0xffe6</load_address>
         <run_address>0xffe6</run_address>
         <size>0x2</size>
         <input_file_ref idref="fl-7"/>
      </object_component>
      <object_component id="oc-40">
         <name>.int04</name>
         <load_address>0xffe8</load_address>
         <run_address>0xffe8</run_address>
         <size>0x2</size>
         <input_file_ref idref="fl-7"/>
      </object_component>
      <object_component id="oc-41">
         <name>.int05</name>
         <load_address>0xffea</load_address>
         <run_address>0xffea</run_address>
         <size>0x2</size>
         <input_file_ref idref="fl-7"/>
      </object_component>
      <object_component id="oc-42">
         <name>.int06</name>
         <load_address>0xffec</load_address>
         <run_address>0xffec</run_address>
         <size>0x2</size>
         <input_file_ref idref="fl-7"/>
      </object_component>
      <object_component id="oc-43">
         <name>.int07</name>
         <load_address>0xffee</load_address>
         <run_address>0xffee</run_address>
         <size>0x2</size>
         <input_file_ref idref="fl-7"/>
      </object_component>
      <object_component id="oc-44">
         <name>.int08</name>
         <load_address>0xfff0</load_address>
         <run_address>0xfff0</run_address>
         <size>0x2</size>
         <input_file_ref idref="fl-2"/>
      </object_component>
      <object_component id="oc-45">
         <name>.int09</name>
         <load_address>0xfff2</load_address>
         <run_address>0xfff2</run_address>
         <size>0x2</size>
         <input_file_ref idref="fl-2b"/>
      </object_component>
      <object_component id="oc-46">
         <name>.int10</name>
         <load_address>0xfff4</load_address>
         <run_address>0xfff4</run_address>
         <size>0x2</size>
         <input_file_ref idref="fl-7"/>
      </object_component>
      <object_component id="oc-47">
         <name>.int11</name>
         <load_address>0xfff6</load_address>
         <run_address>0xfff6</run_address>
         <size>0x2</size>
         <input_file_ref idref="fl-7"/>
      </object_component>
      <object_component id="oc-48">
         <name>.int12</name>
         <load_address>0xfff8</load_address>
         <run_address>0xfff8</run_address>
         <size>0x2</size>
         <input_file_ref idref="fl-7"/>
      </object_component>
      <object_component id="oc-49">
         <name>.int13</name>
         <load_address>0xfffa</load_address>
         <run_address>0xfffa</run_address>
         <size>0x2</size>
         <input_file_ref idref="fl-7"/>
      </object_component>
      <object_component id="oc-4a">
         <name>.int14</name>
         <load_address>0xfffc</load_address>
         <run_address>0xfffc</run_address>
         <size>0x2</size>
         <input_file_ref idref="fl-7"/>
      </object_component>
      <object_component id="oc-135">
         <name>.reset</name>
         <load_address>0xfffe</load_address>
         <run_address>0xfffe</run_address>
         <size>0x2</size>
         <input_file_ref idref="fl-23"/>
      </object_component>
      <object_component id="oc-340">
         <name>.debug_info</name>
         <load_address>0x0</load_address>
         <run_address>0x0</run_address>
         <size>0x311</size>
         <input_file_ref idref="fl-2"/>
      </object_component>
      <object_component id="oc-200">
         <name>.debug_info</name>
         <load_address>0x311</load_address>
         <run_address>0x311</run_address>
         <size>0x10a</size>
         <input_file_ref idref="fl-2"/>
      </object_component>
      <object_component id="oc-317">
         <name>.debug_info</name>
         <load_address>0x41b</load_address>
         <run_address>0x41b</run_address>
         <size>0x174</size>
         <input_file_ref idref="fl-2"/>
      </object_component>
      <object_component id="oc-31f">
         <name>.debug_info</name>
         <load_address>0x58f</load_address>
         <run_address>0x58f</run_address>
         <size>0x17a</size>
         <input_file_ref idref="fl-2"/>
      </object_component>
      <object_component id="oc-2dd">
         <name>.debug_info</name>
         <load_address>0x709</load_address>
         <run_address>0x709</run_address>
         <size>0x189</size>
         <input_file_ref idref="fl-2"/>
      </object_component>
      <object_component id="oc-2e4">
         <name>.debug_info</name>
         <load_address>0x892</load_address>
         <run_address>0x892</run_address>
         <size>0x17a</size>
         <input_file_ref idref="fl-2"/>
      </object_component>
      <object_component id="oc-164">
         <name>.debug_info</name>
         <load_address>0xa0c</load_address>
         <run_address>0xa0c</run_address>
         <size>0xfa</size>
         <input_file_ref idref="fl-2"/>
      </object_component>
      <object_component id="oc-14b">
         <name>.debug_info</name>
         <load_address>0xb06</load_address>
         <run_address>0xb06</run_address>
         <size>0x84</size>
         <input_file_ref idref="fl-2"/>
      </object_component>
      <object_component id="oc-22e">
         <name>.debug_info</name>
         <load_address>0xb8a</load_address>
         <run_address>0xb8a</run_address>
         <size>0x39</size>
         <input_file_ref idref="fl-2"/>
      </object_component>
      <object_component id="oc-2da">
         <name>.debug_info</name>
         <load_address>0xbc3</load_address>
         <run_address>0xbc3</run_address>
         <size>0x1fa</size>
         <input_file_ref idref="fl-3"/>
      </object_component>
      <object_component id="oc-29f">
         <name>.debug_info</name>
         <load_address>0xdbd</load_address>
         <run_address>0xdbd</run_address>
         <size>0xd6</size>
         <input_file_ref idref="fl-3"/>
      </object_component>
      <object_component id="oc-2ea">
         <name>.debug_info</name>
         <load_address>0xe93</load_address>
         <run_address>0xe93</run_address>
         <size>0xd8</size>
         <input_file_ref idref="fl-3"/>
      </object_component>
      <object_component id="oc-299">
         <name>.debug_info</name>
         <load_address>0xf6b</load_address>
         <run_address>0xf6b</run_address>
         <size>0x17e</size>
         <input_file_ref idref="fl-3"/>
      </object_component>
      <object_component id="oc-293">
         <name>.debug_info</name>
         <load_address>0x10e9</load_address>
         <run_address>0x10e9</run_address>
         <size>0x111</size>
         <input_file_ref idref="fl-3"/>
      </object_component>
      <object_component id="oc-219">
         <name>.debug_info</name>
         <load_address>0x11fa</load_address>
         <run_address>0x11fa</run_address>
         <size>0x13d</size>
         <input_file_ref idref="fl-3"/>
      </object_component>
      <object_component id="oc-27b">
         <name>.debug_info</name>
         <load_address>0x1337</load_address>
         <run_address>0x1337</run_address>
         <size>0x23d</size>
         <input_file_ref idref="fl-4"/>
      </object_component>
      <object_component id="oc-2d4">
         <name>.debug_info</name>
         <load_address>0x1574</load_address>
         <run_address>0x1574</run_address>
         <size>0xd5</size>
         <input_file_ref idref="fl-4"/>
      </object_component>
      <object_component id="oc-206">
         <name>.debug_info</name>
         <load_address>0x1649</load_address>
         <run_address>0x1649</run_address>
         <size>0x194</size>
         <input_file_ref idref="fl-4"/>
      </object_component>
      <object_component id="oc-213">
         <name>.debug_info</name>
         <load_address>0x17dd</load_address>
         <run_address>0x17dd</run_address>
         <size>0x169</size>
         <input_file_ref idref="fl-4"/>
      </object_component>
      <object_component id="oc-273">
         <name>.debug_info</name>
         <load_address>0x1946</load_address>
         <run_address>0x1946</run_address>
         <size>0x114</size>
         <input_file_ref idref="fl-4"/>
      </object_component>
      <object_component id="oc-280">
         <name>.debug_info</name>
         <load_address>0x1a5a</load_address>
         <run_address>0x1a5a</run_address>
         <size>0x16c</size>
         <input_file_ref idref="fl-4"/>
      </object_component>
      <object_component id="oc-20c">
         <name>.debug_info</name>
         <load_address>0x1bc6</load_address>
         <run_address>0x1bc6</run_address>
         <size>0x149</size>
         <input_file_ref idref="fl-4"/>
      </object_component>
      <object_component id="oc-26d">
         <name>.debug_info</name>
         <load_address>0x1d0f</load_address>
         <run_address>0x1d0f</run_address>
         <size>0x142</size>
         <input_file_ref idref="fl-4"/>
      </object_component>
      <object_component id="oc-28c">
         <name>.debug_info</name>
         <load_address>0x1e51</load_address>
         <run_address>0x1e51</run_address>
         <size>0x13c</size>
         <input_file_ref idref="fl-4"/>
      </object_component>
      <object_component id="oc-2c9">
         <name>.debug_info</name>
         <load_address>0x1f8d</load_address>
         <run_address>0x1f8d</run_address>
         <size>0x14b</size>
         <input_file_ref idref="fl-4"/>
      </object_component>
      <object_component id="oc-286">
         <name>.debug_info</name>
         <load_address>0x20d8</load_address>
         <run_address>0x20d8</run_address>
         <size>0x11a</size>
         <input_file_ref idref="fl-4"/>
      </object_component>
      <object_component id="oc-1c4">
         <name>.debug_info</name>
         <load_address>0x21f2</load_address>
         <run_address>0x21f2</run_address>
         <size>0x3c2</size>
         <input_file_ref idref="fl-6"/>
      </object_component>
      <object_component id="oc-196">
         <name>.debug_info</name>
         <load_address>0x25b4</load_address>
         <run_address>0x25b4</run_address>
         <size>0x192</size>
         <input_file_ref idref="fl-6"/>
      </object_component>
      <object_component id="oc-2ff">
         <name>.debug_info</name>
         <load_address>0x2746</load_address>
         <run_address>0x2746</run_address>
         <size>0x2c</size>
         <input_file_ref idref="fl-6"/>
      </object_component>
      <object_component id="oc-15e">
         <name>.debug_info</name>
         <load_address>0x2772</load_address>
         <run_address>0x2772</run_address>
         <size>0x174</size>
         <input_file_ref idref="fl-7"/>
      </object_component>
      <object_component id="oc-263">
         <name>.debug_info</name>
         <load_address>0x28e6</load_address>
         <run_address>0x28e6</run_address>
         <size>0x1da</size>
         <input_file_ref idref="fl-8"/>
      </object_component>
      <object_component id="oc-1fa">
         <name>.debug_info</name>
         <load_address>0x2ac0</load_address>
         <run_address>0x2ac0</run_address>
         <size>0x10d</size>
         <input_file_ref idref="fl-8"/>
      </object_component>
      <object_component id="oc-1f4">
         <name>.debug_info</name>
         <load_address>0x2bcd</load_address>
         <run_address>0x2bcd</run_address>
         <size>0x125</size>
         <input_file_ref idref="fl-8"/>
      </object_component>
      <object_component id="oc-266">
         <name>.debug_info</name>
         <load_address>0x2cf2</load_address>
         <run_address>0x2cf2</run_address>
         <size>0x126</size>
         <input_file_ref idref="fl-8"/>
      </object_component>
      <object_component id="oc-133">
         <name>.debug_info</name>
         <load_address>0x2e18</load_address>
         <run_address>0x2e18</run_address>
         <size>0xf5</size>
         <input_file_ref idref="fl-23"/>
      </object_component>
      <object_component id="oc-6c">
         <name>.debug_info</name>
         <load_address>0x2f0d</load_address>
         <run_address>0x2f0d</run_address>
         <size>0x196</size>
         <input_file_ref idref="fl-24"/>
      </object_component>
      <object_component id="oc-1b3">
         <name>.debug_info</name>
         <load_address>0x30a3</load_address>
         <run_address>0x30a3</run_address>
         <size>0x16b</size>
         <input_file_ref idref="fl-25"/>
      </object_component>
      <object_component id="oc-31">
         <name>.debug_info</name>
         <load_address>0x320e</load_address>
         <run_address>0x320e</run_address>
         <size>0x287</size>
         <input_file_ref idref="fl-25"/>
      </object_component>
      <object_component id="oc-146">
         <name>.debug_info</name>
         <load_address>0x3495</load_address>
         <run_address>0x3495</run_address>
         <size>0x60</size>
         <input_file_ref idref="fl-25"/>
      </object_component>
      <object_component id="oc-1ae">
         <name>.debug_info</name>
         <load_address>0x34f5</load_address>
         <run_address>0x34f5</run_address>
         <size>0x46</size>
         <input_file_ref idref="fl-25"/>
      </object_component>
      <object_component id="oc-15c">
         <name>.debug_info</name>
         <load_address>0x353b</load_address>
         <run_address>0x353b</run_address>
         <size>0x1b2</size>
         <input_file_ref idref="fl-26"/>
      </object_component>
      <object_component id="oc-37">
         <name>.debug_info</name>
         <load_address>0x36ed</load_address>
         <run_address>0x36ed</run_address>
         <size>0x1df</size>
         <input_file_ref idref="fl-26"/>
      </object_component>
      <object_component id="oc-157">
         <name>.debug_info</name>
         <load_address>0x38cc</load_address>
         <run_address>0x38cc</run_address>
         <size>0x46</size>
         <input_file_ref idref="fl-26"/>
      </object_component>
      <object_component id="oc-1bb">
         <name>.debug_info</name>
         <load_address>0x3912</load_address>
         <run_address>0x3912</run_address>
         <size>0x2c</size>
         <input_file_ref idref="fl-26"/>
      </object_component>
      <object_component id="oc-174">
         <name>.debug_info</name>
         <load_address>0x393e</load_address>
         <run_address>0x393e</run_address>
         <size>0x16a</size>
         <input_file_ref idref="fl-27"/>
      </object_component>
      <object_component id="oc-4c">
         <name>.debug_info</name>
         <load_address>0x3aa8</load_address>
         <run_address>0x3aa8</run_address>
         <size>0x1b5</size>
         <input_file_ref idref="fl-27"/>
      </object_component>
      <object_component id="oc-16f">
         <name>.debug_info</name>
         <load_address>0x3c5d</load_address>
         <run_address>0x3c5d</run_address>
         <size>0x46</size>
         <input_file_ref idref="fl-27"/>
      </object_component>
      <object_component id="oc-1b6">
         <name>.debug_info</name>
         <load_address>0x3ca3</load_address>
         <run_address>0x3ca3</run_address>
         <size>0x2c</size>
         <input_file_ref idref="fl-27"/>
      </object_component>
      <object_component id="oc-142">
         <name>.debug_info</name>
         <load_address>0x3ccf</load_address>
         <run_address>0x3ccf</run_address>
         <size>0x126</size>
         <input_file_ref idref="fl-28"/>
      </object_component>
      <object_component id="oc-19e">
         <name>.debug_info</name>
         <load_address>0x3df5</load_address>
         <run_address>0x3df5</run_address>
         <size>0x117</size>
         <input_file_ref idref="fl-29"/>
      </object_component>
      <object_component id="oc-16a">
         <name>.debug_info</name>
         <load_address>0x3f0c</load_address>
         <run_address>0x3f0c</run_address>
         <size>0x107</size>
         <input_file_ref idref="fl-2c"/>
      </object_component>
      <object_component id="oc-137">
         <name>.debug_info</name>
         <load_address>0x4013</load_address>
         <run_address>0x4013</run_address>
         <size>0x118</size>
         <input_file_ref idref="fl-2d"/>
      </object_component>
      <object_component id="oc-13c">
         <name>.debug_info</name>
         <load_address>0x412b</load_address>
         <run_address>0x412b</run_address>
         <size>0x118</size>
         <input_file_ref idref="fl-2e"/>
      </object_component>
      <object_component id="oc-1b5">
         <name>.debug_info</name>
         <load_address>0x4243</load_address>
         <run_address>0x4243</run_address>
         <size>0x16d</size>
         <input_file_ref idref="fl-2f"/>
      </object_component>
      <object_component id="oc-151">
         <name>.debug_info</name>
         <load_address>0x43b0</load_address>
         <run_address>0x43b0</run_address>
         <size>0x191</size>
         <input_file_ref idref="fl-2f"/>
      </object_component>
      <object_component id="oc-234">
         <name>.debug_info</name>
         <load_address>0x4541</load_address>
         <run_address>0x4541</run_address>
         <size>0x117</size>
         <input_file_ref idref="fl-33"/>
      </object_component>
      <object_component id="oc-176">
         <name>.debug_info</name>
         <load_address>0x4658</load_address>
         <run_address>0x4658</run_address>
         <size>0x148</size>
         <input_file_ref idref="fl-37"/>
      </object_component>
      <object_component id="oc-2b5">
         <name>.debug_info</name>
         <load_address>0x47a0</load_address>
         <run_address>0x47a0</run_address>
         <size>0x22d</size>
         <input_file_ref idref="fl-38"/>
      </object_component>
      <object_component id="oc-221">
         <name>.debug_info</name>
         <load_address>0x49cd</load_address>
         <run_address>0x49cd</run_address>
         <size>0x1b7</size>
         <input_file_ref idref="fl-38"/>
      </object_component>
      <object_component id="oc-2a3">
         <name>.debug_info</name>
         <load_address>0x4b84</load_address>
         <run_address>0x4b84</run_address>
         <size>0x18d</size>
         <input_file_ref idref="fl-38"/>
      </object_component>
      <object_component id="oc-2a9">
         <name>.debug_info</name>
         <load_address>0x4d11</load_address>
         <run_address>0x4d11</run_address>
         <size>0x162</size>
         <input_file_ref idref="fl-38"/>
      </object_component>
      <object_component id="oc-30b">
         <name>.debug_info</name>
         <load_address>0x4e73</load_address>
         <run_address>0x4e73</run_address>
         <size>0x2c</size>
         <input_file_ref idref="fl-38"/>
      </object_component>
      <object_component id="oc-2fe">
         <name>.debug_info</name>
         <load_address>0x4e9f</load_address>
         <run_address>0x4e9f</run_address>
         <size>0x346</size>
         <input_file_ref idref="fl-3a"/>
      </object_component>
      <object_component id="oc-331">
         <name>.debug_info</name>
         <load_address>0x51e5</load_address>
         <run_address>0x51e5</run_address>
         <size>0x2bc</size>
         <input_file_ref idref="fl-3a"/>
      </object_component>
      <object_component id="oc-2f8">
         <name>.debug_info</name>
         <load_address>0x54a1</load_address>
         <run_address>0x54a1</run_address>
         <size>0x284</size>
         <input_file_ref idref="fl-3a"/>
      </object_component>
      <object_component id="oc-2af">
         <name>.debug_info</name>
         <load_address>0x5725</load_address>
         <run_address>0x5725</run_address>
         <size>0x2db</size>
         <input_file_ref idref="fl-3a"/>
      </object_component>
      <object_component id="oc-304">
         <name>.debug_info</name>
         <load_address>0x5a00</load_address>
         <run_address>0x5a00</run_address>
         <size>0x86</size>
         <input_file_ref idref="fl-3a"/>
      </object_component>
      <object_component id="oc-34c">
         <name>.debug_info</name>
         <load_address>0x5a86</load_address>
         <run_address>0x5a86</run_address>
         <size>0x39</size>
         <input_file_ref idref="fl-3a"/>
      </object_component>
      <object_component id="oc-1de">
         <name>.debug_info</name>
         <load_address>0x5abf</load_address>
         <run_address>0x5abf</run_address>
         <size>0x3d7</size>
         <input_file_ref idref="fl-3c"/>
      </object_component>
      <object_component id="oc-17c">
         <name>.debug_info</name>
         <load_address>0x5e96</load_address>
         <run_address>0x5e96</run_address>
         <size>0x1ff</size>
         <input_file_ref idref="fl-3c"/>
      </object_component>
      <object_component id="oc-23d">
         <name>.debug_info</name>
         <load_address>0x6095</load_address>
         <run_address>0x6095</run_address>
         <size>0x39</size>
         <input_file_ref idref="fl-3c"/>
      </object_component>
      <object_component id="oc-1d9">
         <name>.debug_info</name>
         <load_address>0x60ce</load_address>
         <run_address>0x60ce</run_address>
         <size>0x2c</size>
         <input_file_ref idref="fl-3c"/>
      </object_component>
      <object_component id="oc-242">
         <name>.debug_info</name>
         <load_address>0x60fa</load_address>
         <run_address>0x60fa</run_address>
         <size>0xcd</size>
         <input_file_ref idref="fl-3c"/>
      </object_component>
      <object_component id="oc-239">
         <name>.debug_info</name>
         <load_address>0x61c7</load_address>
         <run_address>0x61c7</run_address>
         <size>0x252</size>
         <input_file_ref idref="fl-3d"/>
      </object_component>
      <object_component id="oc-1ce">
         <name>.debug_info</name>
         <load_address>0x6419</load_address>
         <run_address>0x6419</run_address>
         <size>0x1b0</size>
         <input_file_ref idref="fl-3d"/>
      </object_component>
      <object_component id="oc-2b9">
         <name>.debug_info</name>
         <load_address>0x65c9</load_address>
         <run_address>0x65c9</run_address>
         <size>0x2c</size>
         <input_file_ref idref="fl-3d"/>
      </object_component>
      <object_component id="oc-348">
         <name>.debug_info</name>
         <load_address>0x65f5</load_address>
         <run_address>0x65f5</run_address>
         <size>0x119</size>
         <input_file_ref idref="fl-3e"/>
      </object_component>
      <object_component id="oc-352">
         <name>.debug_info</name>
         <load_address>0x670e</load_address>
         <run_address>0x670e</run_address>
         <size>0x163</size>
         <input_file_ref idref="fl-40"/>
      </object_component>
      <object_component id="oc-337">
         <name>.debug_info</name>
         <load_address>0x6871</load_address>
         <run_address>0x6871</run_address>
         <size>0x1ab</size>
         <input_file_ref idref="fl-40"/>
      </object_component>
      <object_component id="oc-345">
         <name>.debug_info</name>
         <load_address>0x6a1c</load_address>
         <run_address>0x6a1c</run_address>
         <size>0x162</size>
         <input_file_ref idref="fl-41"/>
      </object_component>
      <object_component id="oc-32a">
         <name>.debug_info</name>
         <load_address>0x6b7e</load_address>
         <run_address>0x6b7e</run_address>
         <size>0x25a</size>
         <input_file_ref idref="fl-41"/>
      </object_component>
      <object_component id="oc-1d3">
         <name>.debug_info</name>
         <load_address>0x6dd8</load_address>
         <run_address>0x6dd8</run_address>
         <size>0x145</size>
         <input_file_ref idref="fl-42"/>
      </object_component>
      <object_component id="oc-328">
         <name>.debug_info</name>
         <load_address>0x6f1d</load_address>
         <run_address>0x6f1d</run_address>
         <size>0x157</size>
         <input_file_ref idref="fl-43"/>
      </object_component>
      <object_component id="oc-2f2">
         <name>.debug_info</name>
         <load_address>0x7074</load_address>
         <run_address>0x7074</run_address>
         <size>0x215</size>
         <input_file_ref idref="fl-43"/>
      </object_component>
      <object_component id="oc-391">
         <name>.debug_info</name>
         <load_address>0x7289</load_address>
         <run_address>0x7289</run_address>
         <size>0xa6</size>
      </object_component>
      <object_component id="oc-354">
         <name>.debug_line</name>
         <load_address>0x0</load_address>
         <run_address>0x0</run_address>
         <size>0x7c</size>
         <input_file_ref idref="fl-2"/>
      </object_component>
      <object_component id="oc-203">
         <name>.debug_line</name>
         <load_address>0x7c</load_address>
         <run_address>0x7c</run_address>
         <size>0x4a</size>
         <input_file_ref idref="fl-2"/>
      </object_component>
      <object_component id="oc-31a">
         <name>.debug_line</name>
         <load_address>0xc6</load_address>
         <run_address>0xc6</run_address>
         <size>0x4b</size>
         <input_file_ref idref="fl-2"/>
      </object_component>
      <object_component id="oc-322">
         <name>.debug_line</name>
         <load_address>0x111</load_address>
         <run_address>0x111</run_address>
         <size>0x4c</size>
         <input_file_ref idref="fl-2"/>
      </object_component>
      <object_component id="oc-2e0">
         <name>.debug_line</name>
         <load_address>0x15d</load_address>
         <run_address>0x15d</run_address>
         <size>0x44</size>
         <input_file_ref idref="fl-2"/>
      </object_component>
      <object_component id="oc-2e7">
         <name>.debug_line</name>
         <load_address>0x1a1</load_address>
         <run_address>0x1a1</run_address>
         <size>0x45</size>
         <input_file_ref idref="fl-2"/>
      </object_component>
      <object_component id="oc-167">
         <name>.debug_line</name>
         <load_address>0x1e6</load_address>
         <run_address>0x1e6</run_address>
         <size>0x55</size>
         <input_file_ref idref="fl-2"/>
      </object_component>
      <object_component id="oc-14e">
         <name>.debug_line</name>
         <load_address>0x23b</load_address>
         <run_address>0x23b</run_address>
         <size>0x20</size>
         <input_file_ref idref="fl-2"/>
      </object_component>
      <object_component id="oc-231">
         <name>.debug_line</name>
         <load_address>0x25b</load_address>
         <run_address>0x25b</run_address>
         <size>0x36</size>
         <input_file_ref idref="fl-2"/>
      </object_component>
      <object_component id="oc-314">
         <name>.debug_line</name>
         <load_address>0x291</load_address>
         <run_address>0x291</run_address>
         <size>0x48</size>
         <input_file_ref idref="fl-3"/>
      </object_component>
      <object_component id="oc-2ee">
         <name>.debug_line</name>
         <load_address>0x2d9</load_address>
         <run_address>0x2d9</run_address>
         <size>0x2d</size>
         <input_file_ref idref="fl-3"/>
      </object_component>
      <object_component id="oc-326">
         <name>.debug_line</name>
         <load_address>0x306</load_address>
         <run_address>0x306</run_address>
         <size>0x2d</size>
         <input_file_ref idref="fl-3"/>
      </object_component>
      <object_component id="oc-29c">
         <name>.debug_line</name>
         <load_address>0x333</load_address>
         <run_address>0x333</run_address>
         <size>0x6e</size>
         <input_file_ref idref="fl-3"/>
      </object_component>
      <object_component id="oc-296">
         <name>.debug_line</name>
         <load_address>0x3a1</load_address>
         <run_address>0x3a1</run_address>
         <size>0x43</size>
         <input_file_ref idref="fl-3"/>
      </object_component>
      <object_component id="oc-21c">
         <name>.debug_line</name>
         <load_address>0x3e4</load_address>
         <run_address>0x3e4</run_address>
         <size>0x4c</size>
         <input_file_ref idref="fl-3"/>
      </object_component>
      <object_component id="oc-2d1">
         <name>.debug_line</name>
         <load_address>0x430</load_address>
         <run_address>0x430</run_address>
         <size>0x7c</size>
         <input_file_ref idref="fl-4"/>
      </object_component>
      <object_component id="oc-312">
         <name>.debug_line</name>
         <load_address>0x4ac</load_address>
         <run_address>0x4ac</run_address>
         <size>0x2c</size>
         <input_file_ref idref="fl-4"/>
      </object_component>
      <object_component id="oc-209">
         <name>.debug_line</name>
         <load_address>0x4d8</load_address>
         <run_address>0x4d8</run_address>
         <size>0x4c</size>
         <input_file_ref idref="fl-4"/>
      </object_component>
      <object_component id="oc-216">
         <name>.debug_line</name>
         <load_address>0x524</load_address>
         <run_address>0x524</run_address>
         <size>0x57</size>
         <input_file_ref idref="fl-4"/>
      </object_component>
      <object_component id="oc-276">
         <name>.debug_line</name>
         <load_address>0x57b</load_address>
         <run_address>0x57b</run_address>
         <size>0x44</size>
         <input_file_ref idref="fl-4"/>
      </object_component>
      <object_component id="oc-283">
         <name>.debug_line</name>
         <load_address>0x5bf</load_address>
         <run_address>0x5bf</run_address>
         <size>0x50</size>
         <input_file_ref idref="fl-4"/>
      </object_component>
      <object_component id="oc-20f">
         <name>.debug_line</name>
         <load_address>0x60f</load_address>
         <run_address>0x60f</run_address>
         <size>0x48</size>
         <input_file_ref idref="fl-4"/>
      </object_component>
      <object_component id="oc-270">
         <name>.debug_line</name>
         <load_address>0x657</load_address>
         <run_address>0x657</run_address>
         <size>0x42</size>
         <input_file_ref idref="fl-4"/>
      </object_component>
      <object_component id="oc-28f">
         <name>.debug_line</name>
         <load_address>0x699</load_address>
         <run_address>0x699</run_address>
         <size>0x42</size>
         <input_file_ref idref="fl-4"/>
      </object_component>
      <object_component id="oc-2cc">
         <name>.debug_line</name>
         <load_address>0x6db</load_address>
         <run_address>0x6db</run_address>
         <size>0x61</size>
         <input_file_ref idref="fl-4"/>
      </object_component>
      <object_component id="oc-289">
         <name>.debug_line</name>
         <load_address>0x73c</load_address>
         <run_address>0x73c</run_address>
         <size>0x48</size>
         <input_file_ref idref="fl-4"/>
      </object_component>
      <object_component id="oc-22d">
         <name>.debug_line</name>
         <load_address>0x784</load_address>
         <run_address>0x784</run_address>
         <size>0x11b</size>
         <input_file_ref idref="fl-6"/>
      </object_component>
      <object_component id="oc-199">
         <name>.debug_line</name>
         <load_address>0x89f</load_address>
         <run_address>0x89f</run_address>
         <size>0x4f</size>
         <input_file_ref idref="fl-6"/>
      </object_component>
      <object_component id="oc-302">
         <name>.debug_line</name>
         <load_address>0x8ee</load_address>
         <run_address>0x8ee</run_address>
         <size>0x68</size>
         <input_file_ref idref="fl-6"/>
      </object_component>
      <object_component id="oc-161">
         <name>.debug_line</name>
         <load_address>0x956</load_address>
         <run_address>0x956</run_address>
         <size>0x67</size>
         <input_file_ref idref="fl-7"/>
      </object_component>
      <object_component id="oc-2c4">
         <name>.debug_line</name>
         <load_address>0x9bd</load_address>
         <run_address>0x9bd</run_address>
         <size>0x65</size>
         <input_file_ref idref="fl-8"/>
      </object_component>
      <object_component id="oc-1fd">
         <name>.debug_line</name>
         <load_address>0xa22</load_address>
         <run_address>0xa22</run_address>
         <size>0x44</size>
         <input_file_ref idref="fl-8"/>
      </object_component>
      <object_component id="oc-1f7">
         <name>.debug_line</name>
         <load_address>0xa66</load_address>
         <run_address>0xa66</run_address>
         <size>0x56</size>
         <input_file_ref idref="fl-8"/>
      </object_component>
      <object_component id="oc-269">
         <name>.debug_line</name>
         <load_address>0xabc</load_address>
         <run_address>0xabc</run_address>
         <size>0x58</size>
         <input_file_ref idref="fl-8"/>
      </object_component>
      <object_component id="oc-1aa">
         <name>.debug_line</name>
         <load_address>0xb14</load_address>
         <run_address>0xb14</run_address>
         <size>0x2a</size>
         <input_file_ref idref="fl-23"/>
      </object_component>
      <object_component id="oc-6e">
         <name>.debug_line</name>
         <load_address>0xb3e</load_address>
         <run_address>0xb3e</run_address>
         <size>0x4c</size>
         <input_file_ref idref="fl-24"/>
      </object_component>
      <object_component id="oc-229">
         <name>.debug_line</name>
         <load_address>0xb8a</load_address>
         <run_address>0xb8a</run_address>
         <size>0x20</size>
         <input_file_ref idref="fl-25"/>
      </object_component>
      <object_component id="oc-34">
         <name>.debug_line</name>
         <load_address>0xbaa</load_address>
         <run_address>0xbaa</run_address>
         <size>0x92</size>
         <input_file_ref idref="fl-25"/>
      </object_component>
      <object_component id="oc-149">
         <name>.debug_line</name>
         <load_address>0xc3c</load_address>
         <run_address>0xc3c</run_address>
         <size>0x3a</size>
         <input_file_ref idref="fl-25"/>
      </object_component>
      <object_component id="oc-1b1">
         <name>.debug_line</name>
         <load_address>0xc76</load_address>
         <run_address>0xc76</run_address>
         <size>0x8a</size>
         <input_file_ref idref="fl-25"/>
      </object_component>
      <object_component id="oc-1c1">
         <name>.debug_line</name>
         <load_address>0xd00</load_address>
         <run_address>0xd00</run_address>
         <size>0x8a</size>
         <input_file_ref idref="fl-26"/>
      </object_component>
      <object_component id="oc-3a">
         <name>.debug_line</name>
         <load_address>0xd8a</load_address>
         <run_address>0xd8a</run_address>
         <size>0x50</size>
         <input_file_ref idref="fl-26"/>
      </object_component>
      <object_component id="oc-15a">
         <name>.debug_line</name>
         <load_address>0xdda</load_address>
         <run_address>0xdda</run_address>
         <size>0x3a</size>
         <input_file_ref idref="fl-26"/>
      </object_component>
      <object_component id="oc-1be">
         <name>.debug_line</name>
         <load_address>0xe14</load_address>
         <run_address>0xe14</run_address>
         <size>0x8a</size>
         <input_file_ref idref="fl-26"/>
      </object_component>
      <object_component id="oc-1ca">
         <name>.debug_line</name>
         <load_address>0xe9e</load_address>
         <run_address>0xe9e</run_address>
         <size>0x20</size>
         <input_file_ref idref="fl-27"/>
      </object_component>
      <object_component id="oc-4f">
         <name>.debug_line</name>
         <load_address>0xebe</load_address>
         <run_address>0xebe</run_address>
         <size>0x4d</size>
         <input_file_ref idref="fl-27"/>
      </object_component>
      <object_component id="oc-172">
         <name>.debug_line</name>
         <load_address>0xf0b</load_address>
         <run_address>0xf0b</run_address>
         <size>0x34</size>
         <input_file_ref idref="fl-27"/>
      </object_component>
      <object_component id="oc-1b9">
         <name>.debug_line</name>
         <load_address>0xf3f</load_address>
         <run_address>0xf3f</run_address>
         <size>0x8a</size>
         <input_file_ref idref="fl-27"/>
      </object_component>
      <object_component id="oc-141">
         <name>.debug_line</name>
         <load_address>0xfc9</load_address>
         <run_address>0xfc9</run_address>
         <size>0x40</size>
         <input_file_ref idref="fl-28"/>
      </object_component>
      <object_component id="oc-1a1">
         <name>.debug_line</name>
         <load_address>0x1009</load_address>
         <run_address>0x1009</run_address>
         <size>0x3d</size>
         <input_file_ref idref="fl-29"/>
      </object_component>
      <object_component id="oc-16d">
         <name>.debug_line</name>
         <load_address>0x1046</load_address>
         <run_address>0x1046</run_address>
         <size>0x3d</size>
         <input_file_ref idref="fl-2c"/>
      </object_component>
      <object_component id="oc-13a">
         <name>.debug_line</name>
         <load_address>0x1083</load_address>
         <run_address>0x1083</run_address>
         <size>0x4e</size>
         <input_file_ref idref="fl-2d"/>
      </object_component>
      <object_component id="oc-13f">
         <name>.debug_line</name>
         <load_address>0x10d1</load_address>
         <run_address>0x10d1</run_address>
         <size>0x5e</size>
         <input_file_ref idref="fl-2e"/>
      </object_component>
      <object_component id="oc-22b">
         <name>.debug_line</name>
         <load_address>0x112f</load_address>
         <run_address>0x112f</run_address>
         <size>0x20</size>
         <input_file_ref idref="fl-2f"/>
      </object_component>
      <object_component id="oc-154">
         <name>.debug_line</name>
         <load_address>0x114f</load_address>
         <run_address>0x114f</run_address>
         <size>0x45</size>
         <input_file_ref idref="fl-2f"/>
      </object_component>
      <object_component id="oc-237">
         <name>.debug_line</name>
         <load_address>0x1194</load_address>
         <run_address>0x1194</run_address>
         <size>0x42</size>
         <input_file_ref idref="fl-33"/>
      </object_component>
      <object_component id="oc-179">
         <name>.debug_line</name>
         <load_address>0x11d6</load_address>
         <run_address>0x11d6</run_address>
         <size>0x3e</size>
         <input_file_ref idref="fl-37"/>
      </object_component>
      <object_component id="oc-30a">
         <name>.debug_line</name>
         <load_address>0x1214</load_address>
         <run_address>0x1214</run_address>
         <size>0x97</size>
         <input_file_ref idref="fl-38"/>
      </object_component>
      <object_component id="oc-224">
         <name>.debug_line</name>
         <load_address>0x12ab</load_address>
         <run_address>0x12ab</run_address>
         <size>0x46</size>
         <input_file_ref idref="fl-38"/>
      </object_component>
      <object_component id="oc-2a6">
         <name>.debug_line</name>
         <load_address>0x12f1</load_address>
         <run_address>0x12f1</run_address>
         <size>0x42</size>
         <input_file_ref idref="fl-38"/>
      </object_component>
      <object_component id="oc-2ac">
         <name>.debug_line</name>
         <load_address>0x1333</load_address>
         <run_address>0x1333</run_address>
         <size>0x3d</size>
         <input_file_ref idref="fl-38"/>
      </object_component>
      <object_component id="oc-30e">
         <name>.debug_line</name>
         <load_address>0x1370</load_address>
         <run_address>0x1370</run_address>
         <size>0x89</size>
         <input_file_ref idref="fl-38"/>
      </object_component>
      <object_component id="oc-33e">
         <name>.debug_line</name>
         <load_address>0x13f9</load_address>
         <run_address>0x13f9</run_address>
         <size>0x98</size>
         <input_file_ref idref="fl-3a"/>
      </object_component>
      <object_component id="oc-334">
         <name>.debug_line</name>
         <load_address>0x1491</load_address>
         <run_address>0x1491</run_address>
         <size>0x11b</size>
         <input_file_ref idref="fl-3a"/>
      </object_component>
      <object_component id="oc-2fb">
         <name>.debug_line</name>
         <load_address>0x15ac</load_address>
         <run_address>0x15ac</run_address>
         <size>0x97</size>
         <input_file_ref idref="fl-3a"/>
      </object_component>
      <object_component id="oc-2b2">
         <name>.debug_line</name>
         <load_address>0x1643</load_address>
         <run_address>0x1643</run_address>
         <size>0xa1</size>
         <input_file_ref idref="fl-3a"/>
      </object_component>
      <object_component id="oc-307">
         <name>.debug_line</name>
         <load_address>0x16e4</load_address>
         <run_address>0x16e4</run_address>
         <size>0x8a</size>
         <input_file_ref idref="fl-3a"/>
      </object_component>
      <object_component id="oc-34f">
         <name>.debug_line</name>
         <load_address>0x176e</load_address>
         <run_address>0x176e</run_address>
         <size>0x2e</size>
         <input_file_ref idref="fl-3a"/>
      </object_component>
      <object_component id="oc-23c">
         <name>.debug_line</name>
         <load_address>0x179c</load_address>
         <run_address>0x179c</run_address>
         <size>0xbb</size>
         <input_file_ref idref="fl-3c"/>
      </object_component>
      <object_component id="oc-17f">
         <name>.debug_line</name>
         <load_address>0x1857</load_address>
         <run_address>0x1857</run_address>
         <size>0xb0</size>
         <input_file_ref idref="fl-3c"/>
      </object_component>
      <object_component id="oc-240">
         <name>.debug_line</name>
         <load_address>0x1907</load_address>
         <run_address>0x1907</run_address>
         <size>0x2e</size>
         <input_file_ref idref="fl-3c"/>
      </object_component>
      <object_component id="oc-1dc">
         <name>.debug_line</name>
         <load_address>0x1935</load_address>
         <run_address>0x1935</run_address>
         <size>0x8a</size>
         <input_file_ref idref="fl-3c"/>
      </object_component>
      <object_component id="oc-245">
         <name>.debug_line</name>
         <load_address>0x19bf</load_address>
         <run_address>0x19bf</run_address>
         <size>0x8b</size>
         <input_file_ref idref="fl-3c"/>
      </object_component>
      <object_component id="oc-2b8">
         <name>.debug_line</name>
         <load_address>0x1a4a</load_address>
         <run_address>0x1a4a</run_address>
         <size>0x98</size>
         <input_file_ref idref="fl-3d"/>
      </object_component>
      <object_component id="oc-1d0">
         <name>.debug_line</name>
         <load_address>0x1ae2</load_address>
         <run_address>0x1ae2</run_address>
         <size>0x5f</size>
         <input_file_ref idref="fl-3d"/>
      </object_component>
      <object_component id="oc-2bc">
         <name>.debug_line</name>
         <load_address>0x1b41</load_address>
         <run_address>0x1b41</run_address>
         <size>0x2e</size>
         <input_file_ref idref="fl-3d"/>
      </object_component>
      <object_component id="oc-347">
         <name>.debug_line</name>
         <load_address>0x1b6f</load_address>
         <run_address>0x1b6f</run_address>
         <size>0x43</size>
         <input_file_ref idref="fl-3e"/>
      </object_component>
      <object_component id="oc-359">
         <name>.debug_line</name>
         <load_address>0x1bb2</load_address>
         <run_address>0x1bb2</run_address>
         <size>0x20</size>
         <input_file_ref idref="fl-40"/>
      </object_component>
      <object_component id="oc-33a">
         <name>.debug_line</name>
         <load_address>0x1bd2</load_address>
         <run_address>0x1bd2</run_address>
         <size>0x48</size>
         <input_file_ref idref="fl-40"/>
      </object_component>
      <object_component id="oc-356">
         <name>.debug_line</name>
         <load_address>0x1c1a</load_address>
         <run_address>0x1c1a</run_address>
         <size>0x20</size>
         <input_file_ref idref="fl-41"/>
      </object_component>
      <object_component id="oc-32d">
         <name>.debug_line</name>
         <load_address>0x1c3a</load_address>
         <run_address>0x1c3a</run_address>
         <size>0xa6</size>
         <input_file_ref idref="fl-41"/>
      </object_component>
      <object_component id="oc-1d7">
         <name>.debug_line</name>
         <load_address>0x1ce0</load_address>
         <run_address>0x1ce0</run_address>
         <size>0x3a</size>
         <input_file_ref idref="fl-42"/>
      </object_component>
      <object_component id="oc-343">
         <name>.debug_line</name>
         <load_address>0x1d1a</load_address>
         <run_address>0x1d1a</run_address>
         <size>0x20</size>
         <input_file_ref idref="fl-43"/>
      </object_component>
      <object_component id="oc-2f5">
         <name>.debug_line</name>
         <load_address>0x1d3a</load_address>
         <run_address>0x1d3a</run_address>
         <size>0xa4</size>
         <input_file_ref idref="fl-43"/>
      </object_component>
      <object_component id="oc-204">
         <name>.debug_frame</name>
         <load_address>0x0</load_address>
         <run_address>0x0</run_address>
         <size>0x3c</size>
         <input_file_ref idref="fl-2"/>
      </object_component>
      <object_component id="oc-31b">
         <name>.debug_frame</name>
         <load_address>0x3c</load_address>
         <run_address>0x3c</run_address>
         <size>0x40</size>
         <input_file_ref idref="fl-2"/>
      </object_component>
      <object_component id="oc-323">
         <name>.debug_frame</name>
         <load_address>0x7c</load_address>
         <run_address>0x7c</run_address>
         <size>0x40</size>
         <input_file_ref idref="fl-2"/>
      </object_component>
      <object_component id="oc-2e1">
         <name>.debug_frame</name>
         <load_address>0xbc</load_address>
         <run_address>0xbc</run_address>
         <size>0x40</size>
         <input_file_ref idref="fl-2"/>
      </object_component>
      <object_component id="oc-2e8">
         <name>.debug_frame</name>
         <load_address>0xfc</load_address>
         <run_address>0xfc</run_address>
         <size>0x40</size>
         <input_file_ref idref="fl-2"/>
      </object_component>
      <object_component id="oc-168">
         <name>.debug_frame</name>
         <load_address>0x13c</load_address>
         <run_address>0x13c</run_address>
         <size>0x4c</size>
         <input_file_ref idref="fl-2"/>
      </object_component>
      <object_component id="oc-29d">
         <name>.debug_frame</name>
         <load_address>0x188</load_address>
         <run_address>0x188</run_address>
         <size>0x40</size>
         <input_file_ref idref="fl-3"/>
      </object_component>
      <object_component id="oc-297">
         <name>.debug_frame</name>
         <load_address>0x1c8</load_address>
         <run_address>0x1c8</run_address>
         <size>0x3c</size>
         <input_file_ref idref="fl-3"/>
      </object_component>
      <object_component id="oc-21d">
         <name>.debug_frame</name>
         <load_address>0x204</load_address>
         <run_address>0x204</run_address>
         <size>0x3c</size>
         <input_file_ref idref="fl-3"/>
      </object_component>
      <object_component id="oc-20a">
         <name>.debug_frame</name>
         <load_address>0x240</load_address>
         <run_address>0x240</run_address>
         <size>0x3c</size>
         <input_file_ref idref="fl-4"/>
      </object_component>
      <object_component id="oc-217">
         <name>.debug_frame</name>
         <load_address>0x27c</load_address>
         <run_address>0x27c</run_address>
         <size>0x40</size>
         <input_file_ref idref="fl-4"/>
      </object_component>
      <object_component id="oc-277">
         <name>.debug_frame</name>
         <load_address>0x2bc</load_address>
         <run_address>0x2bc</run_address>
         <size>0x3c</size>
         <input_file_ref idref="fl-4"/>
      </object_component>
      <object_component id="oc-284">
         <name>.debug_frame</name>
         <load_address>0x2f8</load_address>
         <run_address>0x2f8</run_address>
         <size>0x40</size>
         <input_file_ref idref="fl-4"/>
      </object_component>
      <object_component id="oc-210">
         <name>.debug_frame</name>
         <load_address>0x338</load_address>
         <run_address>0x338</run_address>
         <size>0x40</size>
         <input_file_ref idref="fl-4"/>
      </object_component>
      <object_component id="oc-271">
         <name>.debug_frame</name>
         <load_address>0x378</load_address>
         <run_address>0x378</run_address>
         <size>0x40</size>
         <input_file_ref idref="fl-4"/>
      </object_component>
      <object_component id="oc-290">
         <name>.debug_frame</name>
         <load_address>0x3b8</load_address>
         <run_address>0x3b8</run_address>
         <size>0x40</size>
         <input_file_ref idref="fl-4"/>
      </object_component>
      <object_component id="oc-2cd">
         <name>.debug_frame</name>
         <load_address>0x3f8</load_address>
         <run_address>0x3f8</run_address>
         <size>0x40</size>
         <input_file_ref idref="fl-4"/>
      </object_component>
      <object_component id="oc-28a">
         <name>.debug_frame</name>
         <load_address>0x438</load_address>
         <run_address>0x438</run_address>
         <size>0x40</size>
         <input_file_ref idref="fl-4"/>
      </object_component>
      <object_component id="oc-19a">
         <name>.debug_frame</name>
         <load_address>0x478</load_address>
         <run_address>0x478</run_address>
         <size>0x3c</size>
         <input_file_ref idref="fl-6"/>
      </object_component>
      <object_component id="oc-162">
         <name>.debug_frame</name>
         <load_address>0x4b4</load_address>
         <run_address>0x4b4</run_address>
         <size>0x3c</size>
         <input_file_ref idref="fl-7"/>
      </object_component>
      <object_component id="oc-1fe">
         <name>.debug_frame</name>
         <load_address>0x4f0</load_address>
         <run_address>0x4f0</run_address>
         <size>0x3c</size>
         <input_file_ref idref="fl-8"/>
      </object_component>
      <object_component id="oc-1f8">
         <name>.debug_frame</name>
         <load_address>0x52c</load_address>
         <run_address>0x52c</run_address>
         <size>0x40</size>
         <input_file_ref idref="fl-8"/>
      </object_component>
      <object_component id="oc-26a">
         <name>.debug_frame</name>
         <load_address>0x56c</load_address>
         <run_address>0x56c</run_address>
         <size>0x40</size>
         <input_file_ref idref="fl-8"/>
      </object_component>
      <object_component id="oc-6a">
         <name>.debug_frame</name>
         <load_address>0x5ac</load_address>
         <run_address>0x5ac</run_address>
         <size>0x34</size>
         <input_file_ref idref="fl-24"/>
[...]
         <name>DMA0SA</name>
         <value>0x1e2</value>
      </symbol>
      <symbol id="sm-9e">
         <name>DMA0DA</name>
         <value>0x1e4</value>
      </symbol>
      <symbol id="sm-9f">
         <name>DMA0SZ</name>
         <value>0x1e6</value>
      </symbol>
      <symbol id="sm-a0">
         <name>DMA1SA</name>
         <value>0x1ea</value>
      </symbol>
      <symbol id="sm-a1">
         <name>DMA1DA</name>
         <value>0x1ec</value>
      </symbol>
      <symbol id="sm-a2">
         <name>DMA1SZ</name>
         <value>0x1ee</value>
      </symbol>
      <symbol id="sm-a3">
         <name>DMA2SA</name>
         <value>0x1f2</value>
      </symbol>
      <symbol id="sm-a4">
         <name>DMA2DA</name>
         <value>0x1f4</value>
      </symbol>
      <symbol id="sm-a5">
         <name>DMA2SZ</name>
         <value>0x1f6</value>
      </symbol>
      <symbol id="sm-a6">
         <name>__TI_CINIT_Base</name>
         <value>0x4b78</value>
      </symbol>
      <symbol id="sm-a7">
         <name>__TI_CINIT_Limit</name>
         <value>0x4b80</value>
      </symbol>
      <symbol id="sm-a8">
         <name>__TI_Handler_Table_Base</name>
         <value>0x4b6e</value>
      </symbol>
      <symbol id="sm-a9">
         <name>__TI_Handler_Table_Limit</name>
         <value>0x4b74</value>
      </symbol>
      <symbol id="sm-aa">
         <name>__STACK_SIZE</name>
         <value>0x50</value>
      </symbol>
      <symbol id="sm-ab">
         <name>__STACK_END</name>
         <value>0x3900</value>
      </symbol>
      <symbol id="sm-ac">
         <name>__c_args__</name>
         <value>0xffffffff</value>
      </symbol>
      <symbol id="sm-ad">
         <name>__TI_pprof_out_hndl</name>
         <value>0xffffffff</value>
      </symbol>
      <symbol id="sm-ae">
         <name>__TI_prof_data_start</name>
         <value>0xffffffff</value>
      </symbol>
      <symbol id="sm-af">
         <name>__TI_prof_data_size</name>
         <value>0xffffffff</value>
      </symbol>
      <symbol id="sm-11a">
         <name>Send_I2C</name>
         <value>0x470c</value>
         <object_component_ref idref="oc-316"/>
      </symbol>
      <symbol id="sm-11b">
         <name>__TI_int08</name>
         <value>0xfff0</value>
         <object_component_ref idref="oc-44"/>
      </symbol>
      <symbol id="sm-11c">
         <name>I2C_ReadByte</name>
         <value>0x48c4</value>
         <object_component_ref idref="oc-2e3"/>
      </symbol>
      <symbol id="sm-11d">
         <name>Receive_I2C</name>
         <value>0x4672</value>
         <object_component_ref idref="oc-31e"/>
      </symbol>
      <symbol id="sm-11e">
         <name>I2C_WriteByte</name>
         <value>0x491e</value>
         <object_component_ref idref="oc-2dc"/>
      </symbol>
      <symbol id="sm-11f">
         <name>Init_I2C</name>
         <value>0x4756</value>
         <object_component_ref idref="oc-1ff"/>
      </symbol>
      <symbol id="sm-120">
         <name>I2C_ISR</name>
         <value>0x4504</value>
         <object_component_ref idref="oc-163"/>
      </symbol>
      <symbol id="sm-14d">
         <name>keycol</name>
         <value>0x117d</value>
      </symbol>
      <symbol id="sm-14e">
         <name>keyline</name>
         <value>0x117e</value>
      </symbol>
      <symbol id="sm-14f">
         <name>KEYS_waitkey</name>
         <value>0x4980</value>
         <object_component_ref idref="oc-218"/>
      </symbol>
      <symbol id="sm-150">
         <name>KEYS_clear</name>
         <value>0x4ab0</value>
         <object_component_ref idref="oc-292"/>
      </symbol>
      <symbol id="sm-151">
         <name>KEYS_scannow</name>
         <value>0x42c6</value>
         <object_component_ref idref="oc-298"/>
      </symbol>
      <symbol id="sm-152">
         <name>KEYS_last</name>
         <value>0x114c</value>
         <object_component_ref idref="oc-29e"/>
      </symbol>
      <symbol id="sm-153">
         <name>table_keys</name>
         <value>0x1140</value>
         <object_component_ref idref="oc-2e9"/>
      </symbol>
      <symbol id="sm-1a8">
         <name>LCD_row</name>
         <value>0x117b</value>
      </symbol>
      <symbol id="sm-1a9">
         <name>LCD_col</name>
         <value>0x117a</value>
      </symbol>
      <symbol id="sm-1aa">
         <name>n</name>
         <value>0x117f</value>
      </symbol>
      <symbol id="sm-1ab">
         <name>LCD_WriteCommand</name>
         <value>0x4a70</value>
         <object_component_ref idref="oc-26c"/>
      </symbol>
      <symbol id="sm-1ac">
         <name>LCD_WriteByte</name>
         <value>0x4370</value>
         <object_component_ref idref="oc-2c8"/>
      </symbol>
      <symbol id="sm-1ad">
         <name>LCD_WriteData</name>
         <value>0x4a80</value>
         <object_component_ref idref="oc-28b"/>
      </symbol>
      <symbol id="sm-1ae">
         <name>LCD_set_cursor</name>
         <value>0x4946</value>
         <object_component_ref idref="oc-20b"/>
      </symbol>
      <symbol id="sm-1af">
         <name>LCD_init</name>
         <value>0x479c</value>
         <object_component_ref idref="oc-205"/>
      </symbol>
      <symbol id="sm-1b0">
         <name>LCD_clear</name>
         <value>0x4a90</value>
         <object_component_ref idref="oc-272"/>
      </symbol>
      <symbol id="sm-1b1">
         <name>LCD_recode</name>
         <value>0x4964</value>
         <object_component_ref idref="oc-285"/>
      </symbol>
      <symbol id="sm-1b2">
         <name>LCD_message</name>
         <value>0x4566</value>
         <object_component_ref idref="oc-212"/>
      </symbol>
      <symbol id="sm-1b3">
         <name>LCD_table</name>
         <value>0x1100</value>
         <object_component_ref idref="oc-2d3"/>
      </symbol>
      <symbol id="sm-1b4">
         <name>LCD_set_pos</name>
         <value>0x47e2</value>
         <object_component_ref idref="oc-27f"/>
      </symbol>
      <symbol id="sm-1cb">
         <name>message</name>
         <value>0x114e</value>
      </symbol>
      <symbol id="sm-1cc">
         <name>key</name>
         <value>0x117c</value>
      </symbol>
      <symbol id="sm-1cd">
         <name>BufTptr</name>
         <value>0x1170</value>
      </symbol>
      <symbol id="sm-1ce">
         <name>BufRptr</name>
         <value>0x116e</value>
      </symbol>
      <symbol id="sm-1cf">
         <name>Tx_Data</name>
         <value>0x1174</value>
      </symbol>
      <symbol id="sm-1d0">
         <name>Rx_Data</name>
         <value>0x1172</value>
      </symbol>
      <symbol id="sm-1d1">
         <name>wait_i</name>
         <value>0x1176</value>
      </symbol>
      <symbol id="sm-1d2">
         <name>wait_j</name>
         <value>0x1178</value>
      </symbol>
      <symbol id="sm-1d3">
         <name>main</name>
         <value>0x4620</value>
         <object_component_ref idref="oc-195"/>
      </symbol>
      <symbol id="sm-1e9">
         <name>__TI_int06</name>
         <value>0xffec</value>
         <object_component_ref idref="oc-42"/>
      </symbol>
      <symbol id="sm-1ea">
         <name>__TI_int07</name>
         <value>0xffee</value>
         <object_component_ref idref="oc-43"/>
      </symbol>
      <symbol id="sm-1eb">
         <name>__TI_int04</name>
         <value>0xffe8</value>
         <object_component_ref idref="oc-40"/>
      </symbol>
      <symbol id="sm-1ec">
         <name>__TI_int05</name>
         <value>0xffea</value>
         <object_component_ref idref="oc-41"/>
      </symbol>
      <symbol id="sm-1ed">
         <name>__TI_int02</name>
         <value>0xffe4</value>
         <object_component_ref idref="oc-3e"/>
      </symbol>
      <symbol id="sm-1ee">
         <name>__TI_int03</name>
         <value>0xffe6</value>
         <object_component_ref idref="oc-3f"/>
      </symbol>
      <symbol id="sm-1ef">
         <name>__TI_int00</name>
         <value>0xffe0</value>
         <object_component_ref idref="oc-3c"/>
      </symbol>
      <symbol id="sm-1f0">
         <name>__TI_int01</name>
         <value>0xffe2</value>
         <object_component_ref idref="oc-3d"/>
      </symbol>
      <symbol id="sm-1f1">
         <name>__TI_int14</name>
         <value>0xfffc</value>
         <object_component_ref idref="oc-4a"/>
      </symbol>
      <symbol id="sm-1f2">
         <name>__TI_int12</name>
         <value>0xfff8</value>
         <object_component_ref idref="oc-48"/>
      </symbol>
      <symbol id="sm-1f3">
         <name>__TI_int13</name>
         <value>0xfffa</value>
         <object_component_ref idref="oc-49"/>
      </symbol>
      <symbol id="sm-1f4">
         <name>__TI_int10</name>
         <value>0xfff4</value>
         <object_component_ref idref="oc-46"/>
      </symbol>
      <symbol id="sm-1f5">
         <name>__TI_int11</name>
         <value>0xfff6</value>
         <object_component_ref idref="oc-47"/>
      </symbol>
      <symbol id="sm-1f6">
         <name>ISR_trap</name>
         <value>0x4ae0</value>
         <object_component_ref idref="oc-15d"/>
      </symbol>
      <symbol id="sm-217">
         <name>Init_System</name>
         <value>0x4acc</value>
         <object_component_ref idref="oc-1f9"/>
      </symbol>
      <symbol id="sm-218">
         <name>wait_1ms</name>
         <value>0x485e</value>
         <object_component_ref idref="oc-265"/>
      </symbol>
      <symbol id="sm-219">
         <name>Init_System_Clock</name>
         <value>0x4894</value>
         <object_component_ref idref="oc-1f3"/>
      </symbol>
      <symbol id="sm-221">
         <name>_stack</name>
         <value>0x38b0</value>
         <object_component_ref idref="oc-132"/>
      </symbol>
      <symbol id="sm-222">
         <name>_reset_vector</name>
         <value>0xfffe</value>
         <object_component_ref idref="oc-135"/>
      </symbol>
      <symbol id="sm-22c">
         <name>_c_int00_noargs_noexit</name>
         <value>0x499a</value>
         <object_component_ref idref="oc-69"/>
      </symbol>
      <symbol id="sm-24a">
         <name>__TI_decompress_lzss</name>
         <value>0x4488</value>
         <object_component_ref idref="oc-30"/>
      </symbol>
      <symbol id="sm-260">
         <name>__TI_decompress_none</name>
         <value>0x4a4c</value>
         <object_component_ref idref="oc-36"/>
      </symbol>
      <symbol id="sm-278">
         <name>__TI_zero_init</name>
         <value>0x49fe</value>
         <object_component_ref idref="oc-4b"/>
      </symbol>
      <symbol id="sm-281">
         <name>__mspabi_func_epilog_2</name>
         <value>0x4aaa</value>
         <object_component_ref idref="oc-140"/>
      </symbol>
      <symbol id="sm-282">
         <name>__mspabi_func_epilog_3</name>
         <value>0x4aa8</value>
         <object_component_ref idref="oc-140"/>
      </symbol>
      <symbol id="sm-283">
         <name>__mspabi_func_epilog_1</name>
         <value>0x4aac</value>
         <object_component_ref idref="oc-140"/>
      </symbol>
      <symbol id="sm-284">
         <name>__mspabi_func_epilog_6</name>
         <value>0x4aa2</value>
         <object_component_ref idref="oc-140"/>
      </symbol>
      <symbol id="sm-285">
         <name>__mspabi_func_epilog_7</name>
         <value>0x4aa0</value>
         <object_component_ref idref="oc-140"/>
      </symbol>
      <symbol id="sm-286">
         <name>__mspabi_func_epilog_4</name>
         <value>0x4aa6</value>
         <object_component_ref idref="oc-140"/>
      </symbol>
      <symbol id="sm-287">
         <name>__mspabi_func_epilog_5</name>
         <value>0x4aa4</value>
         <object_component_ref idref="oc-140"/>
      </symbol>
      <symbol id="sm-291">
         <name>C$$EXIT</name>
         <value>0x4ae6</value>
         <object_component_ref idref="oc-19d"/>
      </symbol>
      <symbol id="sm-292">
         <name>abort</name>
         <value>0x4ae6</value>
         <object_component_ref idref="oc-19d"/>
      </symbol>
      <symbol id="sm-296">
         <name>__TI_int09</name>
         <value>0xfff2</value>
         <object_component_ref idref="oc-45"/>
      </symbol>
      <symbol id="sm-29e">
         <name>__TI_ISR_TRAP</name>
         <value>0x4ad8</value>
         <object_component_ref idref="oc-169"/>
      </symbol>
      <symbol id="sm-2a6">
         <name>__mspabi_slli</name>
         <value>0x48f2</value>
         <object_component_ref idref="oc-136"/>
      </symbol>
      <symbol id="sm-2a7">
         <name>__mspabi_slli_9</name>
         <value>0x490a</value>
         <object_component_ref idref="oc-136"/>
      </symbol>
      <symbol id="sm-2a8">
         <name>__mspabi_slli_8</name>
         <value>0x490c</value>
         <object_component_ref idref="oc-136"/>
      </symbol>
      <symbol id="sm-2a9">
         <name>__mspabi_slli_7</name>
         <value>0x490e</value>
         <object_component_ref idref="oc-136"/>
      </symbol>
      <symbol id="sm-2aa">
         <name>__mspabi_slli_6</name>
         <value>0x4910</value>
         <object_component_ref idref="oc-136"/>
      </symbol>
      <symbol id="sm-2ab">
         <name>__mspabi_slli_5</name>
         <value>0x4912</value>
         <object_component_ref idref="oc-136"/>
      </symbol>
      <symbol id="sm-2ac">
         <name>__mspabi_slli_4</name>
         <value>0x4914</value>
         <object_component_ref idref="oc-136"/>
      </symbol>
      <symbol id="sm-2ad">
         <name>__mspabi_slli_3</name>
         <value>0x4916</value>
         <object_component_ref idref="oc-136"/>
      </symbol>
      <symbol id="sm-2ae">
         <name>__mspabi_slli_2</name>
         <value>0x4918</value>
         <object_component_ref idref="oc-136"/>
      </symbol>
      <symbol id="sm-2af">
         <name>__mspabi_slli_1</name>
         <value>0x491a</value>
         <object_component_ref idref="oc-136"/>
      </symbol>
      <symbol id="sm-2b0">
         <name>__mspabi_slli_15</name>
         <value>0x48fe</value>
         <object_component_ref idref="oc-136"/>
      </symbol>
      <symbol id="sm-2b1">
         <name>__mspabi_slli_14</name>
         <value>0x4900</value>
         <object_component_ref idref="oc-136"/>
      </symbol>
      <symbol id="sm-2b2">
         <name>__mspabi_slli_13</name>
         <value>0x4902</value>
         <object_component_ref idref="oc-136"/>
      </symbol>
      <symbol id="sm-2b3">
         <name>__mspabi_slli_12</name>
         <value>0x4904</value>
         <object_component_ref idref="oc-136"/>
      </symbol>
      <symbol id="sm-2b4">
         <name>__mspabi_slli_11</name>
         <value>0x4906</value>
         <object_component_ref idref="oc-136"/>
      </symbol>
      <symbol id="sm-2b5">
         <name>__mspabi_slli_10</name>
         <value>0x4908</value>
         <object_component_ref idref="oc-136"/>
      </symbol>
      <symbol id="sm-2bd">
         <name>__mspabi_srli_8</name>
         <value>0x46ea</value>
         <object_component_ref idref="oc-13b"/>
      </symbol>
      <symbol id="sm-2be">
         <name>__mspabi_srli_9</name>
         <value>0x46e6</value>
         <object_component_ref idref="oc-13b"/>
      </symbol>
      <symbol id="sm-2bf">
         <name>__mspabi_srli_6</name>
         <value>0x46f2</value>
         <object_component_ref idref="oc-13b"/>
      </symbol>
      <symbol id="sm-2c0">
         <name>__mspabi_srli_7</name>
         <value>0x46ee</value>
         <object_component_ref idref="oc-13b"/>
      </symbol>
      <symbol id="sm-2c1">
         <name>__mspabi_srli_4</name>
         <value>0x46fa</value>
         <object_component_ref idref="oc-13b"/>
      </symbol>
      <symbol id="sm-2c2">
         <name>__mspabi_srli_5</name>
         <value>0x46f6</value>
         <object_component_ref idref="oc-13b"/>
      </symbol>
      <symbol id="sm-2c3">
         <name>__mspabi_srli_2</name>
         <value>0x4702</value>
         <object_component_ref idref="oc-13b"/>
      </symbol>
      <symbol id="sm-2c4">
         <name>__mspabi_srli_3</name>
         <value>0x46fe</value>
         <object_component_ref idref="oc-13b"/>
      </symbol>
      <symbol id="sm-2c5">
         <name>__mspabi_srli_1</name>
         <value>0x4706</value>
         <object_component_ref idref="oc-13b"/>
      </symbol>
      <symbol id="sm-2c6">
         <name>__mspabi_srli</name>
         <value>0x46c0</value>
         <object_component_ref idref="oc-13b"/>
      </symbol>
      <symbol id="sm-2c7">
         <name>__mspabi_srli_15</name>
         <value>0x46ce</value>
         <object_component_ref idref="oc-13b"/>
      </symbol>
      <symbol id="sm-2c8">
         <name>__mspabi_srli_14</name>
         <value>0x46d2</value>
         <object_component_ref idref="oc-13b"/>
      </symbol>
      <symbol id="sm-2c9">
         <name>__mspabi_srli_13</name>
         <value>0x46d6</value>
         <object_component_ref idref="oc-13b"/>
      </symbol>
      <symbol id="sm-2ca">
         <name>__mspabi_srli_12</name>
         <value>0x46da</value>
         <object_component_ref idref="oc-13b"/>
      </symbol>
      <symbol id="sm-2cb">
         <name>__mspabi_srli_11</name>
         <value>0x46de</value>
         <object_component_ref idref="oc-13b"/>
      </symbol>
      <symbol id="sm-2cc">
         <name>__mspabi_srli_10</name>
         <value>0x46e2</value>
         <object_component_ref idref="oc-13b"/>
      </symbol>
      <symbol id="sm-2da">
         <name>memcpy</name>
         <value>0x4a5e</value>
         <object_component_ref idref="oc-150"/>
      </symbol>
      <symbol id="sm-2e5">
         <name>__mspabi_mpyi_hw</name>
         <value>0x4a26</value>
         <object_component_ref idref="oc-233"/>
      </symbol>
      <symbol id="sm-2f1">
         <name>_system_pre_init</name>
         <value>0x4aec</value>
         <object_component_ref idref="oc-175"/>
      </symbol>
      <symbol id="sm-312">
         <name>sprintf</name>
         <value>0x4826</value>
         <object_component_ref idref="oc-220"/>
      </symbol>
      <symbol id="sm-35a">
         <name>__TI_printfi_minimal</name>
         <value>0x4116</value>
         <object_component_ref idref="oc-2ae"/>
      </symbol>
      <symbol id="sm-37c">
         <name>_auto_init_hold_wdt</name>
         <value>0x4404</value>
         <object_component_ref idref="oc-17b"/>
      </symbol>
      <symbol id="sm-392">
         <name>copy_in</name>
         <value>0x45c6</value>
         <object_component_ref idref="oc-1cc"/>
      </symbol>
      <symbol id="sm-39c">
         <name>__mspabi_remu</name>
         <value>0x49e8</value>
         <object_component_ref idref="oc-346"/>
      </symbol>
      <symbol id="sm-39d">
         <name>__mspabi_divu</name>
         <value>0x49e8</value>
         <object_component_ref idref="oc-346"/>
      </symbol>
      <symbol id="sm-3ad">
         <name>memccpy</name>
         <value>0x49ce</value>
         <object_component_ref idref="oc-336"/>
      </symbol>
      <symbol id="sm-3bb">
         <name>memset</name>
         <value>0x4a12</value>
         <object_component_ref idref="oc-329"/>
      </symbol>
      <symbol id="sm-3c4">
         <name>_system_post_cinit</name>
         <value>0x4af0</value>
         <object_component_ref idref="oc-1d2"/>
      </symbol>
      <symbol id="sm-3d1">
         <name>strlen</name>
         <value>0x4abe</value>
         <object_component_ref idref="oc-2f1"/>
      </symbol>
      <symbol id="sm-3d4">
         <name>__TI_BINIT_Base</name>
         <value>0x0</value>
      </symbol>
      <symbol id="sm-3d5">
         <name>__TI_BINIT_Limit</name>
         <value>0x0</value>
      </symbol>
      <symbol id="sm-3d6">
         <name>__TI_INITARRAY_Base</name>
         <value>0x0</value>
      </symbol>
      <symbol id="sm-3d7">
         <name>__TI_INITARRAY_Limit</name>
         <value>0x0</value>
      </symbol>
   </symbol_table>
   <title>Link successful</title>
</link_info>
