MCS-51 MACRO ASSEMBLER    22                                                                        04/03/;2   PAGE    1


DOS 5.0 (038-N) MCS-51 MACRO ASSEMBLER, V2.3
OBJECT MODULE PLACED IN D:\MCS8052\22.OBJ
ASSEMBLER INVOKED BY:  D:\MCS8052\ASM51.EXE D:\MCS8052\22.ASM
                       

LOC  OBJ            LINE     SOURCE

0000                   1             ORG 0
0000 7908              2             MOV R1,#8
0002 7818              3             mov r0,#24
0004 900064            4             mov dptr,#100
0007 7400              5     mo:     mov a,#0
0009 93                6             movc a,@a+dptr
000A F6                7             mov @r0,a
000B 08                8             inc r0
000C A3                9             inc dptr
000D D9F8             10             djnz r1,mo
000F 80FE             11             jmp$
                      12             end
MCS-51 MACRO ASSEMBLER    22                                                                        04/03/;2   PAGE    2


SYMBOL TABLE LISTING
------ ----- -------


N A M E     T Y P E   V A L U E       A T T R I B U T E S

MO . . . .  C ADDR    0007H   A       


REGISTER BANK(S) USED: 0

ASSEMBLY COMPLETE, NO ERRORS FOUND
